
 Start         Length     Name                   Class
 0001:00401000 0000D9444H _TEXT                  CODE
 0002:004DB000 0000ABDE0H _DATA                  DATA
 0003:00586DE0 00000C2DCH _BSS                   BSS
 0004:00000000 00000009CH _TLS                   TLS


Detailed map of segments
 0001:00000000 0000014F C=CODE    S=_TEXT    G=(none)   M=C:\BORLAND\BCC55\LIB\C0W32.OBJ ACBP=A9
 0001:00000150 000000AB C=CODE    S=_TEXT    G=(none)   M=C:\HELIO\SISMASTER\HTIPLUG.OBJ ACBP=A9
 0001:000001FC 000000A2 C=CODE    S=_TEXT    G=(none)   M=C:\HELIO\SISMASTER\ERRORSYS.OBJ ACBP=A9
 0001:000002A0 000002E1 C=CODE    S=_TEXT    G=(none)   M=C:\HELIO\SISMASTER\HTIPLUB.OBJ ACBP=A9
 0001:00000584 00000010 C=CODE    S=_TEXT    G=(none)   M=C:\XHARBOUR997\LIB\LANG.LIB|msgen ACBP=A9
 0001:00000594 00000010 C=CODE    S=_TEXT    G=(none)   M=C:\XHARBOUR997\LIB\LANG.LIB|msges ACBP=A9
 0001:000005A4 00001613 C=CODE    S=_TEXT    G=(none)   M=C:\XHARBOUR997\LIB\VM.LIB|arrays ACBP=A9
 0001:00001BB8 0000352B C=CODE    S=_TEXT    G=(none)   M=C:\XHARBOUR997\LIB\VM.LIB|arrayshb ACBP=A9
 0001:000050E4 00000469 C=CODE    S=_TEXT    G=(none)   M=C:\XHARBOUR997\LIB\VM.LIB|asort ACBP=A9
 0001:00005550 00000014 C=CODE    S=_TEXT    G=(none)   M=C:\XHARBOUR997\LIB\VM.LIB|break ACBP=A9
 0001:00005564 00005508 C=CODE    S=_TEXT    G=(none)   M=C:\XHARBOUR997\LIB\VM.LIB|classes ACBP=A9
 0001:0000AA6C 000005B0 C=CODE    S=_TEXT    G=(none)   M=C:\XHARBOUR997\LIB\VM.LIB|cmdarg ACBP=A9
 0001:0000B01C 0000032D C=CODE    S=_TEXT    G=(none)   M=C:\XHARBOUR997\LIB\VM.LIB|codebloc ACBP=A9
 0001:0000B34C 000006D3 C=CODE    S=_TEXT    G=(none)   M=C:\XHARBOUR997\LIB\VM.LIB|dynsym ACBP=A9
 0001:0000BA20 000016A7 C=CODE    S=_TEXT    G=(none)   M=C:\XHARBOUR997\LIB\VM.LIB|errorapi ACBP=A9
 0001:0000D0C8 00000850 C=CODE    S=_TEXT    G=(none)   M=C:\XHARBOUR997\LIB\VM.LIB|estack ACBP=A9
 0001:0000D918 00000B03 C=CODE    S=_TEXT    G=(none)   M=C:\XHARBOUR997\LIB\VM.LIB|eval ACBP=A9
 0001:0000E41C 000000D2 C=CODE    S=_TEXT    G=(none)   M=C:\XHARBOUR997\LIB\VM.LIB|evalhb ACBP=A9
 0001:0000E4F0 00001BC0 C=CODE    S=_TEXT    G=(none)   M=C:\XHARBOUR997\LIB\VM.LIB|extend ACBP=A9
 0001:000100B0 000003B5 C=CODE    S=_TEXT    G=(none)   M=C:\XHARBOUR997\LIB\VM.LIB|fm ACBP=A9
 0001:00010468 00000707 C=CODE    S=_TEXT    G=(none)   M=C:\XHARBOUR997\LIB\VM.LIB|garbage ACBP=A9
 0001:00010B70 0000341B C=CODE    S=_TEXT    G=(none)   M=C:\XHARBOUR997\LIB\VM.LIB|hash ACBP=A9
 0001:00013F8C 000011DA C=CODE    S=_TEXT    G=(none)   M=C:\XHARBOUR997\LIB\VM.LIB|hbi18n ACBP=A9
 0001:00015168 000123B6 C=CODE    S=_TEXT    G=(none)   M=C:\XHARBOUR997\LIB\VM.LIB|hvm ACBP=A9
 0001:00027520 00000006 C=CODE    S=_TEXT    G=(none)   M=C:\XHARBOUR997\LIB\VM.LIB|initexit ACBP=A9
 0001:00027528 00000017 C=CODE    S=_TEXT    G=(none)   M=C:\XHARBOUR997\LIB\VM.LIB|initsymb ACBP=A9
 0001:00027540 00001A70 C=CODE    S=_TEXT    G=(none)   M=C:\XHARBOUR997\LIB\VM.LIB|itemapi ACBP=A9
 0001:00028FB0 00000B3F C=CODE    S=_TEXT    G=(none)   M=C:\XHARBOUR997\LIB\VM.LIB|fastitem ACBP=A9
 0001:00029AF0 00001C7F C=CODE    S=_TEXT    G=(none)   M=C:\XHARBOUR997\LIB\VM.LIB|macro ACBP=A9
 0001:0002B770 0000011D C=CODE    S=_TEXT    G=(none)   M=C:\XHARBOUR997\LIB\VM.LIB|mainwin ACBP=A9
 0001:0002B890 00001DE8 C=CODE    S=_TEXT    G=(none)   M=C:\XHARBOUR997\LIB\VM.LIB|memvars ACBP=A9
 0001:0002D678 00000039 C=CODE    S=_TEXT    G=(none)   M=C:\XHARBOUR997\LIB\VM.LIB|pcount ACBP=A9
 0001:0002D6B4 00000541 C=CODE    S=_TEXT    G=(none)   M=C:\XHARBOUR997\LIB\VM.LIB|proc ACBP=A9
 0001:0002DBF8 000000E4 C=CODE    S=_TEXT    G=(none)   M=C:\XHARBOUR997\LIB\VM.LIB|thread ACBP=A9
 0001:0002DCDC 00000072 C=CODE    S=_TEXT    G=(none)   M=C:\XHARBOUR997\LIB\VM.LIB|throw ACBP=A9
 0001:0002DD50 000000DA C=CODE    S=_TEXT    G=(none)   M=C:\XHARBOUR997\LIB\VM.LIB|harbinit ACBP=A9
 0001:0002DE2C 00000178 C=CODE    S=_TEXT    G=(none)   M=C:\XHARBOUR997\LIB\RTL.LIB|abs ACBP=A9
 0001:0002DFA4 000002AF C=CODE    S=_TEXT    G=(none)   M=C:\XHARBOUR997\LIB\RTL.LIB|at ACBP=A9
 0001:0002E254 00000558 C=CODE    S=_TEXT    G=(none)   M=C:\XHARBOUR997\LIB\RTL.LIB|bkgtsks ACBP=A9
 0001:0002E7AC 00000130 C=CODE    S=_TEXT    G=(none)   M=C:\XHARBOUR997\LIB\RTL.LIB|binnumx ACBP=A9
 0001:0002E8DC 0000017D C=CODE    S=_TEXT    G=(none)   M=C:\XHARBOUR997\LIB\RTL.LIB|box ACBP=A9
 0001:0002EA5C 00000F20 C=CODE    S=_TEXT    G=(none)   M=C:\XHARBOUR997\LIB\RTL.LIB|cdpapi ACBP=A9
 0001:0002F97C 000000A2 C=CODE    S=_TEXT    G=(none)   M=C:\XHARBOUR997\LIB\RTL.LIB|chrasc ACBP=A9
 0001:0002FA20 000000B6 C=CODE    S=_TEXT    G=(none)   M=C:\XHARBOUR997\LIB\RTL.LIB|colorind ACBP=A9
 0001:0002FAD8 00000975 C=CODE    S=_TEXT    G=(none)   M=C:\XHARBOUR997\LIB\RTL.LIB|console ACBP=A9
 0001:00030450 00000143 C=CODE    S=_TEXT    G=(none)   M=C:\XHARBOUR997\LIB\RTL.LIB|datec ACBP=A9
 0001:00030594 000007F7 C=CODE    S=_TEXT    G=(none)   M=C:\XHARBOUR997\LIB\RTL.LIB|dates ACBP=A9
 0001:00030D8C 000005DD C=CODE    S=_TEXT    G=(none)   M=C:\XHARBOUR997\LIB\RTL.LIB|dateshb ACBP=A9
 0001:0003136C 000001F0 C=CODE    S=_TEXT    G=(none)   M=C:\XHARBOUR997\LIB\RTL.LIB|dirdrive ACBP=A9
 0001:0003155C 000007D8 C=CODE    S=_TEXT    G=(none)   M=C:\XHARBOUR997\LIB\RTL.LIB|direct ACBP=A9
 0001:00031D34 000001C8 C=CODE    S=_TEXT    G=(none)   M=C:\XHARBOUR997\LIB\RTL.LIB|diskspac ACBP=A9
 0001:00031EFC 00000188 C=CODE    S=_TEXT    G=(none)   M=C:\XHARBOUR997\LIB\RTL.LIB|empty ACBP=A9
 0001:00032084 00000138 C=CODE    S=_TEXT    G=(none)   M=C:\XHARBOUR997\LIB\RTL.LIB|file ACBP=A9
 0001:000321BC 00000072 C=CODE    S=_TEXT    G=(none)   M=C:\XHARBOUR997\LIB\RTL.LIB|filehb ACBP=A9
 0001:00032230 0000151F C=CODE    S=_TEXT    G=(none)   M=C:\XHARBOUR997\LIB\RTL.LIB|filesys ACBP=A9
 0001:00033750 000000B8 C=CODE    S=_TEXT    G=(none)   M=C:\XHARBOUR997\LIB\RTL.LIB|fserror ACBP=A9
 0001:00033808 000000D9 C=CODE    S=_TEXT    G=(none)   M=C:\XHARBOUR997\LIB\RTL.LIB|fnsplit ACBP=A9
 0001:000338E4 00000912 C=CODE    S=_TEXT    G=(none)   M=C:\XHARBOUR997\LIB\RTL.LIB|fparse ACBP=A9
 0001:000341F8 000000AF C=CODE    S=_TEXT    G=(none)   M=C:\XHARBOUR997\LIB\RTL.LIB|fssize ACBP=A9
 0001:000342A8 0000012B C=CODE    S=_TEXT    G=(none)   M=C:\XHARBOUR997\LIB\RTL.LIB|fstemp ACBP=A9
 0001:000343D4 000000A2 C=CODE    S=_TEXT    G=(none)   M=C:\XHARBOUR997\LIB\RTL.LIB|gete ACBP=A9
 0001:00034478 00000037 C=CODE    S=_TEXT    G=(none)   M=C:\XHARBOUR997\LIB\RTL.LIB|gt ACBP=A9
 0001:000344B0 00003F63 C=CODE    S=_TEXT    G=(none)   M=C:\XHARBOUR997\LIB\RTL.LIB|gtapi ACBP=A9
 0001:00038414 00000526 C=CODE    S=_TEXT    G=(none)   M=C:\XHARBOUR997\LIB\RTL.LIB|gx ACBP=A9
 0001:0003893C 000003E8 C=CODE    S=_TEXT    G=(none)   M=C:\XHARBOUR997\LIB\RTL.LIB|hbbitf ACBP=A9
 0001:00038D24 00000835 C=CODE    S=_TEXT    G=(none)   M=C:\XHARBOUR997\LIB\RTL.LIB|hbffind ACBP=A9
 0001:0003955C 0000044B C=CODE    S=_TEXT    G=(none)   M=C:\XHARBOUR997\LIB\RTL.LIB|hbhex2n ACBP=A9
 0001:000399A8 000002A8 C=CODE    S=_TEXT    G=(none)   M=C:\XHARBOUR997\LIB\RTL.LIB|hbrandom ACBP=A9
 0001:00039C50 000006DE C=CODE    S=_TEXT    G=(none)   M=C:\XHARBOUR997\LIB\RTL.LIB|hbsrlraw ACBP=A9
 0001:0003A330 000003F7 C=CODE    S=_TEXT    G=(none)   M=C:\XHARBOUR997\LIB\RTL.LIB|idle ACBP=A9
 0001:0003A728 000007E5 C=CODE    S=_TEXT    G=(none)   M=C:\XHARBOUR997\LIB\RTL.LIB|inkey ACBP=A9
 0001:0003AF10 0000030F C=CODE    S=_TEXT    G=(none)   M=C:\XHARBOUR997\LIB\RTL.LIB|is ACBP=A9
 0001:0003B220 00000273 C=CODE    S=_TEXT    G=(none)   M=C:\XHARBOUR997\LIB\RTL.LIB|langapi ACBP=A9
 0001:0003B494 000000B3 C=CODE    S=_TEXT    G=(none)   M=C:\XHARBOUR997\LIB\RTL.LIB|left ACBP=A9
 0001:0003B548 0000006A C=CODE    S=_TEXT    G=(none)   M=C:\XHARBOUR997\LIB\RTL.LIB|len ACBP=A9
 0001:0003B5B4 00000951 C=CODE    S=_TEXT    G=(none)   M=C:\XHARBOUR997\LIB\RTL.LIB|math ACBP=A9
 0001:0003BF08 000000C5 C=CODE    S=_TEXT    G=(none)   M=C:\XHARBOUR997\LIB\RTL.LIB|maxrow ACBP=A9
 0001:0003BFD0 00000157 C=CODE    S=_TEXT    G=(none)   M=C:\XHARBOUR997\LIB\RTL.LIB|memofile ACBP=A9
 0001:0003C128 000004D7 C=CODE    S=_TEXT    G=(none)   M=C:\XHARBOUR997\LIB\RTL.LIB|minmax ACBP=A9
 0001:0003C600 000003C5 C=CODE    S=_TEXT    G=(none)   M=C:\XHARBOUR997\LIB\RTL.LIB|mouseapi ACBP=A9
 0001:0003C9C8 0000012C C=CODE    S=_TEXT    G=(none)   M=C:\XHARBOUR997\LIB\RTL.LIB|natmsg ACBP=A9
 0001:0003CAF4 00000049 C=CODE    S=_TEXT    G=(none)   M=C:\XHARBOUR997\LIB\RTL.LIB|net ACBP=A9
 0001:0003CB40 000000AE C=CODE    S=_TEXT    G=(none)   M=C:\XHARBOUR997\LIB\RTL.LIB|oemansi ACBP=A9
 0001:0003CBF0 00000122 C=CODE    S=_TEXT    G=(none)   M=C:\XHARBOUR997\LIB\RTL.LIB|padc ACBP=A9
 0001:0003CD14 000000F0 C=CODE    S=_TEXT    G=(none)   M=C:\XHARBOUR997\LIB\RTL.LIB|padl ACBP=A9
 0001:0003CE04 000000EB C=CODE    S=_TEXT    G=(none)   M=C:\XHARBOUR997\LIB\RTL.LIB|padr ACBP=A9
 0001:0003CEF0 00000A48 C=CODE    S=_TEXT    G=(none)   M=C:\XHARBOUR997\LIB\RTL.LIB|philes ACBP=A9
 0001:0003D938 0000009F C=CODE    S=_TEXT    G=(none)   M=C:\XHARBOUR997\LIB\RTL.LIB|philesx ACBP=A9
 0001:0003D9D8 00000098 C=CODE    S=_TEXT    G=(none)   M=C:\XHARBOUR997\LIB\RTL.LIB|rat ACBP=A9
 0001:0003DA70 00001188 C=CODE    S=_TEXT    G=(none)   M=C:\XHARBOUR997\LIB\RTL.LIB|regex ACBP=A9
 0001:0003EBF8 00000134 C=CODE    S=_TEXT    G=(none)   M=C:\XHARBOUR997\LIB\RTL.LIB|replic ACBP=A9
 0001:0003ED2C 00000125 C=CODE    S=_TEXT    G=(none)   M=C:\XHARBOUR997\LIB\RTL.LIB|round ACBP=A9
 0001:0003EE54 000001B0 C=CODE    S=_TEXT    G=(none)   M=C:\XHARBOUR997\LIB\RTL.LIB|saverest ACBP=A9
 0001:0003F004 00000103 C=CODE    S=_TEXT    G=(none)   M=C:\XHARBOUR997\LIB\RTL.LIB|scroll ACBP=A9
 0001:0003F108 000001DC C=CODE    S=_TEXT    G=(none)   M=C:\XHARBOUR997\LIB\RTL.LIB|seconds ACBP=A9
 0001:0003F2E4 00002716 C=CODE    S=_TEXT    G=(none)   M=C:\XHARBOUR997\LIB\RTL.LIB|set ACBP=A9
 0001:000419FC 000000E6 C=CODE    S=_TEXT    G=(none)   M=C:\XHARBOUR997\LIB\RTL.LIB|setcolor ACBP=A9
 0001:00041AE4 0000005C C=CODE    S=_TEXT    G=(none)   M=C:\XHARBOUR997\LIB\RTL.LIB|setcurs ACBP=A9
 0001:00041B40 00000579 C=CODE    S=_TEXT    G=(none)   M=C:\XHARBOUR997\LIB\RTL.LIB|setkey ACBP=A9
 0001:000420BC 0000007D C=CODE    S=_TEXT    G=(none)   M=C:\XHARBOUR997\LIB\RTL.LIB|setpos ACBP=A9
 0001:0004213C 0000002C C=CODE    S=_TEXT    G=(none)   M=C:\XHARBOUR997\LIB\RTL.LIB|setposbs ACBP=A9
 0001:00042168 00000079 C=CODE    S=_TEXT    G=(none)   M=C:\XHARBOUR997\LIB\RTL.LIB|space ACBP=A9
 0001:000421E4 00000224 C=CODE    S=_TEXT    G=(none)   M=C:\XHARBOUR997\LIB\RTL.LIB|spfiles ACBP=A9
 0001:00042408 00000191 C=CODE    S=_TEXT    G=(none)   M=C:\XHARBOUR997\LIB\RTL.LIB|str ACBP=A9
 0001:0004259C 0000029E C=CODE    S=_TEXT    G=(none)   M=C:\XHARBOUR997\LIB\RTL.LIB|strcase ACBP=A9
 0001:0004283C 0000012B C=CODE    S=_TEXT    G=(none)   M=C:\XHARBOUR997\LIB\RTL.LIB|strdel ACBP=A9
 0001:00042968 00000035 C=CODE    S=_TEXT    G=(none)   M=C:\XHARBOUR997\LIB\RTL.LIB|strings ACBP=A9
 0001:000429A0 00000424 C=CODE    S=_TEXT    G=(none)   M=C:\XHARBOUR997\LIB\RTL.LIB|strmatch ACBP=A9
 0001:00042DC4 000002DB C=CODE    S=_TEXT    G=(none)   M=C:\XHARBOUR997\LIB\RTL.LIB|strtran ACBP=A9
 0001:000430A0 00000124 C=CODE    S=_TEXT    G=(none)   M=C:\XHARBOUR997\LIB\RTL.LIB|strzero ACBP=A9
 0001:000431C4 00000168 C=CODE    S=_TEXT    G=(none)   M=C:\XHARBOUR997\LIB\RTL.LIB|stuff ACBP=A9
 0001:0004332C 00000124 C=CODE    S=_TEXT    G=(none)   M=C:\XHARBOUR997\LIB\RTL.LIB|substr ACBP=A9
 0001:00043450 00000B6D C=CODE    S=_TEXT    G=(none)   M=C:\XHARBOUR997\LIB\RTL.LIB|tprinter ACBP=A9
 0001:00043FC0 00000130 C=CODE    S=_TEXT    G=(none)   M=C:\XHARBOUR997\LIB\RTL.LIB|trace ACBP=A9
 0001:000440F0 000018E4 C=CODE    S=_TEXT    G=(none)   M=C:\XHARBOUR997\LIB\RTL.LIB|transfrm ACBP=A9
 0001:000459D4 0000021C C=CODE    S=_TEXT    G=(none)   M=C:\XHARBOUR997\LIB\RTL.LIB|trim ACBP=A9
 0001:00045BF0 00000F92 C=CODE    S=_TEXT    G=(none)   M=C:\XHARBOUR997\LIB\RTL.LIB|txtline ACBP=A9
 0001:00046B84 00000066 C=CODE    S=_TEXT    G=(none)   M=C:\XHARBOUR997\LIB\RTL.LIB|type ACBP=A9
 0001:00046BEC 00000091 C=CODE    S=_TEXT    G=(none)   M=C:\XHARBOUR997\LIB\RTL.LIB|val ACBP=A9
 0001:00046C80 00000049 C=CODE    S=_TEXT    G=(none)   M=C:\XHARBOUR997\LIB\RTL.LIB|valtostr ACBP=A9
 0001:00046CCC 00000270 C=CODE    S=_TEXT    G=(none)   M=C:\XHARBOUR997\LIB\RTL.LIB|valtype ACBP=A9
 0001:00046F3C 0000035C C=CODE    S=_TEXT    G=(none)   M=C:\XHARBOUR997\LIB\RTL.LIB|version ACBP=A9
 0001:00047298 00000042 C=CODE    S=_TEXT    G=(none)   M=C:\XHARBOUR997\LIB\RTL.LIB|word ACBP=A9
 0001:000472DC 00000057 C=CODE    S=_TEXT    G=(none)   M=C:\XHARBOUR997\LIB\RTL.LIB|xhelp ACBP=A9
 0001:00047334 000000DE C=CODE    S=_TEXT    G=(none)   M=C:\XHARBOUR997\LIB\RTL.LIB|xsavescr ACBP=A9
 0001:00047414 0000007A C=CODE    S=_TEXT    G=(none)   M=C:\XHARBOUR997\LIB\RTL.LIB|alert ACBP=A9
 0001:00047490 0000016A C=CODE    S=_TEXT    G=(none)   M=C:\XHARBOUR997\LIB\RTL.LIB|color53 ACBP=A9
 0001:000475FC 000000AA C=CODE    S=_TEXT    G=(none)   M=C:\XHARBOUR997\LIB\RTL.LIB|cstr ACBP=A9
 0001:000476A8 0000007A C=CODE    S=_TEXT    G=(none)   M=C:\XHARBOUR997\LIB\RTL.LIB|getlist ACBP=A9
 0001:00047724 00000242 C=CODE    S=_TEXT    G=(none)   M=C:\XHARBOUR997\LIB\RTL.LIB|getsys ACBP=A9
 0001:00047968 00000062 C=CODE    S=_TEXT    G=(none)   M=C:\XHARBOUR997\LIB\RTL.LIB|hbserial ACBP=A9
 0001:000479CC 00000396 C=CODE    S=_TEXT    G=(none)   M=C:\XHARBOUR997\LIB\RTL.LIB|listbox ACBP=A9
 0001:00047D64 00000032 C=CODE    S=_TEXT    G=(none)   M=C:\XHARBOUR997\LIB\RTL.LIB|memvarbl ACBP=A9
 0001:00047D98 0000007A C=CODE    S=_TEXT    G=(none)   M=C:\XHARBOUR997\LIB\RTL.LIB|menuto ACBP=A9
 0001:00047E14 0000010A C=CODE    S=_TEXT    G=(none)   M=C:\XHARBOUR997\LIB\RTL.LIB|mssgline ACBP=A9
 0001:00047F20 00000212 C=CODE    S=_TEXT    G=(none)   M=C:\XHARBOUR997\LIB\RTL.LIB|objfunc ACBP=A9
 0001:00048134 0000004A C=CODE    S=_TEXT    G=(none)   M=C:\XHARBOUR997\LIB\RTL.LIB|readvar ACBP=A9
 0001:00048180 00000182 C=CODE    S=_TEXT    G=(none)   M=C:\XHARBOUR997\LIB\RTL.LIB|scrollbr ACBP=A9
 0001:00048304 0000040E C=CODE    S=_TEXT    G=(none)   M=C:\XHARBOUR997\LIB\RTL.LIB|tclass ACBP=A9
 0001:00048714 0000004A C=CODE    S=_TEXT    G=(none)   M=C:\XHARBOUR997\LIB\RTL.LIB|terror ACBP=A9
 0001:00048760 0000043E C=CODE    S=_TEXT    G=(none)   M=C:\XHARBOUR997\LIB\RTL.LIB|tget ACBP=A9
 0001:00048BA0 00000062 C=CODE    S=_TEXT    G=(none)   M=C:\XHARBOUR997\LIB\RTL.LIB|tgetint ACBP=A9
 0001:00048C04 000002A6 C=CODE    S=_TEXT    G=(none)   M=C:\XHARBOUR997\LIB\RTL.LIB|tgetlist ACBP=A9
 0001:00048EAC 000000DA C=CODE    S=_TEXT    G=(none)   M=C:\XHARBOUR997\LIB\RTL.LIB|tobject ACBP=A9
 0001:00048F88 0000004A C=CODE    S=_TEXT    G=(none)   M=C:\XHARBOUR997\LIB\RTL.LIB|traceprg ACBP=A9
 0001:00048FD4 00002591 C=CODE    S=_TEXT    G=(none)   M=C:\XHARBOUR997\LIB\RTL.LIB|win32ole ACBP=A9
 0001:0004B568 000003D3 C=CODE    S=_TEXT    G=(none)   M=C:\XHARBOUR997\LIB\RTL.LIB|winos ACBP=A9
 0001:0004B93C 0000032E C=CODE    S=_TEXT    G=(none)   M=C:\XHARBOUR997\LIB\RTL.LIB|winreg ACBP=A9
 0001:0004BC6C 00006006 C=CODE    S=_TEXT    G=(none)   M=C:\XHARBOUR997\LIB\RDD.LIB|dbcmd ACBP=A9
 0001:00051C74 00001A7B C=CODE    S=_TEXT    G=(none)   M=C:\XHARBOUR997\LIB\RDD.LIB|workarea ACBP=A9
 0001:000536F0 00005FD8 C=CODE    S=_TEXT    G=(none)   M=C:\XHARBOUR997\LIB\RDD.LIB|dbf1 ACBP=A9
 0001:000596C8 00000695 C=CODE    S=_TEXT    G=(none)   M=C:\XHARBOUR997\LIB\RDD.LIB|hbdbsort ACBP=A9
 0001:00059D60 000000DA C=CODE    S=_TEXT    G=(none)   M=C:\XHARBOUR997\LIB\RDD.LIB|rddord ACBP=A9
 0001:00059E3C 00000032 C=CODE    S=_TEXT    G=(none)   M=C:\XHARBOUR997\LIB\RDD.LIB|rddsys ACBP=A9
 0001:00059E70 000041D9 C=CODE    S=_TEXT    G=(none)   M=C:\XHARBOUR997\LIB\MACRO.LIB|macroy ACBP=A9
 0001:0005E04C 00000319 C=CODE    S=_TEXT    G=(none)   M=C:\XHARBOUR997\LIB\MACRO.LIB|macroa ACBP=A9
 0001:0005E368 000058A1 C=CODE    S=_TEXT    G=(none)   M=C:\XHARBOUR997\LIB\MACRO.LIB|macrob ACBP=A9
 0001:00063C0C 000007E8 C=CODE    S=_TEXT    G=(none)   M=C:\XHARBOUR997\LIB\MACRO.LIB|macroc ACBP=A9
 0001:000643F4 00001CCE C=CODE    S=_TEXT    G=(none)   M=C:\XHARBOUR997\LIB\MACRO.LIB|macroslx ACBP=A9
 0001:000660C4 0000A74C C=CODE    S=_TEXT    G=(none)   M=C:\XHARBOUR997\LIB\DBFNTX.LIB|dbfntx1 ACBP=A9
 0001:00070810 00006620 C=CODE    S=_TEXT    G=(none)   M=C:\XHARBOUR997\LIB\DBFFPT.LIB|dbffpt1 ACBP=A9
 0001:00076E30 0000CC94 C=CODE    S=_TEXT    G=(none)   M=C:\XHARBOUR997\LIB\DBFCDX.LIB|dbfcdx1 ACBP=A9
 0001:00083AC4 0000018C C=CODE    S=_TEXT    G=(none)   M=C:\XHARBOUR997\LIB\WVWTOOLS.LIB|gchckbox ACBP=A9
 0001:00083C50 000003CB C=CODE    S=_TEXT    G=(none)   M=C:\XHARBOUR997\LIB\WVWTOOLS.LIB|getsys ACBP=A9
 0001:0008401C 00000481 C=CODE    S=_TEXT    G=(none)   M=C:\XHARBOUR997\LIB\WVWTOOLS.LIB|glistbox ACBP=A9
 0001:000844A0 000001A6 C=CODE    S=_TEXT    G=(none)   M=C:\XHARBOUR997\LIB\WVWTOOLS.LIB|gpushbtn ACBP=A9
 0001:00084648 00000228 C=CODE    S=_TEXT    G=(none)   M=C:\XHARBOUR997\LIB\WVWTOOLS.LIB|gradigrp ACBP=A9
 0001:00084870 00019F0E C=CODE    S=_TEXT    G=(none)   M=C:\XHARBOUR997\LIB\WVWTOOLS.LIB|gtwvw ACBP=A9
 0001:0009E780 00000088 C=CODE    S=_TEXT    G=(none)   M=C:\XHARBOUR997\LIB\WVWTOOLS.LIB|middlwvw ACBP=A9
 0001:0009E808 00000172 C=CODE    S=_TEXT    G=(none)   M=C:\XHARBOUR997\LIB\WVWTOOLS.LIB|tappl ACBP=A9
 0001:0009E97C 00000315 C=CODE    S=_TEXT    G=(none)   M=C:\XHARBOUR997\LIB\WVWTOOLS.LIB|tgetlist ACBP=A9
 0001:0009EC94 00000481 C=CODE    S=_TEXT    G=(none)   M=C:\XHARBOUR997\LIB\WVWTOOLS.LIB|ttabpage ACBP=A9
 0001:0009F118 00000794 C=CODE    S=_TEXT    G=(none)   M=C:\XHARBOUR997\LIB\WVWTOOLS.LIB|twindows ACBP=A9
 0001:0009F8AC 000003AB C=CODE    S=_TEXT    G=(none)   M=C:\XHARBOUR997\LIB\WVWTOOLS.LIB|winapi ACBP=A9
 0001:0009FC58 000003A3 C=CODE    S=_TEXT    G=(none)   M=C:\XHARBOUR997\LIB\WVWTOOLS.LIB|wvwmisc ACBP=A9
 0001:0009FFFC 0000195A C=CODE    S=_TEXT    G=(none)   M=C:\SQLRDD997\LIB\BC5\SQL.LIB|sqly ACBP=A9
 0001:000A1958 000002FB C=CODE    S=_TEXT    G=(none)   M=C:\SQLRDD997\LIB\BC5\SQL.LIB|sqlconnection ACBP=A9
 0001:000A1C54 00000922 C=CODE    S=_TEXT    G=(none)   M=C:\SQLRDD997\LIB\BC5\SQL.LIB|sqlrdd0 ACBP=A9
 0001:000A2578 00000AE7 C=CODE    S=_TEXT    G=(none)   M=C:\SQLRDD997\LIB\BC5\SQL.LIB|sqlrdd2 ACBP=A9
 0001:000A3060 00000748 C=CODE    S=_TEXT    G=(none)   M=C:\SQLRDD997\LIB\BC5\SQL.LIB|utils ACBP=A9
 0001:000A37A8 000002CF C=CODE    S=_TEXT    G=(none)   M=C:\SQLRDD997\LIB\BC5\SQL.LIB|sqlgen1 ACBP=A9
 0001:000A3A78 0000013A C=CODE    S=_TEXT    G=(none)   M=C:\SQLRDD997\LIB\BC5\SQL.LIB|utilslang ACBP=A9
 0001:000A3BB4 00000172 C=CODE    S=_TEXT    G=(none)   M=C:\SQLRDD997\LIB\BC5\SQL.LIB|sqlfirebird ACBP=A9
 0001:000A3D28 00001088 C=CODE    S=_TEXT    G=(none)   M=C:\SQLRDD997\LIB\BC5\SQL.LIB|sqlact ACBP=A9
 0001:000A4DB0 000021CD C=CODE    S=_TEXT    G=(none)   M=C:\SQLRDD997\LIB\BC5\SQL.LIB|firebird ACBP=A9
 0001:000A6F80 00001646 C=CODE    S=_TEXT    G=(none)   M=C:\SQLRDD997\LIB\BC5\SQL.LIB|sqllex ACBP=A9
 0001:000A85C8 000050D5 C=CODE    S=_TEXT    G=(none)   M=C:\SQLRDD997\LIB\BC5\SQL.LIB|sqlrdd1 ACBP=A9
 0001:000AD6A0 0000EBA9 C=CODE    S=_TEXT    G=(none)   M=C:\SQLRDD997\LIB\BC5\SQL.LIB|sqlora ACBP=A9
 0001:000BC24C 00000010 C=CODE    S=_TEXT    G=(none)   M=C:\XHARBOUR997\LIB\CODEPAGE.LIB|cpesdos ACBP=A9
 0001:000BC25C 00000010 C=CODE    S=_TEXT    G=(none)   M=C:\XHARBOUR997\LIB\CODEPAGE.LIB|cpesmwin ACBP=A9
 0001:000BC26C 00000010 C=CODE    S=_TEXT    G=(none)   M=C:\XHARBOUR997\LIB\CODEPAGE.LIB|cpeswin ACBP=A9
 0001:000BC27C 00000010 C=CODE    S=_TEXT    G=(none)   M=C:\XHARBOUR997\LIB\CODEPAGE.LIB|cppt850 ACBP=A9
 0001:000BC28C 000002B7 C=CODE    S=_TEXT    G=(none)   M=C:\XHARBOUR997\LIB\COMMON.LIB|hbfsapi ACBP=A9
 0001:000BC544 00000033 C=CODE    S=_TEXT    G=(none)   M=C:\XHARBOUR997\LIB\COMMON.LIB|hbgete ACBP=A9
 0001:000BC578 00000CFB C=CODE    S=_TEXT    G=(none)   M=C:\XHARBOUR997\LIB\COMMON.LIB|hbstr ACBP=A9
 0001:000BD274 00000225 C=CODE    S=_TEXT    G=(none)   M=C:\XHARBOUR997\LIB\COMMON.LIB|hbtrace ACBP=A9
 0001:000BD49C 00000EF6 C=CODE    S=_TEXT    G=(none)   M=C:\XHARBOUR997\LIB\COMMON.LIB|hbver ACBP=A9
 0001:000BE394 00000862 C=CODE    S=_TEXT    G=(none)   M=C:\XHARBOUR997\LIB\COMMON.LIB|expropt1 ACBP=A9
 0001:000BEBF8 000011E4 C=CODE    S=_TEXT    G=(none)   M=C:\XHARBOUR997\LIB\COMMON.LIB|expropt2 ACBP=A9
 0001:000BFDDC 00000060 C=CODE    S=_TEXT    G=(none)   M=C:\XHARBOUR997\LIB\COMMON.LIB|reserved ACBP=A9
 0001:000BFE3C 000003B5 C=CODE    S=_TEXT    G=(none)   M=C:\XHARBOUR997\LIB\HBSIX.LIB|sxcrypt ACBP=A9
 0001:000C01F4 000000E8 C=CODE    S=_TEXT    G=(none)   M=C:\XHARBOUR997\LIB\HBSIX.LIB|sxdate ACBP=A9
 0001:000C02DC 0000033A C=CODE    S=_TEXT    G=(none)   M=C:\XHARBOUR997\LIB\PCREPOS.LIB|pcreposix ACBP=A9
 0001:000C0618 00004761 C=CODE    S=_TEXT    G=(none)   M=C:\XHARBOUR997\LIB\PCREPOS.LIB|pcre_compile ACBP=A9
 0001:000C4D7C 00005B5B C=CODE    S=_TEXT    G=(none)   M=C:\XHARBOUR997\LIB\PCREPOS.LIB|pcre_exec ACBP=A9
 0001:000CA8D8 0000007B C=CODE    S=_TEXT    G=(none)   M=C:\XHARBOUR997\LIB\PCREPOS.LIB|pcre_info ACBP=A9
 0001:000CA954 0000004D C=CODE    S=_TEXT    G=(none)   M=C:\XHARBOUR997\LIB\PCREPOS.LIB|pcre_ord2utf8 ACBP=A9
 0001:000CA9A4 0000017B C=CODE    S=_TEXT    G=(none)   M=C:\XHARBOUR997\LIB\PCREPOS.LIB|pcre_try_flipped ACBP=A9
 0001:000CAB20 00000137 C=CODE    S=_TEXT    G=(none)   M=C:\XHARBOUR997\LIB\PCREPOS.LIB|pcre_ucp_findchar ACBP=A9
 0001:000CAC58 0000013B C=CODE    S=_TEXT    G=(none)   M=C:\XHARBOUR997\LIB\PCREPOS.LIB|pcre_valid_utf8 ACBP=A9
 0001:000CAD94 00000219 C=CODE    S=_TEXT    G=(none)   M=C:\XHARBOUR997\LIB\PCREPOS.LIB|pcre_xclass ACBP=A9
 0001:000CAFB0 0000002B C=CODE    S=_TEXT    G=(none)   M=C:\BORLAND\BCC55\LIB\CW32.LIB|calloc ACBP=A9
 0001:000CAFDC 0000000F C=CODE    S=_TEXT    G=(none)   M=C:\BORLAND\BCC55\LIB\CW32.LIB|del ACBP=A9
 0001:000CAFEC 0000000F C=CODE    S=_TEXT    G=(none)   M=C:\BORLAND\BCC55\LIB\CW32.LIB|delarray ACBP=A9
 0001:000CAFFC 00000111 C=CODE    S=_TEXT    G=(none)   M=C:\BORLAND\BCC55\LIB\CW32.LIB|virtmem ACBP=A9
 0001:000CB110 0000009F C=CODE    S=_TEXT    G=(none)   M=C:\BORLAND\BCC55\LIB\CW32.LIB|hrdir_b ACBP=A9
 0001:000CB1B0 00000020 C=CODE    S=_TEXT    G=(none)   M=C:\BORLAND\BCC55\LIB\CW32.LIB|hrdir_mf ACBP=A9
 0001:000CB1D0 00000016 C=CODE    S=_TEXT    G=(none)   M=C:\BORLAND\BCC55\LIB\CW32.LIB|hrdir_r ACBP=A9
 0001:000CB1E8 000000B8 C=CODE    S=_TEXT    G=(none)   M=C:\BORLAND\BCC55\LIB\CW32.LIB|hrdir_s ACBP=A9
 0001:000CB2A0 00000001 C=CODE    S=_TEXT    G=(none)   M=C:\BORLAND\BCC55\LIB\CW32.LIB|hrdir_us ACBP=A9
 0001:000CB2A4 000009CC C=CODE    S=_TEXT    G=(none)   M=C:\BORLAND\BCC55\LIB\CW32.LIB|heap ACBP=A9
 0001:000CBC70 00000292 C=CODE    S=_TEXT    G=(none)   M=C:\BORLAND\BCC55\LIB\CW32.LIB|realloc ACBP=A9
 0001:000CBF04 00000001 C=CODE    S=_TEXT    G=(none)   M=C:\BORLAND\BCC55\LIB\CW32.LIB|crtlst_i ACBP=A9
 0001:000CBF08 00000001 C=CODE    S=_TEXT    G=(none)   M=C:\BORLAND\BCC55\LIB\CW32.LIB|crtlst_l ACBP=A9
 0001:000CBF0C 0000001E C=CODE    S=_TEXT    G=(none)   M=C:\BORLAND\BCC55\LIB\CW32.LIB|memchr ACBP=A9
 0001:000CBF2C 00000024 C=CODE    S=_TEXT    G=(none)   M=C:\BORLAND\BCC55\LIB\CW32.LIB|memcpy ACBP=A9
 0001:000CBF50 0000004A C=CODE    S=_TEXT    G=(none)   M=C:\BORLAND\BCC55\LIB\CW32.LIB|memmove ACBP=A9
 0001:000CBF9C 0000008A C=CODE    S=_TEXT    G=(none)   M=C:\BORLAND\BCC55\LIB\CW32.LIB|memset ACBP=A9
 0001:000CC028 00000018 C=CODE    S=_TEXT    G=(none)   M=C:\BORLAND\BCC55\LIB\CW32.LIB|wmemset ACBP=A9
 0001:000CC040 0000003C C=CODE    S=_TEXT    G=(none)   M=C:\BORLAND\BCC55\LIB\CW32.LIB|strcat ACBP=A9
 0001:000CC07C 00000053 C=CODE    S=_TEXT    G=(none)   M=C:\BORLAND\BCC55\LIB\CW32.LIB|strchr ACBP=A9
 0001:000CC0D0 0000004B C=CODE    S=_TEXT    G=(none)   M=C:\BORLAND\BCC55\LIB\CW32.LIB|strcmp ACBP=A9
 0001:000CC11C 0000002F C=CODE    S=_TEXT    G=(none)   M=C:\BORLAND\BCC55\LIB\CW32.LIB|strcpy ACBP=A9
 0001:000CC14C 0000005A C=CODE    S=_TEXT    G=(none)   M=C:\BORLAND\BCC55\LIB\CW32.LIB|strlen ACBP=A9
 0001:000CC1A8 0000006E C=CODE    S=_TEXT    G=(none)   M=C:\BORLAND\BCC55\LIB\CW32.LIB|strncat ACBP=A9
 0001:000CC218 00000027 C=CODE    S=_TEXT    G=(none)   M=C:\BORLAND\BCC55\LIB\CW32.LIB|strncmp ACBP=A9
 0001:000CC240 0000006C C=CODE    S=_TEXT    G=(none)   M=C:\BORLAND\BCC55\LIB\CW32.LIB|memcmp ACBP=A9
 0001:000CC2AC 0000004F C=CODE    S=_TEXT    G=(none)   M=C:\BORLAND\BCC55\LIB\CW32.LIB|strncpy ACBP=A9
 0001:000CC2FC 0000002B C=CODE    S=_TEXT    G=(none)   M=C:\BORLAND\BCC55\LIB\CW32.LIB|strpbrk ACBP=A9
 0001:000CC328 00000029 C=CODE    S=_TEXT    G=(none)   M=C:\BORLAND\BCC55\LIB\CW32.LIB|strrchr ACBP=A9
 0001:000CC354 00000054 C=CODE    S=_TEXT    G=(none)   M=C:\BORLAND\BCC55\LIB\CW32.LIB|strstr ACBP=A9
 0001:000CC3A8 00000067 C=CODE    S=_TEXT    G=(none)   M=C:\BORLAND\BCC55\LIB\CW32.LIB|strtok ACBP=A9
 0001:000CC410 00000037 C=CODE    S=_TEXT    G=(none)   M=C:\BORLAND\BCC55\LIB\CW32.LIB|_stpcpy ACBP=A9
 0001:000CC448 00000018 C=CODE    S=_TEXT    G=(none)   M=C:\BORLAND\BCC55\LIB\CW32.LIB|wcslen ACBP=A9
 0001:000CC460 0000003F C=CODE    S=_TEXT    G=(none)   M=C:\BORLAND\BCC55\LIB\CW32.LIB|wcscpy ACBP=A9
 0001:000CC4A0 00000070 C=CODE    S=_TEXT    G=(none)   M=C:\BORLAND\BCC55\LIB\CW32.LIB|xxa ACBP=A9
 0001:000CC510 00000778 C=CODE    S=_TEXT    G=(none)   M=C:\BORLAND\BCC55\LIB\CW32.LIB|xxtype ACBP=A9
 0001:000CCC62 000000B6 C=CODE    S=_TEXT    G=(none)   M=C:\BORLAND\BCC55\LIB\CW32.LIB|xxut ACBP=A9
 0001:000CCD04 0000014B C=CODE    S=_TEXT    G=(none)   M=C:\BORLAND\BCC55\LIB\CW32.LIB|xxv ACBP=A9
 0001:000CCE50 0000000A C=CODE    S=_TEXT    G=(none)   M=C:\BORLAND\BCC55\LIB\CW32.LIB|defhandl ACBP=A9
 0001:000CCE5C 00000179 C=CODE    S=_TEXT    G=(none)   M=C:\BORLAND\BCC55\LIB\CW32.LIB|except ACBP=A9
 0001:000CCFD8 00000046 C=CODE    S=_TEXT    G=(none)   M=C:\BORLAND\BCC55\LIB\CW32.LIB|setexc ACBP=A9
 0001:000CD020 00000022 C=CODE    S=_TEXT    G=(none)   M=C:\BORLAND\BCC55\LIB\CW32.LIB|ta ACBP=A9
 0001:000CD044 0000003C C=CODE    S=_TEXT    G=(none)   M=C:\BORLAND\BCC55\LIB\CW32.LIB|__access ACBP=A9
 0001:000CD080 00000060 C=CODE    S=_TEXT    G=(none)   M=C:\BORLAND\BCC55\LIB\CW32.LIB|__close ACBP=A9
 0001:000CD0E0 00000013 C=CODE    S=_TEXT    G=(none)   M=C:\BORLAND\BCC55\LIB\CW32.LIB|__dup ACBP=A9
 0001:000CD0F4 000000EF C=CODE    S=_TEXT    G=(none)   M=C:\BORLAND\BCC55\LIB\CW32.LIB|__dup2 ACBP=A9
 0001:000CD1E4 00000086 C=CODE    S=_TEXT    G=(none)   M=C:\BORLAND\BCC55\LIB\CW32.LIB|__eof ACBP=A9
 0001:000CD26C 00000047 C=CODE    S=_TEXT    G=(none)   M=C:\BORLAND\BCC55\LIB\CW32.LIB|__isatty ACBP=A9
 0001:000CD2B4 00000076 C=CODE    S=_TEXT    G=(none)   M=C:\BORLAND\BCC55\LIB\CW32.LIB|__lseek ACBP=A9
 0001:000CD32C 000001FA C=CODE    S=_TEXT    G=(none)   M=C:\BORLAND\BCC55\LIB\CW32.LIB|__open ACBP=A9
 0001:000CD528 0000019A C=CODE    S=_TEXT    G=(none)   M=C:\BORLAND\BCC55\LIB\CW32.LIB|__read ACBP=A9
 0001:000CD6C4 0000011C C=CODE    S=_TEXT    G=(none)   M=C:\BORLAND\BCC55\LIB\CW32.LIB|__write ACBP=A9
 0001:000CD7E0 00000011 C=CODE    S=_TEXT    G=(none)   M=C:\BORLAND\BCC55\LIB\CW32.LIB|_cfinfo ACBP=A9
 0001:000CD7F4 00000038 C=CODE    S=_TEXT    G=(none)   M=C:\BORLAND\BCC55\LIB\CW32.LIB|_flshall ACBP=A9
 0001:000CD82C 00000061 C=CODE    S=_TEXT    G=(none)   M=C:\BORLAND\BCC55\LIB\CW32.LIB|_read ACBP=A9
 0001:000CD890 00000008 C=CODE    S=_TEXT    G=(none)   M=C:\BORLAND\BCC55\LIB\CW32.LIB|_stat ACBP=A9
 0001:000CD898 00000017 C=CODE    S=_TEXT    G=(none)   M=C:\BORLAND\BCC55\LIB\CW32.LIB|_umask ACBP=A9
 0001:000CD898 00000061 C=CODE    S=_TEXT    G=(none)   M=C:\BORLAND\BCC55\LIB\CW32.LIB|_write ACBP=A9
 0001:000CD8FC 00000008 C=CODE    S=_TEXT    G=(none)   M=C:\BORLAND\BCC55\LIB\CW32.LIB|access ACBP=A9
 0001:000CD904 0000007D C=CODE    S=_TEXT    G=(none)   M=C:\BORLAND\BCC55\LIB\CW32.LIB|allocbuf ACBP=A9
 0001:000CD984 0000009B C=CODE    S=_TEXT    G=(none)   M=C:\BORLAND\BCC55\LIB\CW32.LIB|chdrive ACBP=A9
 0001:000CDA20 00000008 C=CODE    S=_TEXT    G=(none)   M=C:\BORLAND\BCC55\LIB\CW32.LIB|close ACBP=A9
 0001:000CDA28 00000008 C=CODE    S=_TEXT    G=(none)   M=C:\BORLAND\BCC55\LIB\CW32.LIB|dup ACBP=A9
 0001:000CDA30 00000008 C=CODE    S=_TEXT    G=(none)   M=C:\BORLAND\BCC55\LIB\CW32.LIB|eof ACBP=A9
 0001:000CDA38 0000008E C=CODE    S=_TEXT    G=(none)   M=C:\BORLAND\BCC55\LIB\CW32.LIB|fclose ACBP=A9
 0001:000CDAC8 0000007F C=CODE    S=_TEXT    G=(none)   M=C:\BORLAND\BCC55\LIB\CW32.LIB|fflush ACBP=A9
 0001:000CDB48 0000005A C=CODE    S=_TEXT    G=(none)   M=C:\BORLAND\BCC55\LIB\CW32.LIB|flushout ACBP=A9
 0001:000CDBA4 00000023 C=CODE    S=_TEXT    G=(none)   M=C:\BORLAND\BCC55\LIB\CW32.LIB|fmodeptr ACBP=A9
 0001:000CDBC8 000001DD C=CODE    S=_TEXT    G=(none)   M=C:\BORLAND\BCC55\LIB\CW32.LIB|fopen ACBP=A9
 0001:000CDDA8 00000022 C=CODE    S=_TEXT    G=(none)   M=C:\BORLAND\BCC55\LIB\CW32.LIB|fprintf ACBP=A9
 0001:000CDDCC 000000D9 C=CODE    S=_TEXT    G=(none)   M=C:\BORLAND\BCC55\LIB\CW32.LIB|fputn ACBP=A9
 0001:000CDEA8 00000056 C=CODE    S=_TEXT    G=(none)   M=C:\BORLAND\BCC55\LIB\CW32.LIB|fputs ACBP=A9
 0001:000CDF00 00000163 C=CODE    S=_TEXT    G=(none)   M=C:\BORLAND\BCC55\LIB\CW32.LIB|fread ACBP=A9
 0001:000CE064 0000013E C=CODE    S=_TEXT    G=(none)   M=C:\BORLAND\BCC55\LIB\CW32.LIB|fseek ACBP=A9
 0001:000CE1A4 000000D4 C=CODE    S=_TEXT    G=(none)   M=C:\BORLAND\BCC55\LIB\CW32.LIB|fullpath ACBP=A9
 0001:000CE278 00000031 C=CODE    S=_TEXT    G=(none)   M=C:\BORLAND\BCC55\LIB\CW32.LIB|fwrite ACBP=A9
 0001:000CE2AC 000002B9 C=CODE    S=_TEXT    G=(none)   M=C:\BORLAND\BCC55\LIB\CW32.LIB|handles ACBP=A9
 0001:000CE568 00000076 C=CODE    S=_TEXT    G=(none)   M=C:\BORLAND\BCC55\LIB\CW32.LIB|ioerror ACBP=A9
 0001:000CE5E0 00000008 C=CODE    S=_TEXT    G=(none)   M=C:\BORLAND\BCC55\LIB\CW32.LIB|isatty ACBP=A9
 0001:000CE5E8 0000019E C=CODE    S=_TEXT    G=(none)   M=C:\BORLAND\BCC55\LIB\CW32.LIB|lgetc ACBP=A9
 0001:000CE788 00000110 C=CODE    S=_TEXT    G=(none)   M=C:\BORLAND\BCC55\LIB\CW32.LIB|lputc ACBP=A9
 0001:000CE898 00000091 C=CODE    S=_TEXT    G=(none)   M=C:\BORLAND\BCC55\LIB\CW32.LIB|mkname ACBP=A9
 0001:000CE929 00000079 C=CODE    S=_TEXT    G=(none)   M=C:\BORLAND\BCC55\LIB\CW32.LIB|perror ACBP=A9
 0001:000CE92C 00000023 C=CODE    S=_TEXT    G=(none)   M=C:\BORLAND\BCC55\LIB\CW32.LIB|printf ACBP=A9
 0001:000CE950 00000838 C=CODE    S=_TEXT    G=(none)   M=C:\BORLAND\BCC55\LIB\CW32.LIB|scanner ACBP=A9
 0001:000CF188 0000022B C=CODE    S=_TEXT    G=(none)   M=C:\BORLAND\BCC55\LIB\CW32.LIB|scn2i64 ACBP=A9
 0001:000CF3B4 0000006B C=CODE    S=_TEXT    G=(none)   M=C:\BORLAND\BCC55\LIB\CW32.LIB|setmode ACBP=A9
 0001:000CF420 0000004D C=CODE    S=_TEXT    G=(none)   M=C:\BORLAND\BCC55\LIB\CW32.LIB|setvbuf ACBP=A9
 0001:000CF470 00000100 C=CODE    S=_TEXT    G=(none)   M=C:\BORLAND\BCC55\LIB\CW32.LIB|snprntf ACBP=A9
 0001:000CF570 00000078 C=CODE    S=_TEXT    G=(none)   M=C:\BORLAND\BCC55\LIB\CW32.LIB|sprintf ACBP=A9
 0001:000CF5E8 00000073 C=CODE    S=_TEXT    G=(none)   M=C:\BORLAND\BCC55\LIB\CW32.LIB|sscanf ACBP=A9
 0001:000CF65C 00000205 C=CODE    S=_TEXT    G=(none)   M=C:\BORLAND\BCC55\LIB\CW32.LIB|stat ACBP=A9
 0001:000CF864 00000115 C=CODE    S=_TEXT    G=(none)   M=C:\BORLAND\BCC55\LIB\CW32.LIB|streams ACBP=A9
 0001:000CF97C 0000001A C=CODE    S=_TEXT    G=(none)   M=C:\BORLAND\BCC55\LIB\CW32.LIB|unlink ACBP=A9
 0001:000CF998 00000022 C=CODE    S=_TEXT    G=(none)   M=C:\BORLAND\BCC55\LIB\CW32.LIB|vfprintf ACBP=A9
 0001:000CF9BC 000009EC C=CODE    S=_TEXT    G=(none)   M=C:\BORLAND\BCC55\LIB\CW32.LIB|vprinter ACBP=A9
 0001:000D03A8 0000002E C=CODE    S=_TEXT    G=(none)   M=C:\BORLAND\BCC55\LIB\CW32.LIB|xfclose ACBP=A9
 0001:000D03D8 00000027 C=CODE    S=_TEXT    G=(none)   M=C:\BORLAND\BCC55\LIB\CW32.LIB|xfflush ACBP=A9
 0001:000D03FF 00000006 C=CODE    S=_TEXT    G=(none)   M=C:\BORLAND\BCC55\LIB\CW32.LIB|cconv ACBP=A9
 0001:000D0400 000002C3 C=CODE    S=_TEXT    G=(none)   M=C:\BORLAND\BCC55\LIB\CW32.LIB|convt ACBP=A9
 0001:000D06C4 00000051 C=CODE    S=_TEXT    G=(none)   M=C:\BORLAND\BCC55\LIB\CW32.LIB|getinfo ACBP=A9
 0001:000D0718 00000102 C=CODE    S=_TEXT    G=(none)   M=C:\BORLAND\BCC55\LIB\CW32.LIB|is ACBP=A9
 0001:000D081C 00000103 C=CODE    S=_TEXT    G=(none)   M=C:\BORLAND\BCC55\LIB\CW32.LIB|wis ACBP=A9
 0001:000D0920 00000043 C=CODE    S=_TEXT    G=(none)   M=C:\BORLAND\BCC55\LIB\CW32.LIB|isctype ACBP=A9
 0001:000D0964 00000055 C=CODE    S=_TEXT    G=(none)   M=C:\BORLAND\BCC55\LIB\CW32.LIB|iswctype ACBP=A9
 0001:000D09BC 0000117F C=CODE    S=_TEXT    G=(none)   M=C:\BORLAND\BCC55\LIB\CW32.LIB|locale ACBP=A9
 0001:000D1B3C 0000080E C=CODE    S=_TEXT    G=(none)   M=C:\BORLAND\BCC55\LIB\CW32.LIB|initcat ACBP=A9
 0001:000D234C 00000097 C=CODE    S=_TEXT    G=(none)   M=C:\BORLAND\BCC55\LIB\CW32.LIB|lconv ACBP=A9
 0001:000D23E4 00000024 C=CODE    S=_TEXT    G=(none)   M=C:\BORLAND\BCC55\LIB\CW32.LIB|lstrlwr ACBP=A9
 0001:000D2408 00000054 C=CODE    S=_TEXT    G=(none)   M=C:\BORLAND\BCC55\LIB\CW32.LIB|ltolower ACBP=A9
 0001:000D245C 00000054 C=CODE    S=_TEXT    G=(none)   M=C:\BORLAND\BCC55\LIB\CW32.LIB|ltoupper ACBP=A9
 0001:000D24B0 000004D0 C=CODE    S=_TEXT    G=(none)   M=C:\BORLAND\BCC55\LIB\CW32.LIB|mbyte1 ACBP=A9
 0001:000D2980 00000200 C=CODE    S=_TEXT    G=(none)   M=C:\BORLAND\BCC55\LIB\CW32.LIB|_ll ACBP=A9
 0001:000D2B80 0000001D C=CODE    S=_TEXT    G=(none)   M=C:\BORLAND\BCC55\LIB\CW32.LIB|_finite ACBP=A9
 0001:000D2BA0 00000045 C=CODE    S=_TEXT    G=(none)   M=C:\BORLAND\BCC55\LIB\CW32.LIB|_isnan ACBP=A9
 0001:000D2BE8 00000008 C=CODE    S=_TEXT    G=(none)   M=C:\BORLAND\BCC55\LIB\CW32.LIB|_ltoa1 ACBP=A9
 0001:000D2BF0 000000B0 C=CODE    S=_TEXT    G=(none)   M=C:\BORLAND\BCC55\LIB\CW32.LIB|_matherr ACBP=A9
 0001:000D2CA0 00000188 C=CODE    S=_TEXT    G=(none)   M=C:\BORLAND\BCC55\LIB\CW32.LIB|_pow10 ACBP=A9
 0001:000D2E28 00000077 C=CODE    S=_TEXT    G=(none)   M=C:\BORLAND\BCC55\LIB\CW32.LIB|atol ACBP=A9
 0001:000D2EA0 0000001C C=CODE    S=_TEXT    G=(none)   M=C:\BORLAND\BCC55\LIB\CW32.LIB|ceil ACBP=A9
 0001:000D2EBC 00000013 C=CODE    S=_TEXT    G=(none)   M=C:\BORLAND\BCC55\LIB\CW32.LIB|clear87 ACBP=A9
 0001:000D2ED0 0000002F C=CODE    S=_TEXT    G=(none)   M=C:\BORLAND\BCC55\LIB\CW32.LIB|ctrl87 ACBP=A9
 0001:000D2F00 00000018 C=CODE    S=_TEXT    G=(none)   M=C:\BORLAND\BCC55\LIB\CW32.LIB|cvtentry ACBP=A9
 0001:000D2F18 00000018 C=CODE    S=_TEXT    G=(none)   M=C:\BORLAND\BCC55\LIB\CW32.LIB|cvtfak ACBP=A9
 0001:000D2F30 00000018 C=CODE    S=_TEXT    G=(none)   M=C:\BORLAND\BCC55\LIB\CW32.LIB|cvtfakw ACBP=A9
 0001:000D2F48 0000006C C=CODE    S=_TEXT    G=(none)   M=C:\BORLAND\BCC55\LIB\CW32.LIB|exp ACBP=A9
 0001:000D2FB4 000000CD C=CODE    S=_TEXT    G=(none)   M=C:\BORLAND\BCC55\LIB\CW32.LIB|f87exp ACBP=A9
 0001:000D3084 00000048 C=CODE    S=_TEXT    G=(none)   M=C:\BORLAND\BCC55\LIB\CW32.LIB|f87log ACBP=A9
 0001:000D30CC 0000004D C=CODE    S=_TEXT    G=(none)   M=C:\BORLAND\BCC55\LIB\CW32.LIB|fmod ACBP=A9
 0001:000D311C 00000016 C=CODE    S=_TEXT    G=(none)   M=C:\BORLAND\BCC55\LIB\CW32.LIB|fpreset ACBP=A9
 0001:000D3134 00000028 C=CODE    S=_TEXT    G=(none)   M=C:\BORLAND\BCC55\LIB\CW32.LIB|ftol ACBP=A9
 0001:000D315C 0000002D C=CODE    S=_TEXT    G=(none)   M=C:\BORLAND\BCC55\LIB\CW32.LIB|fuildq ACBP=A9
 0001:000D318C 00000021 C=CODE    S=_TEXT    G=(none)   M=C:\BORLAND\BCC55\LIB\CW32.LIB|fuistq ACBP=A9
 0001:000D31B0 00000011 C=CODE    S=_TEXT    G=(none)   M=C:\BORLAND\BCC55\LIB\CW32.LIB|fxam ACBP=A9
 0001:000D31C4 000000B1 C=CODE    S=_TEXT    G=(none)   M=C:\BORLAND\BCC55\LIB\CW32.LIB|int64toa ACBP=A9
 0001:000D3278 00000117 C=CODE    S=_TEXT    G=(none)   M=C:\BORLAND\BCC55\LIB\CW32.LIB|ldtrunc ACBP=A9
 0001:000D3390 0000006D C=CODE    S=_TEXT    G=(none)   M=C:\BORLAND\BCC55\LIB\CW32.LIB|log ACBP=A9
 0001:000D3400 0000008F C=CODE    S=_TEXT    G=(none)   M=C:\BORLAND\BCC55\LIB\CW32.LIB|longtoa ACBP=A9
 0001:000D3490 00000075 C=CODE    S=_TEXT    G=(none)   M=C:\BORLAND\BCC55\LIB\CW32.LIB|ltoa1 ACBP=A9
 0001:000D3508 0000002E C=CODE    S=_TEXT    G=(none)   M=C:\BORLAND\BCC55\LIB\CW32.LIB|matherrl ACBP=A9
 0001:000D3538 00000016 C=CODE    S=_TEXT    G=(none)   M=C:\BORLAND\BCC55\LIB\CW32.LIB|mathptr ACBP=A9
 0001:000D3550 00000030 C=CODE    S=_TEXT    G=(none)   M=C:\BORLAND\BCC55\LIB\CW32.LIB|modf ACBP=A9
 0001:000D3580 000001DC C=CODE    S=_TEXT    G=(none)   M=C:\BORLAND\BCC55\LIB\CW32.LIB|pow ACBP=A9
 0001:000D375C 00000025 C=CODE    S=_TEXT    G=(none)   M=C:\BORLAND\BCC55\LIB\CW32.LIB|qdiv10 ACBP=A9
 0001:000D3784 0000002E C=CODE    S=_TEXT    G=(none)   M=C:\BORLAND\BCC55\LIB\CW32.LIB|qmul10 ACBP=A9
 0001:000D37B4 0000008E C=CODE    S=_TEXT    G=(none)   M=C:\BORLAND\BCC55\LIB\CW32.LIB|rand ACBP=A9
 0001:000D3844 000002F9 C=CODE    S=_TEXT    G=(none)   M=C:\BORLAND\BCC55\LIB\CW32.LIB|realcvt ACBP=A9
 0001:000D3B40 00000331 C=CODE    S=_TEXT    G=(none)   M=C:\BORLAND\BCC55\LIB\CW32.LIB|realcvtw ACBP=A9
 0001:000D3E74 0000002C C=CODE    S=_TEXT    G=(none)   M=C:\BORLAND\BCC55\LIB\CW32.LIB|round ACBP=A9
 0001:000D3EA0 000004E1 C=CODE    S=_TEXT    G=(none)   M=C:\BORLAND\BCC55\LIB\CW32.LIB|scantod ACBP=A9
 0001:000D4384 000004DD C=CODE    S=_TEXT    G=(none)   M=C:\BORLAND\BCC55\LIB\CW32.LIB|scanwtod ACBP=A9
 0001:000D4864 0000003A C=CODE    S=_TEXT    G=(none)   M=C:\BORLAND\BCC55\LIB\CW32.LIB|sqrt ACBP=A9
 0001:000D48A0 000002D2 C=CODE    S=_TEXT    G=(none)   M=C:\BORLAND\BCC55\LIB\CW32.LIB|xcvt ACBP=A9
 0001:000D4B74 000002F1 C=CODE    S=_TEXT    G=(none)   M=C:\BORLAND\BCC55\LIB\CW32.LIB|xcvtw ACBP=A9
 0001:000D4E68 00000139 C=CODE    S=_TEXT    G=(none)   M=C:\BORLAND\BCC55\LIB\CW32.LIB|mbctype ACBP=A9
 0001:000D4FA4 0000003D C=CODE    S=_TEXT    G=(none)   M=C:\BORLAND\BCC55\LIB\CW32.LIB|mbisalp ACBP=A9
 0001:000D4FE4 0000001A C=CODE    S=_TEXT    G=(none)   M=C:\BORLAND\BCC55\LIB\CW32.LIB|mbisdgt ACBP=A9
 0001:000D5000 0000001A C=CODE    S=_TEXT    G=(none)   M=C:\BORLAND\BCC55\LIB\CW32.LIB|mbisspc ACBP=A9
 0001:000D501C 0000009B C=CODE    S=_TEXT    G=(none)   M=C:\BORLAND\BCC55\LIB\CW32.LIB|mbsicmp ACBP=A9
 0001:000D50B8 00000054 C=CODE    S=_TEXT    G=(none)   M=C:\BORLAND\BCC55\LIB\CW32.LIB|mbsnbcpy ACBP=A9
 0001:000D510C 000000BF C=CODE    S=_TEXT    G=(none)   M=C:\BORLAND\BCC55\LIB\CW32.LIB|mbsnbicm ACBP=A9
 0001:000D51CC 0000006C C=CODE    S=_TEXT    G=(none)   M=C:\BORLAND\BCC55\LIB\CW32.LIB|mbspbrk ACBP=A9
 0001:000D5238 00000056 C=CODE    S=_TEXT    G=(none)   M=C:\BORLAND\BCC55\LIB\CW32.LIB|mbsrchr ACBP=A9
 0001:000D5290 0000001D C=CODE    S=_TEXT    G=(none)   M=C:\BORLAND\BCC55\LIB\CW32.LIB|mbtoupr ACBP=A9
 0001:000D52B0 000000A6 C=CODE    S=_TEXT    G=(none)   M=C:\BORLAND\BCC55\LIB\CW32.LIB|assert ACBP=A9
 0001:000D5358 000000B8 C=CODE    S=_TEXT    G=(none)   M=C:\BORLAND\BCC55\LIB\CW32.LIB|ermsghlp ACBP=A9
 0001:000D5410 00000006 C=CODE    S=_TEXT    G=(none)   M=C:\BORLAND\BCC55\LIB\CW32.LIB|errno ACBP=A9
 0001:000D5410 0000019B C=CODE    S=_TEXT    G=(none)   M=C:\BORLAND\BCC55\LIB\CW32.LIB|errormsg ACBP=A9
 0001:000D55AC 00000089 C=CODE    S=_TEXT    G=(none)   M=C:\BORLAND\BCC55\LIB\CW32.LIB|platform ACBP=A9
 0001:000D5638 00000236 C=CODE    S=_TEXT    G=(none)   M=C:\BORLAND\BCC55\LIB\CW32.LIB|qsort ACBP=A9
 0001:000D5870 00000022 C=CODE    S=_TEXT    G=(none)   M=C:\BORLAND\BCC55\LIB\CW32.LIB|abort ACBP=A9
 0001:000D5894 000000A7 C=CODE    S=_TEXT    G=(none)   M=C:\BORLAND\BCC55\LIB\CW32.LIB|exit ACBP=A9
 0001:000D593C 00000057 C=CODE    S=_TEXT    G=(none)   M=C:\BORLAND\BCC55\LIB\CW32.LIB|getenv ACBP=A9
 0001:000D5994 0000001A C=CODE    S=_TEXT    G=(none)   M=C:\BORLAND\BCC55\LIB\CW32.LIB|initwild ACBP=A9
 0001:000D59B0 00000011 C=CODE    S=_TEXT    G=(none)   M=C:\BORLAND\BCC55\LIB\CW32.LIB|exparg ACBP=A9
 0001:000D59C4 00000011 C=CODE    S=_TEXT    G=(none)   M=C:\BORLAND\BCC55\LIB\CW32.LIB|wexparg ACBP=A9
 0001:000D59D8 00000027 C=CODE    S=_TEXT    G=(none)   M=C:\BORLAND\BCC55\LIB\CW32.LIB|initargv ACBP=A9
 0001:000D5A00 0000016C C=CODE    S=_TEXT    G=(none)   M=C:\BORLAND\BCC55\LIB\CW32.LIB|setargv ACBP=A9
 0001:000D5B6C 000001E5 C=CODE    S=_TEXT    G=(none)   M=C:\BORLAND\BCC55\LIB\CW32.LIB|hsargv ACBP=A9
 0001:000D5D54 00000227 C=CODE    S=_TEXT    G=(none)   M=C:\BORLAND\BCC55\LIB\CW32.LIB|whsargv ACBP=A9
 0001:000D5F7C 00000045 C=CODE    S=_TEXT    G=(none)   M=C:\BORLAND\BCC55\LIB\CW32.LIB|setargv0 ACBP=A9
 0001:000D5FC4 000001A0 C=CODE    S=_TEXT    G=(none)   M=C:\BORLAND\BCC55\LIB\CW32.LIB|setenvp ACBP=A9
 0001:000D6164 000002F8 C=CODE    S=_TEXT    G=(none)   M=C:\BORLAND\BCC55\LIB\CW32.LIB|signal ACBP=A9
 0001:000D645C 00000157 C=CODE    S=_TEXT    G=(none)   M=C:\BORLAND\BCC55\LIB\CW32.LIB|initexit ACBP=A9
 0001:000D65B4 000001A4 C=CODE    S=_TEXT    G=(none)   M=C:\BORLAND\BCC55\LIB\CW32.LIB|startup ACBP=A9
 0001:000D6758 0000004F C=CODE    S=_TEXT    G=(none)   M=C:\BORLAND\BCC55\LIB\CW32.LIB|tlsstat ACBP=A9
 0001:000D67A8 000001A9 C=CODE    S=_TEXT    G=(none)   M=C:\BORLAND\BCC55\LIB\CW32.LIB|gmtime ACBP=A9
 0001:000D6954 000002A4 C=CODE    S=_TEXT    G=(none)   M=C:\BORLAND\BCC55\LIB\CW32.LIB|timefunc ACBP=A9
 0001:000D6BF8 00000006 C=CODE    S=_TEXT    G=(none)   M=C:\BORLAND\BCC55\LIB\CW32.LIB|tzdata ACBP=A9
 0001:000D6C00 000001C8 C=CODE    S=_TEXT    G=(none)   M=C:\BORLAND\BCC55\LIB\CW32.LIB|tzset ACBP=A9
 0001:000D6DC8 00000008 C=CODE    S=_TEXT    G=(none)   M=C:\BORLAND\BCC55\LIB\CW32.LIB|_tzset ACBP=A9
 0001:000D6DD0 00000017 C=CODE    S=_TEXT    G=(none)   M=C:\BORLAND\BCC55\LIB\CW32.LIB|clock ACBP=A9
 0001:000D6DE8 0000009E C=CODE    S=_TEXT    G=(none)   M=C:\BORLAND\BCC55\LIB\CW32.LIB|ftime ACBP=A9
 0001:000D6E88 00000156 C=CODE    S=_TEXT    G=(none)   M=C:\BORLAND\BCC55\LIB\CW32.LIB|statcvt ACBP=A9
 0001:000D6FE0 0000004D C=CODE    S=_TEXT    G=(none)   M=C:\BORLAND\BCC55\LIB\CW32.LIB|time ACBP=A9
 0001:000D7030 00001BA2 C=CODE    S=_TEXT    G=(none)   M=C:\BORLAND\BCC55\LIB\CW32.LIB|xx ACBP=A9
 0002:00000234 000000A4 C=DATA    S=_DATA    G=DGROUP   M=C:\BORLAND\BCC55\LIB\C0W32.OBJ ACBP=A9
 0002:000002D8 00002FBC C=DATA    S=_DATA    G=DGROUP   M=C:\HELIO\SISMASTER\HTIPLUG.OBJ ACBP=A9
 0002:00003294 00000D38 C=DATA    S=_DATA    G=DGROUP   M=C:\HELIO\SISMASTER\ERRORSYS.OBJ ACBP=A9
 0002:00003FCC 00005960 C=DATA    S=_DATA    G=DGROUP   M=C:\HELIO\SISMASTER\HTIPLUB.OBJ ACBP=A9
 0002:0000992C 00000988 C=DATA    S=_DATA    G=DGROUP   M=C:\XHARBOUR997\LIB\LANG.LIB|msgen ACBP=A9
 0002:0000A2B4 00000AE8 C=DATA    S=_DATA    G=DGROUP   M=C:\XHARBOUR997\LIB\LANG.LIB|msges ACBP=A9
 0002:0000AD9C 000001A0 C=DATA    S=_DATA    G=DGROUP   M=C:\XHARBOUR997\LIB\VM.LIB|arrayshb ACBP=A9
 0002:0000AF3C 0000056C C=DATA    S=_DATA    G=DGROUP   M=C:\XHARBOUR997\LIB\VM.LIB|classes ACBP=A9
 0002:0000B4A8 000000E4 C=DATA    S=_DATA    G=DGROUP   M=C:\XHARBOUR997\LIB\VM.LIB|cmdarg ACBP=A9
 0002:0000B58C 00000034 C=DATA    S=_DATA    G=DGROUP   M=C:\XHARBOUR997\LIB\VM.LIB|codebloc ACBP=A9
 0002:0000B5C0 00000014 C=DATA    S=_DATA    G=DGROUP   M=C:\XHARBOUR997\LIB\VM.LIB|dynsym ACBP=A9
 0002:0000B5D4 000001D4 C=DATA    S=_DATA    G=DGROUP   M=C:\XHARBOUR997\LIB\VM.LIB|errorapi ACBP=A9
 0002:0000B7A8 00000144 C=DATA    S=_DATA    G=DGROUP   M=C:\XHARBOUR997\LIB\VM.LIB|estack ACBP=A9
 0002:0000B8EC 0000001C C=DATA    S=_DATA    G=DGROUP   M=C:\XHARBOUR997\LIB\VM.LIB|eval ACBP=A9
 0002:0000B908 00000008 C=DATA    S=_DATA    G=DGROUP   M=C:\XHARBOUR997\LIB\VM.LIB|evalhb ACBP=A9
 0002:0000B910 00000004 C=DATA    S=_DATA    G=DGROUP   M=C:\XHARBOUR997\LIB\VM.LIB|extend ACBP=A9
 0002:0000B914 00000044 C=DATA    S=_DATA    G=DGROUP   M=C:\XHARBOUR997\LIB\VM.LIB|garbage ACBP=A9
 0002:0000B958 00000328 C=DATA    S=_DATA    G=DGROUP   M=C:\XHARBOUR997\LIB\VM.LIB|hash ACBP=A9
 0002:0000BC80 000000E0 C=DATA    S=_DATA    G=DGROUP   M=C:\XHARBOUR997\LIB\VM.LIB|hbi18n ACBP=A9
 0002:0000BD60 00000DC8 C=DATA    S=_DATA    G=DGROUP   M=C:\XHARBOUR997\LIB\VM.LIB|hvm ACBP=A9
 0002:0000CB28 00000568 C=DATA    S=_DATA    G=DGROUP   M=C:\XHARBOUR997\LIB\VM.LIB|initsymb ACBP=A9
 0002:0000D090 00000034 C=DATA    S=_DATA    G=DGROUP   M=C:\XHARBOUR997\LIB\VM.LIB|itemapi ACBP=A9
 0002:0000D0C4 000000A8 C=DATA    S=_DATA    G=DGROUP   M=C:\XHARBOUR997\LIB\VM.LIB|fastitem ACBP=A9
 0002:0000D16C 00000024 C=DATA    S=_DATA    G=DGROUP   M=C:\XHARBOUR997\LIB\VM.LIB|macro ACBP=A9
 0002:0000D190 00000004 C=DATA    S=_DATA    G=DGROUP   M=C:\XHARBOUR997\LIB\VM.LIB|mainwin ACBP=A9
 0002:0000D194 00000124 C=DATA    S=_DATA    G=DGROUP   M=C:\XHARBOUR997\LIB\VM.LIB|memvars ACBP=A9
 0002:0000D2B8 000000C8 C=DATA    S=_DATA    G=DGROUP   M=C:\XHARBOUR997\LIB\VM.LIB|proc ACBP=A9
 0002:0000D380 0000001C C=DATA    S=_DATA    G=DGROUP   M=C:\XHARBOUR997\LIB\VM.LIB|thread ACBP=A9
 0002:0000D39C 00000008 C=DATA    S=_DATA    G=DGROUP   M=C:\XHARBOUR997\LIB\VM.LIB|throw ACBP=A9
 0002:0000D3A4 00000444 C=DATA    S=_DATA    G=DGROUP   M=C:\XHARBOUR997\LIB\VM.LIB|harbinit ACBP=A9
 0002:0000D7E8 00000004 C=DATA    S=_DATA    G=DGROUP   M=C:\XHARBOUR997\LIB\RTL.LIB|abs ACBP=A9
 0002:0000D7EC 0000000C C=DATA    S=_DATA    G=DGROUP   M=C:\XHARBOUR997\LIB\RTL.LIB|at ACBP=A9
 0002:0000D7F8 00000010 C=DATA    S=_DATA    G=DGROUP   M=C:\XHARBOUR997\LIB\RTL.LIB|bkgtsks ACBP=A9
 0002:0000D808 0000000C C=DATA    S=_DATA    G=DGROUP   M=C:\XHARBOUR997\LIB\RTL.LIB|box ACBP=A9
 0002:0000D814 00000264 C=DATA    S=_DATA    G=DGROUP   M=C:\XHARBOUR997\LIB\RTL.LIB|cdpapi ACBP=A9
 0002:0000DA78 00000008 C=DATA    S=_DATA    G=DGROUP   M=C:\XHARBOUR997\LIB\RTL.LIB|chrasc ACBP=A9
 0002:0000DA80 00000004 C=DATA    S=_DATA    G=DGROUP   M=C:\XHARBOUR997\LIB\RTL.LIB|colorind ACBP=A9
 0002:0000DA84 0000002C C=DATA    S=_DATA    G=DGROUP   M=C:\XHARBOUR997\LIB\RTL.LIB|console ACBP=A9
 0002:0000DAB0 00000010 C=DATA    S=_DATA    G=DGROUP   M=C:\XHARBOUR997\LIB\RTL.LIB|datec ACBP=A9
 0002:0000DAC0 00000040 C=DATA    S=_DATA    G=DGROUP   M=C:\XHARBOUR997\LIB\RTL.LIB|dates ACBP=A9
 0002:0000DB00 00000034 C=DATA    S=_DATA    G=DGROUP   M=C:\XHARBOUR997\LIB\RTL.LIB|dateshb ACBP=A9
 0002:0000DB34 00000018 C=DATA    S=_DATA    G=DGROUP   M=C:\XHARBOUR997\LIB\RTL.LIB|direct ACBP=A9
 0002:0000DB4C 00000024 C=DATA    S=_DATA    G=DGROUP   M=C:\XHARBOUR997\LIB\RTL.LIB|diskspac ACBP=A9
 0002:0000DB70 00000018 C=DATA    S=_DATA    G=DGROUP   M=C:\XHARBOUR997\LIB\RTL.LIB|filesys ACBP=A9
 0002:0000DB88 00000004 C=DATA    S=_DATA    G=DGROUP   M=C:\XHARBOUR997\LIB\RTL.LIB|fserror ACBP=A9
 0002:0000DB8C 00000094 C=DATA    S=_DATA    G=DGROUP   M=C:\XHARBOUR997\LIB\RTL.LIB|fparse ACBP=A9
 0002:0000DC20 00000004 C=DATA    S=_DATA    G=DGROUP   M=C:\XHARBOUR997\LIB\RTL.LIB|fstemp ACBP=A9
 0002:0000DC24 00000004 C=DATA    S=_DATA    G=DGROUP   M=C:\XHARBOUR997\LIB\RTL.LIB|gete ACBP=A9
 0002:0000DC28 00000184 C=DATA    S=_DATA    G=DGROUP   M=C:\XHARBOUR997\LIB\RTL.LIB|gtapi ACBP=A9
 0002:0000DDAC 00000068 C=DATA    S=_DATA    G=DGROUP   M=C:\XHARBOUR997\LIB\RTL.LIB|gx ACBP=A9
 0002:0000DE14 00000060 C=DATA    S=_DATA    G=DGROUP   M=C:\XHARBOUR997\LIB\RTL.LIB|hbbitf ACBP=A9
 0002:0000DE74 00000020 C=DATA    S=_DATA    G=DGROUP   M=C:\XHARBOUR997\LIB\RTL.LIB|hbffind ACBP=A9
 0002:0000DE94 00000024 C=DATA    S=_DATA    G=DGROUP   M=C:\XHARBOUR997\LIB\RTL.LIB|hbhex2n ACBP=A9
 0002:0000DEB8 00000004 C=DATA    S=_DATA    G=DGROUP   M=C:\XHARBOUR997\LIB\RTL.LIB|hbrandom ACBP=A9
 0002:0000DEBC 00000018 C=DATA    S=_DATA    G=DGROUP   M=C:\XHARBOUR997\LIB\RTL.LIB|idle ACBP=A9
 0002:0000DED4 0000002C C=DATA    S=_DATA    G=DGROUP   M=C:\XHARBOUR997\LIB\RTL.LIB|inkey ACBP=A9
 0002:0000DF00 00000060 C=DATA    S=_DATA    G=DGROUP   M=C:\XHARBOUR997\LIB\RTL.LIB|langapi ACBP=A9
 0002:0000DF60 00000008 C=DATA    S=_DATA    G=DGROUP   M=C:\XHARBOUR997\LIB\RTL.LIB|left ACBP=A9
 0002:0000DF68 00000004 C=DATA    S=_DATA    G=DGROUP   M=C:\XHARBOUR997\LIB\RTL.LIB|len ACBP=A9
 0002:0000DF6C 00000154 C=DATA    S=_DATA    G=DGROUP   M=C:\XHARBOUR997\LIB\RTL.LIB|math ACBP=A9
 0002:0000E0C0 00000004 C=DATA    S=_DATA    G=DGROUP   M=C:\XHARBOUR997\LIB\RTL.LIB|memofile ACBP=A9
 0002:0000E0C4 00000008 C=DATA    S=_DATA    G=DGROUP   M=C:\XHARBOUR997\LIB\RTL.LIB|minmax ACBP=A9
 0002:0000E0CC 00000010 C=DATA    S=_DATA    G=DGROUP   M=C:\XHARBOUR997\LIB\RTL.LIB|mouseapi ACBP=A9
 0002:0000E0DC 00000038 C=DATA    S=_DATA    G=DGROUP   M=C:\XHARBOUR997\LIB\RTL.LIB|natmsg ACBP=A9
 0002:0000E114 00000004 C=DATA    S=_DATA    G=DGROUP   M=C:\XHARBOUR997\LIB\RTL.LIB|oemansi ACBP=A9
 0002:0000E118 00000004 C=DATA    S=_DATA    G=DGROUP   M=C:\XHARBOUR997\LIB\RTL.LIB|padc ACBP=A9
 0002:0000E11C 00000004 C=DATA    S=_DATA    G=DGROUP   M=C:\XHARBOUR997\LIB\RTL.LIB|padl ACBP=A9
 0002:0000E120 00000004 C=DATA    S=_DATA    G=DGROUP   M=C:\XHARBOUR997\LIB\RTL.LIB|padr ACBP=A9
 0002:0000E124 000000E0 C=DATA    S=_DATA    G=DGROUP   M=C:\XHARBOUR997\LIB\RTL.LIB|philes ACBP=A9
 0002:0000E204 00000020 C=DATA    S=_DATA    G=DGROUP   M=C:\XHARBOUR997\LIB\RTL.LIB|philesx ACBP=A9
 0002:0000E224 0000008C C=DATA    S=_DATA    G=DGROUP   M=C:\XHARBOUR997\LIB\RTL.LIB|regex ACBP=A9
 0002:0000E2B0 0000000C C=DATA    S=_DATA    G=DGROUP   M=C:\XHARBOUR997\LIB\RTL.LIB|replic ACBP=A9
 0002:0000E2BC 0000000C C=DATA    S=_DATA    G=DGROUP   M=C:\XHARBOUR997\LIB\RTL.LIB|round ACBP=A9
 0002:0000E2C8 00000008 C=DATA    S=_DATA    G=DGROUP   M=C:\XHARBOUR997\LIB\RTL.LIB|seconds ACBP=A9
 0002:0000E2D0 000000AC C=DATA    S=_DATA    G=DGROUP   M=C:\XHARBOUR997\LIB\RTL.LIB|set ACBP=A9
 0002:0000E37C 00000008 C=DATA    S=_DATA    G=DGROUP   M=C:\XHARBOUR997\LIB\RTL.LIB|space ACBP=A9
 0002:0000E384 00000004 C=DATA    S=_DATA    G=DGROUP   M=C:\XHARBOUR997\LIB\RTL.LIB|spfiles ACBP=A9
 0002:0000E388 00000004 C=DATA    S=_DATA    G=DGROUP   M=C:\XHARBOUR997\LIB\RTL.LIB|str ACBP=A9
 0002:0000E38C 0000000C C=DATA    S=_DATA    G=DGROUP   M=C:\XHARBOUR997\LIB\RTL.LIB|strcase ACBP=A9
 0002:0000E398 00000004 C=DATA    S=_DATA    G=DGROUP   M=C:\XHARBOUR997\LIB\RTL.LIB|strdel ACBP=A9
 0002:0000E39C 0000000C C=DATA    S=_DATA    G=DGROUP   M=C:\XHARBOUR997\LIB\RTL.LIB|strtran ACBP=A9
 0002:0000E3A8 0000000C C=DATA    S=_DATA    G=DGROUP   M=C:\XHARBOUR997\LIB\RTL.LIB|strzero ACBP=A9
 0002:0000E3B4 00000004 C=DATA    S=_DATA    G=DGROUP   M=C:\XHARBOUR997\LIB\RTL.LIB|stuff ACBP=A9
 0002:0000E3B8 00000008 C=DATA    S=_DATA    G=DGROUP   M=C:\XHARBOUR997\LIB\RTL.LIB|substr ACBP=A9
 0002:0000E3C0 00000090 C=DATA    S=_DATA    G=DGROUP   M=C:\XHARBOUR997\LIB\RTL.LIB|tprinter ACBP=A9
 0002:0000E450 0000002C C=DATA    S=_DATA    G=DGROUP   M=C:\XHARBOUR997\LIB\RTL.LIB|trace ACBP=A9
 0002:0000E47C 0000016C C=DATA    S=_DATA    G=DGROUP   M=C:\XHARBOUR997\LIB\RTL.LIB|transfrm ACBP=A9
 0002:0000E5E8 00000010 C=DATA    S=_DATA    G=DGROUP   M=C:\XHARBOUR997\LIB\RTL.LIB|trim ACBP=A9
 0002:0000E5F8 0000000C C=DATA    S=_DATA    G=DGROUP   M=C:\XHARBOUR997\LIB\RTL.LIB|txtline ACBP=A9
 0002:0000E604 00000008 C=DATA    S=_DATA    G=DGROUP   M=C:\XHARBOUR997\LIB\RTL.LIB|type ACBP=A9
 0002:0000E60C 00000004 C=DATA    S=_DATA    G=DGROUP   M=C:\XHARBOUR997\LIB\RTL.LIB|val ACBP=A9
 0002:0000E610 0000000C C=DATA    S=_DATA    G=DGROUP   M=C:\XHARBOUR997\LIB\RTL.LIB|valtype ACBP=A9
 0002:0000E61C 0000005C C=DATA    S=_DATA    G=DGROUP   M=C:\XHARBOUR997\LIB\RTL.LIB|version ACBP=A9
 0002:0000E678 00000008 C=DATA    S=_DATA    G=DGROUP   M=C:\XHARBOUR997\LIB\RTL.LIB|word ACBP=A9
 0002:0000E680 00000008 C=DATA    S=_DATA    G=DGROUP   M=C:\XHARBOUR997\LIB\RTL.LIB|xhelp ACBP=A9
 0002:0000E688 00000004 C=DATA    S=_DATA    G=DGROUP   M=C:\XHARBOUR997\LIB\RTL.LIB|xsavescr ACBP=A9
 0002:0000E68C 00001010 C=DATA    S=_DATA    G=DGROUP   M=C:\XHARBOUR997\LIB\RTL.LIB|alert ACBP=A9
 0002:0000F69C 00000800 C=DATA    S=_DATA    G=DGROUP   M=C:\XHARBOUR997\LIB\RTL.LIB|color53 ACBP=A9
 0002:0000FE9C 00000FD8 C=DATA    S=_DATA    G=DGROUP   M=C:\XHARBOUR997\LIB\RTL.LIB|cstr ACBP=A9
 0002:00010E74 0000011C C=DATA    S=_DATA    G=DGROUP   M=C:\XHARBOUR997\LIB\RTL.LIB|getlist ACBP=A9
 0002:00010F90 00001004 C=DATA    S=_DATA    G=DGROUP   M=C:\XHARBOUR997\LIB\RTL.LIB|getsys ACBP=A9
 0002:00011F94 00000C1C C=DATA    S=_DATA    G=DGROUP   M=C:\XHARBOUR997\LIB\RTL.LIB|hbserial ACBP=A9
 0002:00012BB0 00003C94 C=DATA    S=_DATA    G=DGROUP   M=C:\XHARBOUR997\LIB\RTL.LIB|listbox ACBP=A9
 0002:00016844 000000DC C=DATA    S=_DATA    G=DGROUP   M=C:\XHARBOUR997\LIB\RTL.LIB|memvarbl ACBP=A9
 0002:00016920 00000954 C=DATA    S=_DATA    G=DGROUP   M=C:\XHARBOUR997\LIB\RTL.LIB|menuto ACBP=A9
 0002:00017274 00000BEC C=DATA    S=_DATA    G=DGROUP   M=C:\XHARBOUR997\LIB\RTL.LIB|mssgline ACBP=A9
 0002:00017E60 00001128 C=DATA    S=_DATA    G=DGROUP   M=C:\XHARBOUR997\LIB\RTL.LIB|objfunc ACBP=A9
 0002:00018F88 000000E8 C=DATA    S=_DATA    G=DGROUP   M=C:\XHARBOUR997\LIB\RTL.LIB|readvar ACBP=A9
 0002:00019070 00001840 C=DATA    S=_DATA    G=DGROUP   M=C:\XHARBOUR997\LIB\RTL.LIB|scrollbr ACBP=A9
 0002:0001A8B0 00002A34 C=DATA    S=_DATA    G=DGROUP   M=C:\XHARBOUR997\LIB\RTL.LIB|tclass ACBP=A9
 0002:0001D2E4 000005A8 C=DATA    S=_DATA    G=DGROUP   M=C:\XHARBOUR997\LIB\RTL.LIB|terror ACBP=A9
 0002:0001D88C 00005934 C=DATA    S=_DATA    G=DGROUP   M=C:\XHARBOUR997\LIB\RTL.LIB|tget ACBP=A9
 0002:000231C0 000003B0 C=DATA    S=_DATA    G=DGROUP   M=C:\XHARBOUR997\LIB\RTL.LIB|tgetint ACBP=A9
 0002:00023570 00003CC8 C=DATA    S=_DATA    G=DGROUP   M=C:\XHARBOUR997\LIB\RTL.LIB|tgetlist ACBP=A9
 0002:00027238 0000079C C=DATA    S=_DATA    G=DGROUP   M=C:\XHARBOUR997\LIB\RTL.LIB|tobject ACBP=A9
 0002:000279D4 0000040C C=DATA    S=_DATA    G=DGROUP   M=C:\XHARBOUR997\LIB\RTL.LIB|traceprg ACBP=A9
 0002:00027DE0 000021E4 C=DATA    S=_DATA    G=DGROUP   M=C:\XHARBOUR997\LIB\RTL.LIB|win32ole ACBP=A9
 0002:00029FC4 00000518 C=DATA    S=_DATA    G=DGROUP   M=C:\XHARBOUR997\LIB\RTL.LIB|winos ACBP=A9
 0002:0002A4DC 000003C0 C=DATA    S=_DATA    G=DGROUP   M=C:\XHARBOUR997\LIB\RTL.LIB|winreg ACBP=A9
 0002:0002A89C 000004CC C=DATA    S=_DATA    G=DGROUP   M=C:\XHARBOUR997\LIB\RDD.LIB|dbcmd ACBP=A9
 0002:0002AD68 00000028 C=DATA    S=_DATA    G=DGROUP   M=C:\XHARBOUR997\LIB\RDD.LIB|workarea ACBP=A9
 0002:0002AD90 0000020C C=DATA    S=_DATA    G=DGROUP   M=C:\XHARBOUR997\LIB\RDD.LIB|dbf1 ACBP=A9
 0002:0002AF9C 00000304 C=DATA    S=_DATA    G=DGROUP   M=C:\XHARBOUR997\LIB\RDD.LIB|rddord ACBP=A9
 0002:0002B2A0 0000006C C=DATA    S=_DATA    G=DGROUP   M=C:\XHARBOUR997\LIB\RDD.LIB|rddsys ACBP=A9
 0002:0002B30C 00002D48 C=DATA    S=_DATA    G=DGROUP   M=C:\XHARBOUR997\LIB\MACRO.LIB|macroy ACBP=A9
 0002:0002E054 0000003E C=DATA    S=_DATA    G=DGROUP   M=C:\XHARBOUR997\LIB\MACRO.LIB|macroa ACBP=A9
 0002:0002E094 00000158 C=DATA    S=_DATA    G=DGROUP   M=C:\XHARBOUR997\LIB\MACRO.LIB|macrob ACBP=A9
 0002:0002E1EC 00000C44 C=DATA    S=_DATA    G=DGROUP   M=C:\XHARBOUR997\LIB\MACRO.LIB|macroslx ACBP=A9
 0002:0002EE30 0000054C C=DATA    S=_DATA    G=DGROUP   M=C:\XHARBOUR997\LIB\DBFNTX.LIB|dbfntx1 ACBP=A9
 0002:0002F37C 00000280 C=DATA    S=_DATA    G=DGROUP   M=C:\XHARBOUR997\LIB\DBFFPT.LIB|dbffpt1 ACBP=A9
 0002:0002F5FC 00000F38 C=DATA    S=_DATA    G=DGROUP   M=C:\XHARBOUR997\LIB\DBFCDX.LIB|dbfcdx1 ACBP=A9
 0002:00030534 0000175C C=DATA    S=_DATA    G=DGROUP   M=C:\XHARBOUR997\LIB\WVWTOOLS.LIB|gchckbox ACBP=A9
 0002:00031C90 00002DFC C=DATA    S=_DATA    G=DGROUP   M=C:\XHARBOUR997\LIB\WVWTOOLS.LIB|getsys ACBP=A9
 0002:00034A8C 000040B4 C=DATA    S=_DATA    G=DGROUP   M=C:\XHARBOUR997\LIB\WVWTOOLS.LIB|glistbox ACBP=A9
 0002:00038B40 00001538 C=DATA    S=_DATA    G=DGROUP   M=C:\XHARBOUR997\LIB\WVWTOOLS.LIB|gpushbtn ACBP=A9
 0002:0003A078 00001C5C C=DATA    S=_DATA    G=DGROUP   M=C:\XHARBOUR997\LIB\WVWTOOLS.LIB|gradigrp ACBP=A9
 0002:0003BCD4 000016E4 C=DATA    S=_DATA    G=DGROUP   M=C:\XHARBOUR997\LIB\WVWTOOLS.LIB|gtwvw ACBP=A9
 0002:0003D3B8 0000182C C=DATA    S=_DATA    G=DGROUP   M=C:\XHARBOUR997\LIB\WVWTOOLS.LIB|middlwvw ACBP=A9
 0002:0003EBE4 00001924 C=DATA    S=_DATA    G=DGROUP   M=C:\XHARBOUR997\LIB\WVWTOOLS.LIB|tappl ACBP=A9
 0002:00040508 000046A4 C=DATA    S=_DATA    G=DGROUP   M=C:\XHARBOUR997\LIB\WVWTOOLS.LIB|tgetlist ACBP=A9
 0002:00044BAC 000027D4 C=DATA    S=_DATA    G=DGROUP   M=C:\XHARBOUR997\LIB\WVWTOOLS.LIB|ttabpage ACBP=A9
 0002:00047380 000055FC C=DATA    S=_DATA    G=DGROUP   M=C:\XHARBOUR997\LIB\WVWTOOLS.LIB|twindows ACBP=A9
 0002:0004C97C 000016A0 C=DATA    S=_DATA    G=DGROUP   M=C:\XHARBOUR997\LIB\WVWTOOLS.LIB|wvwmisc ACBP=A9
 0002:0004E01C 00001104 C=DATA    S=_DATA    G=DGROUP   M=C:\SQLRDD997\LIB\BC5\SQL.LIB|sqly ACBP=A9
 0002:0004F120 000047C0 C=DATA    S=_DATA    G=DGROUP   M=C:\SQLRDD997\LIB\BC5\SQL.LIB|sqlconnection ACBP=A9
 0002:000538E0 000070AC C=DATA    S=_DATA    G=DGROUP   M=C:\SQLRDD997\LIB\BC5\SQL.LIB|sqlrdd0 ACBP=A9
 0002:0005A98C 00023630 C=DATA    S=_DATA    G=DGROUP   M=C:\SQLRDD997\LIB\BC5\SQL.LIB|sqlrdd2 ACBP=A9
 0002:0007DFBC 00004EC4 C=DATA    S=_DATA    G=DGROUP   M=C:\SQLRDD997\LIB\BC5\SQL.LIB|utils ACBP=A9
 0002:00082E80 00005A24 C=DATA    S=_DATA    G=DGROUP   M=C:\SQLRDD997\LIB\BC5\SQL.LIB|sqlgen1 ACBP=A9
 0002:000888A4 00002310 C=DATA    S=_DATA    G=DGROUP   M=C:\SQLRDD997\LIB\BC5\SQL.LIB|utilslang ACBP=A9
 0002:0008ABB4 00001514 C=DATA    S=_DATA    G=DGROUP   M=C:\SQLRDD997\LIB\BC5\SQL.LIB|sqlfirebird ACBP=A9
 0002:0008C0C8 0000009C C=DATA    S=_DATA    G=DGROUP   M=C:\SQLRDD997\LIB\BC5\SQL.LIB|sqlact ACBP=A9
 0002:0008C164 00000458 C=DATA    S=_DATA    G=DGROUP   M=C:\SQLRDD997\LIB\BC5\SQL.LIB|firebird ACBP=A9
 0002:0008C5BC 00000010 C=DATA    S=_DATA    G=DGROUP   M=C:\SQLRDD997\LIB\BC5\SQL.LIB|sqllex ACBP=A9
 0002:0008C5CC 000006E4 C=DATA    S=_DATA    G=DGROUP   M=C:\SQLRDD997\LIB\BC5\SQL.LIB|sqlrdd1 ACBP=A9
 0002:0008CCB0 0000359C C=DATA    S=_DATA    G=DGROUP   M=C:\SQLRDD997\LIB\BC5\SQL.LIB|sqlora ACBP=A9
 0002:0009024C 00000094 C=DATA    S=_DATA    G=DGROUP   M=C:\XHARBOUR997\LIB\CODEPAGE.LIB|cpesdos ACBP=A9
 0002:000902E0 000000B0 C=DATA    S=_DATA    G=DGROUP   M=C:\XHARBOUR997\LIB\CODEPAGE.LIB|cpesmwin ACBP=A9
 0002:00090390 00000098 C=DATA    S=_DATA    G=DGROUP   M=C:\XHARBOUR997\LIB\CODEPAGE.LIB|cpeswin ACBP=A9
 0002:00090428 000000B8 C=DATA    S=_DATA    G=DGROUP   M=C:\XHARBOUR997\LIB\CODEPAGE.LIB|cppt850 ACBP=A9
 0002:000904E0 00000218 C=DATA    S=_DATA    G=DGROUP   M=C:\XHARBOUR997\LIB\CODEPAGE.LIB|uc850 ACBP=A9
 0002:000906F8 0000021C C=DATA    S=_DATA    G=DGROUP   M=C:\XHARBOUR997\LIB\CODEPAGE.LIB|uc8859_1 ACBP=A9
 0002:00090914 00000008 C=DATA    S=_DATA    G=DGROUP   M=C:\XHARBOUR997\LIB\COMMON.LIB|hbfsapi ACBP=A9
 0002:0009091C 00000088 C=DATA    S=_DATA    G=DGROUP   M=C:\XHARBOUR997\LIB\COMMON.LIB|hbstr ACBP=A9
 0002:000909A4 000000C0 C=DATA    S=_DATA    G=DGROUP   M=C:\XHARBOUR997\LIB\COMMON.LIB|hbtrace ACBP=A9
 0002:00090A64 00000FCC C=DATA    S=_DATA    G=DGROUP   M=C:\XHARBOUR997\LIB\COMMON.LIB|hbver ACBP=A9
 0002:00091A30 000001AC C=DATA    S=_DATA    G=DGROUP   M=C:\XHARBOUR997\LIB\COMMON.LIB|expropt1 ACBP=A9
 0002:00091BDC 0000025C C=DATA    S=_DATA    G=DGROUP   M=C:\XHARBOUR997\LIB\COMMON.LIB|reserved ACBP=A9
 0002:00091E38 00000440 C=DATA    S=_DATA    G=DGROUP   M=C:\XHARBOUR997\LIB\PCREPOS.LIB|chartables ACBP=A9
 0002:00092278 0000025C C=DATA    S=_DATA    G=DGROUP   M=C:\XHARBOUR997\LIB\PCREPOS.LIB|pcreposix ACBP=A9
 0002:000924D4 000009B4 C=DATA    S=_DATA    G=DGROUP   M=C:\XHARBOUR997\LIB\PCREPOS.LIB|pcre_compile ACBP=A9
 0002:00092E88 0000000C C=DATA    S=_DATA    G=DGROUP   M=C:\XHARBOUR997\LIB\PCREPOS.LIB|pcre_exec ACBP=A9
 0002:00092E94 00000014 C=DATA    S=_DATA    G=DGROUP   M=C:\XHARBOUR997\LIB\PCREPOS.LIB|pcre_globals ACBP=A9
 0002:00092EA8 00000274 C=DATA    S=_DATA    G=DGROUP   M=C:\XHARBOUR997\LIB\PCREPOS.LIB|pcre_tables ACBP=A9
 0002:0009311C 000161E8 C=DATA    S=_DATA    G=DGROUP   M=C:\XHARBOUR997\LIB\PCREPOS.LIB|pcre_ucp_findchar ACBP=A9
 0002:000A9304 00000004 C=DATA    S=_DATA    G=DGROUP   M=C:\BORLAND\BCC55\LIB\CW32.LIB|virtmem ACBP=A9
 0002:000A9308 00000098 C=DATA    S=_DATA    G=DGROUP   M=C:\BORLAND\BCC55\LIB\CW32.LIB|hrdir_b ACBP=A9
 0002:000A93A0 00000020 C=DATA    S=_DATA    G=DGROUP   M=C:\BORLAND\BCC55\LIB\CW32.LIB|hrdir_s ACBP=A9
 0002:000A93C0 00000040 C=DATA    S=_DATA    G=DGROUP   M=C:\BORLAND\BCC55\LIB\CW32.LIB|heap ACBP=A9
 0002:000A9400 00000004 C=DATA    S=_DATA    G=DGROUP   M=C:\BORLAND\BCC55\LIB\CW32.LIB|xx_xpf ACBP=A9
 0002:000A9404 00000330 C=DATA    S=_DATA    G=DGROUP   M=C:\BORLAND\BCC55\LIB\CW32.LIB|xxtype ACBP=A9
 0002:000A9724 0000003C C=DATA    S=_DATA    G=DGROUP   M=C:\BORLAND\BCC55\LIB\CW32.LIB|xxut ACBP=A9
 0002:000A9760 000000E4 C=DATA    S=_DATA    G=DGROUP   M=C:\BORLAND\BCC55\LIB\CW32.LIB|xxv ACBP=A9
 0002:000A9844 00000014 C=DATA    S=_DATA    G=DGROUP   M=C:\BORLAND\BCC55\LIB\CW32.LIB|except ACBP=A9
 0002:000A9858 0000000C C=DATA    S=_DATA    G=DGROUP   M=C:\BORLAND\BCC55\LIB\CW32.LIB|__dup2 ACBP=A9
 0002:000A9864 00000004 C=DATA    S=_DATA    G=DGROUP   M=C:\BORLAND\BCC55\LIB\CW32.LIB|_cfinfo ACBP=A9
 0002:000A9868 00000004 C=DATA    S=_DATA    G=DGROUP   M=C:\BORLAND\BCC55\LIB\CW32.LIB|_umask ACBP=A9
 0002:000A986C 00000004 C=DATA    S=_DATA    G=DGROUP   M=C:\BORLAND\BCC55\LIB\CW32.LIB|cfinfo ACBP=A9
 0002:000A9870 000004B0 C=DATA    S=_DATA    G=DGROUP   M=C:\BORLAND\BCC55\LIB\CW32.LIB|files ACBP=A9
 0002:000A9D20 000000CC C=DATA    S=_DATA    G=DGROUP   M=C:\BORLAND\BCC55\LIB\CW32.LIB|files2 ACBP=A9
 0002:000A9DEC 00000004 C=DATA    S=_DATA    G=DGROUP   M=C:\BORLAND\BCC55\LIB\CW32.LIB|fmode ACBP=A9
 0002:000A9DF0 00000004 C=DATA    S=_DATA    G=DGROUP   M=C:\BORLAND\BCC55\LIB\CW32.LIB|fmodeptr ACBP=A9
 0002:000A9DF4 0000012B C=DATA    S=_DATA    G=DGROUP   M=C:\BORLAND\BCC55\LIB\CW32.LIB|ioerror ACBP=A9
 0002:000A9F20 0000000C C=DATA    S=_DATA    G=DGROUP   M=C:\BORLAND\BCC55\LIB\CW32.LIB|mkname ACBP=A9
 0002:000A9F2C 0000047C C=DATA    S=_DATA    G=DGROUP   M=C:\BORLAND\BCC55\LIB\CW32.LIB|perror ACBP=A9
 0002:000AA3A8 00000082 C=DATA    S=_DATA    G=DGROUP   M=C:\BORLAND\BCC55\LIB\CW32.LIB|scanner ACBP=A9
 0002:000AA42C 00000018 C=DATA    S=_DATA    G=DGROUP   M=C:\BORLAND\BCC55\LIB\CW32.LIB|stat ACBP=A9
 0002:000AA444 00000076 C=DATA    S=_DATA    G=DGROUP   M=C:\BORLAND\BCC55\LIB\CW32.LIB|vprinter ACBP=A9
 0002:000AA4BC 00000202 C=DATA    S=_DATA    G=DGROUP   M=C:\BORLAND\BCC55\LIB\CW32.LIB|bigctype ACBP=A9
 0002:000AA6C0 0000003C C=DATA    S=_DATA    G=DGROUP   M=C:\BORLAND\BCC55\LIB\CW32.LIB|cconv ACBP=A9
 0002:000AA6FC 00000050 C=DATA    S=_DATA    G=DGROUP   M=C:\BORLAND\BCC55\LIB\CW32.LIB|convt ACBP=A9
 0002:000AA74C 00000100 C=DATA    S=_DATA    G=DGROUP   M=C:\BORLAND\BCC55\LIB\CW32.LIB|clower ACBP=A9
 0002:000AA84C 00000100 C=DATA    S=_DATA    G=DGROUP   M=C:\BORLAND\BCC55\LIB\CW32.LIB|cupper ACBP=A9
 0002:000AA94C 00000118 C=DATA    S=_DATA    G=DGROUP   M=C:\BORLAND\BCC55\LIB\CW32.LIB|locale ACBP=A9
 0002:000AAA64 00000260 C=DATA    S=_DATA    G=DGROUP   M=C:\BORLAND\BCC55\LIB\CW32.LIB|clocale ACBP=A9
 0002:000AACC4 00000068 C=DATA    S=_DATA    G=DGROUP   M=C:\BORLAND\BCC55\LIB\CW32.LIB|initcat ACBP=A9
 0002:000AAD2C 00000010 C=DATA    S=_DATA    G=DGROUP   M=C:\BORLAND\BCC55\LIB\CW32.LIB|_matherr ACBP=A9
 0002:000AAD3C 000000C0 C=DATA    S=_DATA    G=DGROUP   M=C:\BORLAND\BCC55\LIB\CW32.LIB|_pow10 ACBP=A9
 0002:000AADFC 00000068 C=DATA    S=_DATA    G=DGROUP   M=C:\BORLAND\BCC55\LIB\CW32.LIB|cvtfak ACBP=A9
 0002:000AAE64 00000068 C=DATA    S=_DATA    G=DGROUP   M=C:\BORLAND\BCC55\LIB\CW32.LIB|cvtfakw ACBP=A9
 0002:000AAECC 00000004 C=DATA    S=_DATA    G=DGROUP   M=C:\BORLAND\BCC55\LIB\CW32.LIB|deflt87 ACBP=A9
 0002:000AAED0 0000000C C=DATA    S=_DATA    G=DGROUP   M=C:\BORLAND\BCC55\LIB\CW32.LIB|exp ACBP=A9
 0002:000AAEDC 00000012 C=DATA    S=_DATA    G=DGROUP   M=C:\BORLAND\BCC55\LIB\CW32.LIB|f87exp ACBP=A9
 0002:000AAEF0 00000016 C=DATA    S=_DATA    G=DGROUP   M=C:\BORLAND\BCC55\LIB\CW32.LIB|f87log ACBP=A9
 0002:000AAF08 0000007C C=DATA    S=_DATA    G=DGROUP   M=C:\BORLAND\BCC55\LIB\CW32.LIB|hugeval ACBP=A9
 0002:000AAF84 00000008 C=DATA    S=_DATA    G=DGROUP   M=C:\BORLAND\BCC55\LIB\CW32.LIB|initcvt ACBP=A9
 0002:000AAF8C 0000000C C=DATA    S=_DATA    G=DGROUP   M=C:\BORLAND\BCC55\LIB\CW32.LIB|log ACBP=A9
 0002:000AAF98 00000008 C=DATA    S=_DATA    G=DGROUP   M=C:\BORLAND\BCC55\LIB\CW32.LIB|mathptr ACBP=A9
 0002:000AAFA0 00000044 C=DATA    S=_DATA    G=DGROUP   M=C:\BORLAND\BCC55\LIB\CW32.LIB|mathwhy ACBP=A9
 0002:000AAFE4 0000001C C=DATA    S=_DATA    G=DGROUP   M=C:\BORLAND\BCC55\LIB\CW32.LIB|pow ACBP=A9
 0002:000AB000 00000008 C=DATA    S=_DATA    G=DGROUP   M=C:\BORLAND\BCC55\LIB\CW32.LIB|rand ACBP=A9
 0002:000AB008 00000014 C=DATA    S=_DATA    G=DGROUP   M=C:\BORLAND\BCC55\LIB\CW32.LIB|realcvt ACBP=A9
 0002:000AB01C 00000028 C=DATA    S=_DATA    G=DGROUP   M=C:\BORLAND\BCC55\LIB\CW32.LIB|realcvtw ACBP=A9
 0002:000AB044 00000028 C=DATA    S=_DATA    G=DGROUP   M=C:\BORLAND\BCC55\LIB\CW32.LIB|scantod ACBP=A9
 0002:000AB06C 00000028 C=DATA    S=_DATA    G=DGROUP   M=C:\BORLAND\BCC55\LIB\CW32.LIB|scanwtod ACBP=A9
 0002:000AB094 00000010 C=DATA    S=_DATA    G=DGROUP   M=C:\BORLAND\BCC55\LIB\CW32.LIB|sqrt ACBP=A9
 0002:000AB0A4 00000048 C=DATA    S=_DATA    G=DGROUP   M=C:\BORLAND\BCC55\LIB\CW32.LIB|mbctype ACBP=A9
 0002:000AB0EC 00000024 C=DATA    S=_DATA    G=DGROUP   M=C:\BORLAND\BCC55\LIB\CW32.LIB|assert ACBP=A9
 0002:000AB110 00000024 C=DATA    S=_DATA    G=DGROUP   M=C:\BORLAND\BCC55\LIB\CW32.LIB|ermsghlp ACBP=A9
 0002:000AB134 00000004 C=DATA    S=_DATA    G=DGROUP   M=C:\BORLAND\BCC55\LIB\CW32.LIB|errno ACBP=A9
 0002:000AB138 00000010 C=DATA    S=_DATA    G=DGROUP   M=C:\BORLAND\BCC55\LIB\CW32.LIB|errormsg ACBP=A9
 0002:000AB148 00000028 C=DATA    S=_DATA    G=DGROUP   M=C:\BORLAND\BCC55\LIB\CW32.LIB|platform ACBP=A9
 0002:000AB170 00000020 C=DATA    S=_DATA    G=DGROUP   M=C:\BORLAND\BCC55\LIB\CW32.LIB|abort ACBP=A9
 0002:000AB190 00000004 C=DATA    S=_DATA    G=DGROUP   M=C:\BORLAND\BCC55\LIB\CW32.LIB|patexit ACBP=A9
 0002:000AB194 0000000C C=DATA    S=_DATA    G=DGROUP   M=C:\BORLAND\BCC55\LIB\CW32.LIB|exit ACBP=A9
 0002:000AB1A0 00000008 C=DATA    S=_DATA    G=DGROUP   M=C:\BORLAND\BCC55\LIB\CW32.LIB|saptr ACBP=A9
 0002:000AB1A8 00000008 C=DATA    S=_DATA    G=DGROUP   M=C:\BORLAND\BCC55\LIB\CW32.LIB|wsaptr ACBP=A9
 0002:000AB1B0 00000054 C=DATA    S=_DATA    G=DGROUP   M=C:\BORLAND\BCC55\LIB\CW32.LIB|setargv ACBP=A9
 0002:000AB204 00000028 C=DATA    S=_DATA    G=DGROUP   M=C:\BORLAND\BCC55\LIB\CW32.LIB|hsargv ACBP=A9
 0002:000AB22C 00000024 C=DATA    S=_DATA    G=DGROUP   M=C:\BORLAND\BCC55\LIB\CW32.LIB|whsargv ACBP=A9
 0002:000AB250 00000004 C=DATA    S=_DATA    G=DGROUP   M=C:\BORLAND\BCC55\LIB\CW32.LIB|wildptr ACBP=A9
 0002:000AB254 00000004 C=DATA    S=_DATA    G=DGROUP   M=C:\BORLAND\BCC55\LIB\CW32.LIB|wwildptr ACBP=A9
 0002:000AB258 00000020 C=DATA    S=_DATA    G=DGROUP   M=C:\BORLAND\BCC55\LIB\CW32.LIB|setargv0 ACBP=A9
 0002:000AB278 00000054 C=DATA    S=_DATA    G=DGROUP   M=C:\BORLAND\BCC55\LIB\CW32.LIB|setenvp ACBP=A9
 0002:000AB2CC 0000005E C=DATA    S=_DATA    G=DGROUP   M=C:\BORLAND\BCC55\LIB\CW32.LIB|signal ACBP=A9
 0002:000AB32C 00000004 C=DATA    S=_DATA    G=DGROUP   M=C:\BORLAND\BCC55\LIB\CW32.LIB|globals ACBP=A9
 0002:000AB330 00000004 C=DATA    S=_DATA    G=DGROUP   M=C:\BORLAND\BCC55\LIB\CW32.LIB|initexit ACBP=A9
 0002:000AB334 000001C4 C=DATA    S=_DATA    G=DGROUP   M=C:\BORLAND\BCC55\LIB\CW32.LIB|timedata ACBP=A9
 0002:000AB4F8 00000008 C=DATA    S=_DATA    G=DGROUP   M=C:\BORLAND\BCC55\LIB\CW32.LIB|tzdata ACBP=A9
 0002:000AB500 00000010 C=DATA    S=_DATA    G=DGROUP   M=C:\BORLAND\BCC55\LIB\CW32.LIB|tzset ACBP=A9
 0002:000AB510 00000004 C=DATA    S=_DATA    G=DGROUP   M=C:\BORLAND\BCC55\LIB\CW32.LIB|clock ACBP=A9
 0002:000AB514 0000088C C=DATA    S=_DATA    G=DGROUP   M=C:\BORLAND\BCC55\LIB\CW32.LIB|xx ACBP=A9
 0002:000ABDA0 00000010 C=DATA    S=_DATA    G=DGROUP   M=C:\BORLAND\BCC55\LIB\IMPORT32.LIB|uuid ACBP=A9
 0002:000ABDB0 00000040 C=DATA    S=_DATA    G=DGROUP   M=C:\BORLAND\BCC55\LIB\IMPORT32.LIB|inetguid ACBP=A9
 0003:00000000 00000008 C=BSS     S=_BSS     G=DGROUP   M=C:\XHARBOUR997\LIB\VM.LIB|errorapi ACBP=A9
 0003:00000008 00000048 C=BSS     S=_BSS     G=DGROUP   M=C:\XHARBOUR997\LIB\VM.LIB|estack ACBP=A9
 0003:00000050 00000018 C=BSS     S=_BSS     G=DGROUP   M=C:\XHARBOUR997\LIB\VM.LIB|extend ACBP=A9
 0003:00000068 00000201 C=BSS     S=_BSS     G=DGROUP   M=C:\XHARBOUR997\LIB\VM.LIB|fm ACBP=A9
 0003:0000026C 00000185 C=BSS     S=_BSS     G=DGROUP   M=C:\XHARBOUR997\LIB\VM.LIB|hbi18n ACBP=A9
 0003:000003F4 000009EC C=BSS     S=_BSS     G=DGROUP   M=C:\XHARBOUR997\LIB\VM.LIB|hvm ACBP=A9
 0003:00000DE0 00000300 C=BSS     S=_BSS     G=DGROUP   M=C:\XHARBOUR997\LIB\VM.LIB|mainwin ACBP=A9
 0003:000010E0 00000100 C=BSS     S=_BSS     G=DGROUP   M=C:\XHARBOUR997\LIB\RTL.LIB|cdpapi ACBP=A9
 0003:000011E0 00000014 C=BSS     S=_BSS     G=DGROUP   M=C:\XHARBOUR997\LIB\RTL.LIB|console ACBP=A9
 0003:000011F4 00000018 C=BSS     S=_BSS     G=DGROUP   M=C:\XHARBOUR997\LIB\RTL.LIB|direct ACBP=A9
 0003:0000120C 00000208 C=BSS     S=_BSS     G=DGROUP   M=C:\XHARBOUR997\LIB\RTL.LIB|filesys ACBP=A9
 0003:00001414 00000034 C=BSS     S=_BSS     G=DGROUP   M=C:\XHARBOUR997\LIB\RTL.LIB|gtapi ACBP=A9
 0003:00001448 000000CC C=BSS     S=_BSS     G=DGROUP   M=C:\XHARBOUR997\LIB\RTL.LIB|inkey ACBP=A9
 0003:00001514 00000100 C=BSS     S=_BSS     G=DGROUP   M=C:\XHARBOUR997\LIB\RTL.LIB|langapi ACBP=A9
 0003:00001614 0000056C C=BSS     S=_BSS     G=DGROUP   M=C:\XHARBOUR997\LIB\RTL.LIB|set ACBP=A9
 0003:00001B80 00000004 C=BSS     S=_BSS     G=DGROUP   M=C:\XHARBOUR997\LIB\RTL.LIB|setkey ACBP=A9
 0003:00001B84 00000004 C=BSS     S=_BSS     G=DGROUP   M=C:\XHARBOUR997\LIB\RTL.LIB|xsavescr ACBP=A9
 0003:00001B88 00000074 C=BSS     S=_BSS     G=DGROUP   M=C:\XHARBOUR997\LIB\RTL.LIB|win32ole ACBP=A9
 0003:00001BFC 0000018C C=BSS     S=_BSS     G=DGROUP   M=C:\XHARBOUR997\LIB\RDD.LIB|dbf1 ACBP=A9
 0003:00001D88 00000044 C=BSS     S=_BSS     G=DGROUP   M=C:\XHARBOUR997\LIB\MACRO.LIB|macroy ACBP=A9
 0003:00001DCC 000086DC C=BSS     S=_BSS     G=DGROUP   M=C:\XHARBOUR997\LIB\MACRO.LIB|macroslx ACBP=A9
 0003:0000A4A8 0000018E C=BSS     S=_BSS     G=DGROUP   M=C:\XHARBOUR997\LIB\DBFNTX.LIB|dbfntx1 ACBP=A9
 0003:0000A638 0000018C C=BSS     S=_BSS     G=DGROUP   M=C:\XHARBOUR997\LIB\DBFFPT.LIB|dbffpt1 ACBP=A9
 0003:0000A7C4 0000018C C=BSS     S=_BSS     G=DGROUP   M=C:\XHARBOUR997\LIB\DBFCDX.LIB|dbfcdx1 ACBP=A9
 0003:0000A950 0000044C C=BSS     S=_BSS     G=DGROUP   M=C:\XHARBOUR997\LIB\WVWTOOLS.LIB|gtwvw ACBP=A9
 0003:0000AD9C 00000088 C=BSS     S=_BSS     G=DGROUP   M=C:\SQLRDD997\LIB\BC5\SQL.LIB|sqlrdd1 ACBP=A9
 0003:0000AE24 00000C04 C=BSS     S=_BSS     G=DGROUP   M=C:\SQLRDD997\LIB\BC5\SQL.LIB|sqlora ACBP=A9
 0003:0000BA28 00000018 C=BSS     S=_BSS     G=DGROUP   M=C:\BORLAND\BCC55\LIB\CW32.LIB|hrdir_b ACBP=A9
 0003:0000BA40 00000004 C=BSS     S=_BSS     G=DGROUP   M=C:\BORLAND\BCC55\LIB\CW32.LIB|strtok ACBP=A9
 0003:0000BA44 00000410 C=BSS     S=_BSS     G=DGROUP   M=C:\BORLAND\BCC55\LIB\CW32.LIB|xxtype ACBP=A9
 0003:0000BE54 00000008 C=BSS     S=_BSS     G=DGROUP   M=C:\BORLAND\BCC55\LIB\CW32.LIB|xxv ACBP=A9
 0003:0000BE5C 00000008 C=BSS     S=_BSS     G=DGROUP   M=C:\BORLAND\BCC55\LIB\CW32.LIB|except ACBP=A9
 0003:0000BE64 00000190 C=BSS     S=_BSS     G=DGROUP   M=C:\BORLAND\BCC55\LIB\CW32.LIB|files2 ACBP=A9
 0003:0000BFF4 00000004 C=BSS     S=_BSS     G=DGROUP   M=C:\BORLAND\BCC55\LIB\CW32.LIB|ioerror ACBP=A9
 0003:0000BFF8 00000001 C=BSS     S=_BSS     G=DGROUP   M=C:\BORLAND\BCC55\LIB\CW32.LIB|lgetc ACBP=A9
 0003:0000BFFC 0000000F C=BSS     S=_BSS     G=DGROUP   M=C:\BORLAND\BCC55\LIB\CW32.LIB|mkname ACBP=A9
 0003:0000C00C 00000108 C=BSS     S=_BSS     G=DGROUP   M=C:\BORLAND\BCC55\LIB\CW32.LIB|mbctype ACBP=A9
 0003:0000C114 00000100 C=BSS     S=_BSS     G=DGROUP   M=C:\BORLAND\BCC55\LIB\CW32.LIB|assert ACBP=A9
 0003:0000C214 00000019 C=BSS     S=_BSS     G=DGROUP   M=C:\BORLAND\BCC55\LIB\CW32.LIB|ermsghlp ACBP=A9
 0003:0000C230 00000004 C=BSS     S=_BSS     G=DGROUP   M=C:\BORLAND\BCC55\LIB\CW32.LIB|platform ACBP=A9
 0003:0000C234 00000008 C=BSS     S=_BSS     G=DGROUP   M=C:\BORLAND\BCC55\LIB\CW32.LIB|qsort ACBP=A9
 0003:0000C23C 0000000C C=BSS     S=_BSS     G=DGROUP   M=C:\BORLAND\BCC55\LIB\CW32.LIB|setargv ACBP=A9
 0003:0000C248 00000004 C=BSS     S=_BSS     G=DGROUP   M=C:\BORLAND\BCC55\LIB\CW32.LIB|hsargv ACBP=A9
 0003:0000C24C 00000004 C=BSS     S=_BSS     G=DGROUP   M=C:\BORLAND\BCC55\LIB\CW32.LIB|whsargv ACBP=A9
 0003:0000C250 00000010 C=BSS     S=_BSS     G=DGROUP   M=C:\BORLAND\BCC55\LIB\CW32.LIB|setenvp ACBP=A9
 0003:0000C260 00000040 C=BSS     S=_BSS     G=DGROUP   M=C:\BORLAND\BCC55\LIB\CW32.LIB|globals ACBP=A9
 0003:0000C2A0 00000024 C=BSS     S=_BSS     G=DGROUP   M=C:\BORLAND\BCC55\LIB\CW32.LIB|gmtime ACBP=A9
 0003:0000C2C4 00000008 C=BSS     S=_BSS     G=DGROUP   M=C:\BORLAND\BCC55\LIB\CW32.LIB|tzset ACBP=A9
 0003:0000C2CC 00000010 C=BSS     S=_BSS     G=DGROUP   M=C:\BORLAND\BCC55\LIB\CW32.LIB|xx ACBP=A9
 0004:00000000 0000009C C=TLS     S=_TLS     G=DGROUP   M=C:\BORLAND\BCC55\LIB\CW32.LIB|xxv ACBP=A9

  Address         Publics by Name

 0001:000CAFDC      @$bdele$qpv
 0001:000CAFEC      @$bdla$qpv
 0003:0000BA28      @B1236_2
 0003:0000BA40      @B1498_1
 0003:0000BA44      @B1548_2
 0003:0000BE54      @B1552_2
 0003:0000BE5C      @B1558_2
 0003:00000000      @B168_2
 0003:00000008      @B170_2
 0003:0000BE64      @B1746_1
 0003:00000050      @B176_2
 0003:00000068      @B178_1
 0003:0000BFF4      @B1821_2
 0003:0000BFF8      @B1827_1
 0003:0000BFFC      @B1845_2
 0003:0000026C      @B184_2
 0003:000003F4      @B186_2
 0003:00000DE0      @B204_2
 0003:000010E0      @B240_2
 0003:0000C00C      @B2445_2
 0003:000011E0      @B246_2
 0003:0000C114      @B2581_2
 0003:0000C214      @B2597_2
 0003:0000C230      @B2609_2
 0003:0000C234      @B2613_1
 0003:000011F4      @B264_2
 0003:0000C23C      @B2690_2
 0003:0000C248      @B2692_2
 0003:0000C24C      @B2694_2
 0003:0000C250      @B2765_2
 0003:0000C260      @B2787_1
 0003:0000120C      @B280_2
 0003:0000C2A0      @B2812_1
 0003:0000C2C4      @B2826_2
 0003:0000C2CC      @B2881_2
 0003:00001414      @B298_2
 0003:00001448      @B338_2
 0003:00001514      @B344_2
 0003:00001614      @B418_2
 0003:00001B80      @B428_1
 0003:00001B84      @B492_2
 0003:00001B88      @B634_2
 0003:00001BFC      @B646_2
 0003:00001D88      @B678_2
 0003:00001DCC      @B686_2
 0003:0000A4A8      @B698_2
 0003:0000A638      @B704_2
 0003:0000A7C4      @B734_2
 0003:0000A950      @B748_2
 0003:0000AD9C      @B820_2
 0003:0000AE24      @B822_2
 0001:000BFE3C      @C1142_0
 0001:000C01F4      @C1144_0
 0001:000C02DC      @C1154_0
 0001:000C0618      @C1156_0
 0001:000C4D7C      @C1162_0
 0001:000CA8D8      @C1170_0
 0001:000CA954      @C1174_0
 0001:000CA9A4      @C1184_0
 0001:000CAB20      @C1186_0
 0001:000CAC58      @C1188_0
 0001:000CAD94      @C1192_0
 0001:000CAFB0      @C1204_0
 0001:000CAFDC      @C1206_0
 0001:000CAFEC      @C1208_0
 0001:000CAFFC      @C1234_0
 0001:000CB110      @C1236_0
 0001:000CB1B0      @C1242_0
 0001:000CB1D0      @C1244_0
 0001:000CB1E8      @C1246_0
 0001:000CB284      @C1246_2
 0001:000CB2A0      @C1248_0
 0001:000CB2A4      @C1252_0
 0001:000CBC70      @C1272_0
 0001:000CBF04      @C1274_0
 0001:000CBF08      @C1278_0
 0001:000CBF0C      @C1416_0
 0001:000CBF2C      @C1420_0
 0001:000CBF50      @C1424_0
 0001:000CBF9C      @C1426_0
 0001:000CC028      @C1428_0
 0001:000CC040      @C1442_0
 0001:000CC07C      @C1444_0
 0001:000CC0D0      @C1446_0
 0001:000CC11C      @C1448_0
 0001:000005A4      @C144_0
 0001:000CC14C      @C1450_0
 0001:000CC1A8      @C1452_0
 0001:000CC218      @C1454_0
 0001:000CC240      @C1468_0
 0001:00001BB8      @C146_0
 0001:000CC2AC      @C1480_0
 0001:000CC2FC      @C1486_0
 0001:000CC328      @C1488_0
 0001:000050E4      @C148_0
 0001:000CC354      @C1496_0
 0001:000CC3A8      @C1498_0
 0001:000CC410      @C1500_0
 0001:000CC448      @C1502_0
 0001:000CC460      @C1504_0
 0001:00005550      @C150_0
 0001:00005564      @C152_0
 0001:000CC4A0      @C1544_0
 0001:000CC510      @C1548_0
 0001:000CC667      @C1548_3
 0001:0000AA6C      @C154_0
 0001:0000B000      @C154_2
 0001:000CCD04      @C1552_0
 0001:000CCD04      @C1552_4
 0001:000CCE50      @C1554_0
 0001:000CCE5C      @C1558_0
 0001:000CCF98      @C1558_3
 0001:000CCFB0      @C1558_4
 0001:000CCFD8      @C1562_0
 0001:000CD020      @C1564_0
 0001:000CD044      @C1568_0
 0001:0000B01C      @C156_0
 0001:000CD080      @C1570_0
 0001:000CD0E0      @C1572_0
 0001:000CD0F4      @C1574_0
 0001:000CD1E4      @C1576_0
 0001:000CD26C      @C1580_0
 0001:000CD2B4      @C1582_0
 0001:000CD32C      @C1584_0
 0001:000CD528      @C1586_0
 0001:000CD6C4      @C1592_0
 0001:000CD7E0      @C1594_0
 0001:000CD7F4      @C1612_0
 0001:000CD82C      @C1636_0
 0001:000CD890      @C1644_0
 0001:000CD898      @C1668_0
 0001:0000B34C      @C166_0
 0001:000CD8FC      @C1670_0
 0001:000CD904      @C1672_0
 0001:000CD984      @C1678_0
 0001:000CDA20      @C1686_0
 0001:0000BA20      @C168_0
 0001:0000D0C8      @C170_0
 0001:000CDA28      @C1719_0
 0001:000CDA30      @C1723_0
 0001:000CDA38      @C1725_0
 0001:0000D918      @C172_0
 0001:000CDAC8      @C1733_0
 0001:0000E41C      @C174_0
 0001:000CDB48      @C1754_0
 0001:000CDBA4      @C1758_0
 0001:000CDBC8      @C1763_0
 0001:000CDDA8      @C1765_0
 0001:0000E4F0      @C176_0
 0001:000CDDCC      @C1771_0
 0001:000CDEA8      @C1775_0
 0001:000CDF00      @C1781_0
 0001:000CE064      @C1789_0
 0001:000100B0      @C178_0
 0001:000CE1A4      @C1797_0
 0001:000CE278      @C1799_0
 0001:00010468      @C180_0
 0001:000CE2AC      @C1819_0
 0001:000CE568      @C1821_0
 0001:000CE5E0      @C1825_0
 0001:000CE5E8      @C1827_0
 0001:00010B70      @C182_0
 0001:000CE788      @C1835_0
 0001:000CE898      @C1845_0
 0001:00013F8C      @C184_0
 0001:000CE92C      @C1855_0
 0001:00015168      @C186_0
 0001:000CE950      @C1880_0
 0001:000CF188      @C1888_0
 0001:000CF3B4      @C1896_0
 0001:000CF420      @C1898_0
 0001:000CF470      @C1900_0
 0001:000CF570      @C1907_0
 0001:00027520      @C190_0
 0001:000CF5E8      @C1911_0
 0001:000CF65C      @C1915_0
 0001:000CF864      @C1919_0
 0001:000CF920      @C1919_1
 0001:00027528      @C192_0
 0001:000CF97C      @C1935_0
 0001:000CF998      @C1939_0
 0001:000CF9BC      @C1947_0
 0001:00027540      @C194_0
 0001:00028FB0      @C196_0
 0001:00029AF0      @C198_0
 0001:00000000      @C1_0
 0001:000D03A8      @C2023_0
 0001:000D03D8      @C2025_0
 0001:000D0400      @C2031_0
 0001:000D06C4      @C2038_0
 0001:000D0718      @C2045_0
 0001:000D081C      @C2047_0
 0001:000D0920      @C2049_0
 0001:0002B770      @C204_0
 0001:000D0964      @C2051_0
 0001:000D09BC      @C2053_0
 0001:000D0F4C      @C2053_2
 0001:000D0F50      @C2053_3
 0001:000D1B3C      @C2057_0
 0001:000D234C      @C2059_0
 0001:0002B890      @C206_0
 0001:000D23E4      @C2077_0
 0001:000D2408      @C2089_0
 0001:000D245C      @C2093_0
 0001:000D24B0      @C2097_0
 0001:0002D678      @C210_0
 0001:0002D6B4      @C212_0
 0001:000D2980      @C2147_0
 0001:000D2B80      @C2161_0
 0001:000D2BA0      @C2171_0
 0001:000D2BE8      @C2177_0
 0001:000D2BF0      @C2181_0
 0001:000D2CA0      @C2187_0
 0001:0002DBF8      @C218_0
 0001:0002DCDC      @C220_0
 0001:000D2E28      @C2210_0
 0001:000D2EA0      @C2218_0
 0001:000D2EBC      @C2222_0
 0001:0002DD50      @C222_0
 0001:0002DD50      @C222_2
 0001:000D2ED0      @C2236_0
 0001:000D2F00      @C2238_0
 0001:000D2F18      @C2242_0
 0001:000D2F30      @C2244_0
 0001:0002DE2C      @C224_0
 0001:000D2F48      @C2252_0
 0001:000D2FB4      @C2260_0
 0001:000D3084      @C2262_0
 0001:000D30CC      @C2280_0
 0001:000D311C      @C2284_0
 0001:000D3134      @C2290_0
 0001:000D315C      @C2292_0
 0001:000D318C      @C2294_0
 0001:000D31B0      @C2296_0
 0001:0002DFA4      @C230_0
 0001:000D31C4      @C2312_0
 0001:000D3278      @C2322_0
 0001:000D3390      @C2324_0
 0001:0002E254      @C232_0
 0001:000D3400      @C2332_0
 0001:000D3490      @C2340_0
 0001:000D3508      @C2346_0
 0001:000D3538      @C2348_0
 0001:000D3550      @C2354_0
 0001:000D3580      @C2362_0
 0001:0002E7AC      @C236_0
 0001:000D375C      @C2370_0
[...]
 0001:000D63EC      _raise
 0001:000D63EC      ___org_raise
 0001:000D645C      __terminate
 0001:000D645C      @C2788_0
 0001:000D646C      __create_shmem
 0001:000D6474      __init_exit_proc
 0001:000D6548      __cleanup
 0001:000D65B4      __startup
 0001:000D65B4      @C2790_0
 0001:000D6758      @C2804_0
 0001:000D6758      ___CRTL_TLS_Alloc
 0001:000D6760      ___CRTL_TLS_Free
 0001:000D6770      ___CRTL_TLS_GetValue
 0001:000D6780      ___CRTL_TLS_SetValue
 0001:000D6794      ___CRTL_TLS_InitThread
 0001:000D679C      ___CRTL_TLS_ExitThread
 0001:000D67A4      ___CRTL_TLS_GetInfo
 0001:000D67A8      @C2812_0
 0001:000D6914      ___org_gmtime
 0001:000D6914      _gmtime
 0001:000D692C      _localtime
 0001:000D692C      ___org_localtime
 0001:000D6954      __isDST
 0001:000D6954      @C2822_0
 0001:000D6A68      __totalsec
 0001:000D6BF8      @C2824_0
 0001:000D6BF8      @C2824_2
 0001:000D6C00      __tzset
 0001:000D6C00      @C2826_0
 0001:000D6DC8      @C2828_0
 0001:000D6DC8      _tzset
 0001:000D6DD0      @C2832_0
 0001:000D6DD0      _clock
 0001:000D6DDC      @C2832_2
 0001:000D6DE8      ___org_ftime
 0001:000D6DE8      _ftime
 0001:000D6DE8      @C2838_0
 0001:000D6E88      @C2844_0
 0001:000D6EEC      __statcvt
 0001:000D6F58      __statcvt_i64
 0001:000D6FE0      _time
 0001:000D6FE0      @C2854_0
 0001:000D6FE0      ___org_time
 0001:000D7030      @C2881_3
 0001:000D7030      @C2881_0
 0001:000D705B      ___JumpToCatch__
 0001:000D72C5      ___raiseDebuggerException
 0001:000D7680      @_ThrowExceptionLDTC$qpvt1t1t1uiuiuipuct1
 0001:000D76B5      @_ReThrowException$quipuc
 0001:000D7720      __Global_unwind
 0001:000D785C      @_CatchCleanup$qv
 0001:000D7D8C      __Local_unwind
 0001:000D7D9F      __Return_unwind
 0001:000D7E00      ____ExceptionHandler
 0001:000D8B7E      __CurrExcContext
 0002:00000234      @D1_1
 0002:00000278      ___isGUI
 0002:000002B0      ___isVCLPackage
 0002:000002B1      ___isDLL
 0002:000002BE      ___useDynamicTLS
 0002:000002BF      __TLS_index
 0002:000002C3      __TLS_index4
 0002:000002C7      __hInstance
 0002:000002CC      ___CPPdebugHook
 0002:000002CC      ___CPPdebugHook_segment
 0002:000002D0      __PackageInfoTable
 0002:000002D8      @D2_1
 0002:00000BEC      _OAPP
 0002:00003294      @D3_1
 0002:00003FCC      @D4_1
 0002:0000992C      @D58_1
 0002:0000A2B4      @D62_1
 0002:0000AD9C      @D146_1
 0002:0000AF3C      @D152_1
 0002:0000AF64      _hb_cls_uiArrayClass
 0002:0000AF66      _hb_cls_uiBlockClass
 0002:0000AF68      _hb_cls_uiCharacterClass
 0002:0000AF6A      _hb_cls_uiDateClass
 0002:0000AF6C      _hb_cls_uiLogicalClass
 0002:0000AF6E      _hb_cls_uiNilClass
 0002:0000AF70      _hb_cls_uiNumericClass
 0002:0000AF72      _hb_cls_uiPointerClass
 0002:0000AF74      _hb_cls_uiHashClass
 0002:0000AF78      _hb_symDestructor
 0002:0000B4A8      @D154_1
 0002:0000B4B0      _b_MouseEnable
 0002:0000B4B4      _hb_hInstance
 0002:0000B4B8      _hb_hPrevInstance
 0002:0000B4BC      _hb_iCmdShow
 0002:0000B4C0      _s_WinMainParam
 0002:0000B58C      @D156_1
 0002:0000B5C0      @D166_1
 0002:0000B5D4      @D168_1
 0002:0000B7A8      @D170_1
 0002:0000B7A8      _hb_stack_ptr
 0002:0000B7AC      _hb_stack_ready
 0002:0000B8EC      @D172_1
 0002:0000B908      @D174_1
 0002:0000B910      @D176_1
 0002:0000B914      @D180_1
 0002:0000B920      _hb_gc_bReleaseAll
 0002:0000B958      @D182_1
 0002:0000BC80      @D184_1
 0002:0000BD60      _hb_vm_iExtraParamsIndex
 0002:0000BD60      @D186_1
 0002:0000BD64      _hb_vm_iExtraElementsIndex
 0002:0000BD68      _hb_vm_iExtraElements
 0002:0000BD70      _pHVMFuncService
 0002:0000BD74      _hb_bProfiler
 0002:0000BD78      _hb_bTracePrgCalls
 0002:0000BD7C      _hb_symEval
 0002:0000BDA4      _hb_vm_pFunDbgEntry
 0002:0000BDAC      _hb_vm_sNull
 0002:0000BDB0      _hb_vm_acAscii
 0002:0000C1B0      _hb_vm_bWithObject
 0002:0000C1B4      _hb_vm_wEnumCollectionCounter
 0002:0000C1B8      _hb_vm_iTry
 0002:0000C1BC      _hb_vm_BreakBlock
 0002:0000CB28      @D192_1
 0002:0000D090      @D194_1
 0002:0000D0C4      @D196_1
 0002:0000D16C      _hb_comp_bShortCuts
 0002:0000D16C      @D198_1
 0002:0000D190      @D204_1
 0002:0000D194      @D206_1
 0002:0000D2B8      @D212_1
 0002:0000D380      @D218_1
 0002:0000D39C      @D220_1
 0002:0000D3A4      @D222_1
 0002:0000D7E8      @D224_1
 0002:0000D7EC      @D230_1
 0002:0000D7F8      @D232_1
 0002:0000D808      @D238_1
 0002:0000D814      @D240_1
 0002:0000DA14      _hb_uniTbl_437
 0002:0000DA68      _hb_cdp_page
 0002:0000DA78      @D242_1
 0002:0000DA80      @D244_1
 0002:0000DA84      @D246_1
 0002:0000DAB0      @D250_1
 0002:0000DAC0      @D252_1
 0002:0000DB00      @D254_1
 0002:0000DB34      @D264_1
 0002:0000DB4C      @D266_1
 0002:0000DB70      @D280_1
 0002:0000DB88      @D282_1
 0002:0000DB8C      @D288_1
 0002:0000DC20      @D292_1
 0002:0000DC24      @D294_1
 0002:0000DC28      @D298_1
 0002:0000DC40      _hb_gt_gcoldefs
 0002:0000DDAC      @D304_1
 0002:0000DE14      @D308_1
 0002:0000DE74      @D318_1
 0002:0000DE94      @D320_1
 0002:0000DEB8      @D326_1
 0002:0000DEBC      @D336_1
 0002:0000DED0      _hb_vm_bCollectGarbage
 0002:0000DED4      @D338_1
 0002:0000DF00      @D344_1
 0002:0000DF60      @D346_1
 0002:0000DF68      @D348_1
 0002:0000DF6C      @D352_1
 0002:0000E0C0      @D356_1
 0002:0000E0C4      @D358_1
 0002:0000E0CC      @D366_1
 0002:0000E0DC      @D372_1
 0002:0000E114      @D376_1
 0002:0000E118      @D384_1
 0002:0000E11C      @D386_1
 0002:0000E120      @D388_1
 0002:0000E124      @D390_1
 0002:0000E204      @D394_1
 0002:0000E224      @D400_1
 0002:0000E2B0      @D402_1
 0002:0000E2BC      @D406_1
 0002:0000E2C8      @D416_1
 0002:0000E2D0      _hb_set_ptr
 0002:0000E2D0      @D418_1
 0002:0000E37C      @D438_1
 0002:0000E384      @D440_1
 0002:0000E388      @D442_1
 0002:0000E38C      @D446_1
 0002:0000E398      @D448_1
 0002:0000E39C      @D456_1
 0002:0000E3A8      @D458_1
 0002:0000E3B4      @D460_1
 0002:0000E3B8      @D462_1
 0002:0000E3C0      @D468_1
 0002:0000E450      @D470_1
 0002:0000E47C      @D472_1
 0002:0000E5E8      @D474_1
 0002:0000E5F8      @D476_1
 0002:0000E604      @D478_1
 0002:0000E60C      @D480_1
 0002:0000E610      @D484_1
 0002:0000E61C      @D486_1
 0002:0000E678      @D488_1
 0002:0000E680      @D490_1
 0002:0000E688      @D492_1
 0002:0000E68C      @D498_1
 0002:0000F69C      @D510_1
 0002:0000FE9C      @D512_1
 0002:00010E74      @D534_1
 0002:00010F90      @D536_1
 0002:00011F94      @D544_1
 0002:00012BB0      @D548_1
 0002:00016844      @D552_1
 0002:00016920      @D554_1
 0002:00017274      @D556_1
 0002:00017E60      @D558_1
 0002:00018F88      @D574_1
 0002:00019070      @D578_1
 0002:0001A8B0      @D592_1
 0002:0001D2E4      @D596_1
 0002:0001D88C      @D600_1
 0002:000231C0      @D602_1
 0002:00023570      @D604_1
 0002:00027238      @D610_1
 0002:000279D4      @D614_1
 0002:00027DE0      @D634_1
 0002:00029FC4      @D638_1
 0002:0002A4DC      @D640_1
 0002:0002A89C      @D642_1
 0002:0002AD68      @D644_1
 0002:0002AD90      @D646_1
 0002:0002AF9C      @D674_1
 0002:0002B2A0      @D676_1
 0002:0002B30C      @D678_1
 0002:0002E054      @D680_1
 0002:0002E094      @D682_1
 0002:0002E094      _hb_comp_ExprTable
 0002:0002E1EC      @D686_1
 0002:0002E220      _yytext
 0002:0002E2E0      _aPairs
 0002:0002EE30      @D698_1
 0002:0002F37C      @D704_1
 0002:0002F5FC      @D734_1
 0002:00030534      @D736_1
 0002:00031C90      @D738_1
 0002:00034A8C      @D740_1
 0002:00038B40      @D742_1
 0002:0003A078      @D746_1
 0002:0003BCD4      @D748_1
 0002:0003D3B8      @D752_1
 0002:0003EBE4      @D754_1
 0002:00040508      @D756_1
 0002:00044BAC      @D762_1
 0002:00047380      @D768_1
 0002:00048734      _SAWINDOWS
 0002:0004874C      _OWINACTIVE
 0002:0004C97C      @D772_1
 0002:0004E01C      @D785_1
 0002:0004F120      @D789_1
 0002:000538E0      @D791_1
 0002:00054364      _LHIDERECNO
 0002:0005437C      _LHIDEHISTORIC
 0002:00054394      _LMULTILANG
 0002:000543AC      _LGOTOPONSCOPE
 0002:000543C4      _LSERIALIZEDASSTRING
 0002:0005A98C      @D793_1
 0002:0007DFBC      @D794_1
 0002:00082E80      @D796_1
 0002:000832F4      _BTABLEINFO
 0002:0008330C      _BINDEXINFO
 0002:000888A4      @D798_1
 0002:00088948      _NBASELANG
 0002:00088960      _NSECONDLANG
 0002:00088978      _NROOTLANG
 0002:0008ABB4      @D804_1
 0002:0008C0C8      @D808_1
 0002:0008C164      @D810_1
 0002:0008C170      _divider
 0002:0008C5BC      @D812_1
 0002:0008C5CC      @D820_1
 0002:0008CCB0      __sqlo_sqloraID
 0002:0008CCB0      @D822_1
 0002:0008CCB4      _sqlo_major_version
 0002:0008CCB8      _sqlo_minor_version
 0002:0008CCBC      _sqlo_micro_version
 0002:0008CCC0      _sqlo_interface_age
 0002:0008CCC4      _sqlo_binary_age
 0002:0008CCC8      _sqlora8_major_version
 0002:0008CCCC      _sqlora8_minor_version
 0002:0008CCD0      _sqlora8_micro_version
 0002:0008CCD4      _sqlora8_interface_age
 0002:0008CCD8      _sqlora8_binary_age
 0002:0009024C      @D834_1
 0002:000902E0      @D836_1
 0002:00090390      @D838_1
 0002:00090428      @D872_1
 0002:000904E0      @D912_0
 0002:000906E0      _hb_uniTbl_850
 0002:000906F8      @D918_0
 0002:000908F8      _hb_uniTbl_8859_1
 0002:00090914      @D932_1
 0002:0009091C      @D938_1
 0002:000909A4      _hb_tr_file_
 0002:000909A4      @D940_1
 0002:000909A8      _hb_tr_line_
 0002:000909AC      _hb_tr_level_
 0002:00090A64      @D942_1
 0002:00091A30      @D944_1
 0002:00091BDC      @D948_1
 0002:00091E38      @D1152_0
 0002:00091E38      __pcre_default_tables
 0002:00092278      @D1154_1
 0002:000924D4      @D1156_1
 0002:00092E88      @D1162_1
 0002:00092E94      _pcre_malloc
 0002:00092E94      @D1168_0
 0002:00092E98      _pcre_free
 0002:00092E9C      _pcre_stack_malloc
 0002:00092EA0      _pcre_stack_free
 0002:00092EA4      _pcre_callout
 0002:00092EA8      @D1182_0
 0002:00092EA8      __pcre_utf8_table1
 0002:00092EC0      __pcre_utf8_table1_size
 0002:00092EC4      __pcre_utf8_table2
 0002:00092EDC      __pcre_utf8_table3
 0002:00092EF4      __pcre_utt
 0002:0009301C      __pcre_utt_size
 0002:00093020      __pcre_OP_lengths
 0002:00093071      __pcre_utf8_table4
 0002:0009311C      @D1186_1
 0002:000A9304      @D1234_1
 0002:000A9308      @D1236_1
 0002:000A93A0      @D1246_1
 0002:000A93A4      __heap_redirector
 0002:000A93C0      __virt_heap_size
 0002:000A93C0      @D1252_1
 0002:000A93C4      __virt_chunk_size
 0002:000A93C8      __virt_chunk_size2
 0002:000A93CC      __nv_heap_size
 0002:000A93D0      __smalloc_threshold
 0002:000A93D4      __virt_chunk_free
 0002:000A93D8      __virt_chunk_free2
 0002:000A93DC      __firstHeap
 0002:000A93E0      __lastHeap
 0002:000A93E4      __linktable
 0002:000A93E8      __freeStart
 0002:000A93F4      __rover
 0002:000A93FC      ___allocated
 0002:000A9400      ___xxPersonality
 0002:000A9400      @D1546_0
 0002:000A9404      @D1548_1
 0002:000A9724      ___terminatePTR
 0002:000A9724      @D1550_1
 0002:000A9728      ___unexpectdPTR
 0002:000A972C      @_$CHNC$@std@terminate$qv
 0002:000A974C      @_$ECTOC$@std@terminate$qv
 0002:000A9760      ___CPPexceptionList
 0002:000A9760      @D1552_1
 0002:000A9764      ___exceptFlags
 0002:000A9768      ___throwFileName
 0002:000A976C      ___throwLineNumber
 0002:000A9770      ___throwExceptionName
 0002:000A9774      ___exceptStaticBuffP
 0002:000A9778      ___exceptMemAllocVars
 0002:000A977C      ___ExceptStaticXbuff
 0002:000A97FC      __ExceptVarsSize
 0002:000A9810      @_$CHNC$@__call_terminate$qv
 0002:000A9830      @_$ECTOC$@__call_terminate$qv
 0002:000A9844      @D1558_1
 0002:000A9844      __stkchk
 0002:000A9858      @D1574_1
 0002:000A9864      __cfinfo_get
 0002:000A9864      @D1594_1
 0002:000A9868      @D1648_1
 0002:000A9868      __notUmask
 0002:000A986C      @D1674_0
 0002:000A986C      __fileinfo
 0002:000A9870      @D1744_0
 0002:000A9870      __streams
 0002:000A9D20      @D1746_0
 0002:000A9D20      __nfile
 0002:000A9D24      __openfd
 0002:000A9DEC      __fmode
 0002:000A9DEC      @D1756_0
 0002:000A9DF0      __fmodeptr
 0002:000A9DF0      @D1758_1
 0002:000A9DF4      @D1821_1
 0002:000A9DF4      __dosErrorToSV
 0002:000A9F20      @D1845_1
 0002:000A9F2C      __sys_errlist
 0002:000A9F2C      @D1853_1
 0002:000A9FF0      __sys_nerr
 0002:000AA3A8      @D1880_1
 0002:000AA42C      @D1915_1
 0002:000AA444      @D1947_1
 0002:000AA4BC      __chartype
 0002:000AA4BC      @D2027_0
 0002:000AA6C0      @D2029_1
 0002:000AA6C0      __localeconvention
 0002:000AA6FC      @D2031_1
 0002:000AA74C      __lower
 0002:000AA74C      @D2033_0
 0002:000AA84C      @D2037_0
 0002:000AA84C      __upper
 0002:000AA94C      ___mb_cur_max
 0002:000AA94C      @D2053_1
 0002:000AA950      ___localeLock
 0002:000AAA64      @D2055_0
 0002:000AAA64      _CMonetary
 0002:000AAA98      _CNumeric
 0002:000AAAB0      _CTimeDate
 0002:000AAB74      _CLOCALE
 0002:000AABA0      ___locale
 0002:000AACC4      @D2057_1
 0002:000AAD2C      @D2181_1
 0002:000AAD3C      @D2187_1
 0002:000AADFC      @D2242_1
 0002:000AADFC      __realcvtptr
 0002:000AAE00      __nextrealptr
 0002:000AAE04      __scantodptr
 0002:000AAE08      __scanrsltptr
 0002:000AAE64      __realcvtwptr
 0002:000AAE64      @D2244_1
 0002:000AAE68      __nextrealwptr
 0002:000AAE6C      __scanwtodptr
 0002:000AAE70      __scanwrsltptr
 0002:000AAECC      __default87
 0002:000AAECC      @D2246_0
 0002:000AAED0      @D2252_1
 0002:000AAEDC      @D2260_1
 0002:000AAEF0      @D2262_1
 0002:000AAF08      __huge_flt
 0002:000AAF08      @D2300_0
 0002:000AAF0C      __huge_dble
 0002:000AAF14      __huge_ldble
 0002:000AAF1E      __max_flt
 0002:000AAF22      __max_dble
 0002:000AAF2A      __max_ldble
 0002:000AAF34      __indefinite
 0002:000AAF38      __tiny_ldble
 0002:000AAF44      ___ieee_64_p_inf
 0002:000AAF4C      ___ieee_64_n_inf
 0002:000AAF54      ___ieee_64_p_nanq
 0002:000AAF5C      ___ieee_64_n_nanq
 0002:000AAF64      ___ieee_64_p_nans
 0002:000AAF6C      ___ieee_64_n_nans
 0002:000AAF74      ___ieee_64_p_zero
 0002:000AAF7C      ___ieee_64_n_zero
 0002:000AAF84      @D2310_0
 0002:000AAF84      __turboFloat
 0002:000AAF88      __floatconvert
 0002:000AAF8C      @D2324_1
 0002:000AAF98      @D2348_1
 0002:000AAF98      __pmatherr
 0002:000AAF9C      __pmatherrl
 0002:000AAFA0      __mathwhy
 0002:000AAFA0      @D2352_0
 0002:000AAFE4      @D2362_1
 0002:000AB000      @D2374_1
 0002:000AB008      @D2376_1
 0002:000AB01C      @D2378_1
 0002:000AB044      @D2385_1
 0002:000AB06C      @D2387_1
 0002:000AB094      @D2397_1
 0002:000AB0A4      __kalpha
 0002:000AB0A4      @D2445_1
 0002:000AB0A6      __kpunct
 0002:000AB0EC      @D2581_1
 0002:000AB110      @D2597_1
 0002:000AB134      @D2599_1
 0002:000AB134      _errno
 0002:000AB138      @D2601_1
 0002:000AB138      __messagefunc
 0002:000AB13C      __messagefile
 0002:000AB148      @D2609_1
 0002:000AB170      @D2628_1
 0002:000AB190      @D2630_0
 0002:000AB190      ___pCallAtExitProcs
 0002:000AB194      __exitbuf
 0002:000AB194      @D2666_1
 0002:000AB198      __exitfopen
 0002:000AB19C      __exitopen
 0002:000AB1A0      @D2686_0
 0002:000AB1A0      __setargv_ptr
 0002:000AB1A4      __exitargv_ptr
 0002:000AB1A8      @D2688_0
 0002:000AB1A8      __wsetargv_ptr
 0002:000AB1AC      __wexitargv_ptr
 0002:000AB1B0      __setargv__
 0002:000AB1B0      @D2690_1
 0002:000AB204      __cmdline_escapes
 0002:000AB204      @D2692_1
 0002:000AB22C      @D2694_1
 0002:000AB250      @D2747_0
 0002:000AB250      __argv_expand_ptr
 0002:000AB254      @D2749_0
 0002:000AB254      __wargv_expand_ptr
 0002:000AB258      __argv0
 0002:000AB258      @D2751_1
 0002:000AB278      @D2765_1
 0002:000AB278      __setenvp__
 0002:000AB2CC      @D2769_1
 0002:000AB32C      @D2787_0
 0002:000AB32C      __isWindows
 0002:000AB330      @D2788_1
 0002:000AB334      @D2818_0
 0002:000AB334      __SWeekday
 0002:000AB350      __LWeekday
 0002:000AB36C      __SMonth
 0002:000AB39C      __LMonth
 0002:000AB3CC      __AmPm
 0002:000AB3D4      __Days
 0002:000AB3E0      __YDays
 0002:000AB4F8      __timezone
 0002:000AB4F8      @D2824_1
 0002:000AB4FC      __daylight
 0002:000AB500      __tzname
 0002:000AB500      @D2826_1
 0002:000AB510      @D2832_1
 0002:000AB514      ___debuggerDisableTerminateCallback
 0002:000AB514      @D2881_1
 0002:000ABDA0      @D3030_0
 0002:000ABDA0      _GUID_NULL
 0002:000ABDB0      _IID_IEnumVARIANT
 0002:000ABDC0      _IID_IDispatch
 0002:000ABDD0      _IID_IPicture
 0003:00000000      @B168_2
 0003:00000008      _hb_stackST
 0003:00000008      @B170_2
 0003:00000050      @B176_2
 0003:00000068      @B178_1
 0003:0000026C      @B184_2
 0003:000003F4      _hb_vm_aiExtraParams
 0003:000003F4      @B186_2
 0003:00000434      _hb_vm_apExtraParamsSymbol
 0003:00000474      _hb_vm_aiExtraElements
 0003:000004B4      _hb_vm_iExtraIndex
 0003:000004B8      _hb_ulOpcodesCalls
 0003:00000760      _hb_ulOpcodesTime
 0003:00000A38      _hb_vm_aWithObject
 0003:00000BB8      _hb_vm_wWithObjectCounter
 0003:00000BBC      _hb_vm_aEnumCollection
 0003:00000D3C      _hb_vm_apEnumVar
 0003:00000D7C      _hb_vm_awEnumIndex
 0003:00000DBC      _hb_vm_pSequence
 0003:00000DE0      @B204_2
 0003:000010E0      @B240_2
 0003:000011E0      @B246_2
 0003:000011F4      @B264_2
 0003:0000120C      @B280_2
 0003:00001414      @B298_2
 0003:00001414      _hb_gt_gobjects
 0003:00001418      _hb_gt_gobjects_end
 0003:00001438      _hb_gtGForeground
 0003:00001440      _hb_gtGBackground
 0003:00001448      @B338_2
 0003:00001514      @B344_2
 0003:00001614      _hb_set
 0003:00001614      @B418_2
 0003:0000197C      _s_PrintFileName
 0003:00001A7C      _s_PrinterName
 0003:00001B7C      _s_isDefaultPrinterDevice
 0003:00001B80      @B428_1
 0003:00001B84      @B492_2
 0003:00001B88      @B634_2
 0003:00001BFC      @B646_2
 0003:00001D88      @B678_2
 0003:00001DCC      @B686_2
 0003:00005E90      _yyleng
 0003:00005E9C      _yyin
 0003:0000A4A8      @B698_2
 0003:0000A638      @B704_2
 0003:0000A7C4      @B734_2
 0003:0000A950      @B748_2
 0003:0000AD98      _last_gobject
 0003:0000AD9C      @B820_2
 0003:0000AE24      @B822_2
 0003:0000BA28      @B1236_2
 0003:0000BA28      __bormm_pfn_FreeMem
 0003:0000BA2C      __bormm_pfn_GetMem
 0003:0000BA30      __bormm_pfn_ReallocMem
 0003:0000BA34      __bormm_pfn_HeapAddRef
 0003:0000BA38      __bormm_pfn_HeapRelease
 0003:0000BA40      @B1498_1
 0003:0000BA44      @B1548_2
 0003:0000BE54      @B1552_2
 0003:0000BE54      __DestructorCountPtr
 0003:0000BE5C      @B1558_2
 0003:0000BE5C      __HandlerPtr
 0003:0000BE60      __UserHandlerPtr
 0003:0000BE64      @B1746_1
 0003:0000BE64      __pidtab
 0003:0000BF2C      __handles
 0003:0000BFF4      @B1821_2
 0003:0000BFF4      __doserrno
 0003:0000BFF8      @B1827_1
 0003:0000BFFC      __tmpnum
 0003:0000BFFC      @B1845_2
 0003:0000C00C      __mbctype
 0003:0000C00C      @B2445_2
 0003:0000C110      __mbcsCodePage
 0003:0000C114      @B2581_2
 0003:0000C214      @B2597_2
 0003:0000C230      @B2609_2
 0003:0000C230      __ostype
 0003:0000C234      @B2613_1
 0003:0000C23C      @B2690_2
 0003:0000C23C      __argv
 0003:0000C248      @B2692_2
 0003:0000C24C      @B2694_2
 0003:0000C250      __environ
 0003:0000C250      @B2765_2
 0003:0000C258      __envsize
 0003:0000C25C      __env_lock
 0003:0000C260      __C0argc
 0003:0000C260      @B2787_1
 0003:0000C264      __C0argv
 0003:0000C268      __C0environ
 0003:0000C26C      __oscmd
 0003:0000C270      __osenv
 0003:0000C274      __argc
 0003:0000C278      __dll_table
 0003:0000C280      __ExcRegPtr
 0003:0000C284      __wosenv
 0003:0000C288      __woscmd
 0003:0000C28C      __wC0argv
 0003:0000C290      __wC0environ
 0003:0000C294      __exe_table
 0003:0000C29C      __stkbase
 0003:0000C2A0      @B2812_1
 0003:0000C2C4      @B2826_2
 0003:0000C2CC      @B2881_2
 0003:0000C2D0      ___pCPPdebugHook
 0004:00000000      ___xxInfo
 0004:00000000      @T1552_3
