
 Start         Length     Name                   Class
 0001:00401000 0000DED14H _TEXT                  CODE
 0002:004E0000 00017BFB4H _DATA                  DATA
 0003:0065BFB4 00000C380H _BSS                   BSS
 0004:00000000 00000009CH _TLS                   TLS


Detailed map of segments
 0001:00000000 0000014F C=CODE    S=_TEXT    G=(none)   M=C:\BORLAND\BCC55\LIB\C0W32.OBJ ACBP=A9
 0001:00000150 0000008E C=CODE    S=_TEXT    G=(none)   M=C:\HTI\SISMASTER\SISMASTER.OBJ ACBP=A9
 0001:000001E0 0000003A C=CODE    S=_TEXT    G=(none)   M=C:\HTI\SISMASTER\MASTERDBF.OBJ ACBP=A9
 0001:0000021C 0000003A C=CODE    S=_TEXT    G=(none)   M=C:\HTI\SISMASTER\MASTERCFG.OBJ ACBP=A9
 0001:00000258 000000A2 C=CODE    S=_TEXT    G=(none)   M=C:\HTI\SISMASTER\ERRORSYS.OBJ ACBP=A9
 0001:000002FC 00000071 C=CODE    S=_TEXT    G=(none)   M=C:\HTI\SISMASTER\MAST00.OBJ ACBP=A9
 0001:00000370 0000003A C=CODE    S=_TEXT    G=(none)   M=C:\HTI\SISMASTER\MASTERCDX.OBJ ACBP=A9
 0001:000003AC 0000003A C=CODE    S=_TEXT    G=(none)   M=C:\HTI\SISMASTER\MAST130.OBJ ACBP=A9
 0001:000003E8 0000003A C=CODE    S=_TEXT    G=(none)   M=C:\HTI\SISMASTER\SACCID.OBJ ACBP=A9
 0001:00000424 00000054 C=CODE    S=_TEXT    G=(none)   M=C:\HTI\SISMASTER\MAST110.OBJ ACBP=A9
 0001:00000478 00000054 C=CODE    S=_TEXT    G=(none)   M=C:\HTI\SISMASTER\MAST120.OBJ ACBP=A9
 0001:000004CC 000000A5 C=CODE    S=_TEXT    G=(none)   M=C:\HTI\SISMASTER\MAST200.OBJ ACBP=A9
 0001:00000574 00000054 C=CODE    S=_TEXT    G=(none)   M=C:\HTI\SISMASTER\MAST201.OBJ ACBP=A9
 0001:000005C8 00000057 C=CODE    S=_TEXT    G=(none)   M=C:\HTI\SISMASTER\MAST30.OBJ ACBP=A9
 0001:00000620 0000003A C=CODE    S=_TEXT    G=(none)   M=C:\HTI\SISMASTER\MAST301.OBJ ACBP=A9
 0001:0000065C 0000003A C=CODE    S=_TEXT    G=(none)   M=C:\HTI\SISMASTER\MAST36.OBJ ACBP=A9
 0001:00000698 0000003A C=CODE    S=_TEXT    G=(none)   M=C:\HTI\SISMASTER\MAST37.OBJ ACBP=A9
 0001:000006D4 0000003D C=CODE    S=_TEXT    G=(none)   M=C:\HTI\SISMASTER\MAST38.OBJ ACBP=A9
 0001:00000714 000000BC C=CODE    S=_TEXT    G=(none)   M=C:\HTI\SISMASTER\SACREC.OBJ ACBP=A9
 0001:000007D0 0000003A C=CODE    S=_TEXT    G=(none)   M=C:\HTI\SISMASTER\CON22.OBJ ACBP=A9
 0001:0000080C 0000003A C=CODE    S=_TEXT    G=(none)   M=C:\HTI\SISMASTER\CON211.OBJ ACBP=A9
 0001:00000848 0000003A C=CODE    S=_TEXT    G=(none)   M=C:\HTI\SISMASTER\SACRCCOM.OBJ ACBP=A9
 0001:00000884 0000003A C=CODE    S=_TEXT    G=(none)   M=C:\HTI\SISMASTER\SAC140.OBJ ACBP=A9
 0001:000008C0 0000003A C=CODE    S=_TEXT    G=(none)   M=C:\HTI\SISMASTER\SAC141.OBJ ACBP=A9
 0001:000008FC 0000003A C=CODE    S=_TEXT    G=(none)   M=C:\HTI\SISMASTER\SAC142.OBJ ACBP=A9
 0001:00000938 0000003A C=CODE    S=_TEXT    G=(none)   M=C:\HTI\SISMASTER\MAST33.OBJ ACBP=A9
 0001:00000974 0000003A C=CODE    S=_TEXT    G=(none)   M=C:\HTI\SISMASTER\MAST202.OBJ ACBP=A9
 0001:000009B0 0000003A C=CODE    S=_TEXT    G=(none)   M=C:\HTI\SISMASTER\MAST203.OBJ ACBP=A9
 0001:000009EC 0000085D C=CODE    S=_TEXT    G=(none)   M=C:\HTI\SISMASTER\MASTFUN.OBJ ACBP=A9
 0001:0000124C 0000003A C=CODE    S=_TEXT    G=(none)   M=C:\HTI\SISMASTER\MAST341.OBJ ACBP=A9
 0001:00001288 0000003A C=CODE    S=_TEXT    G=(none)   M=C:\HTI\SISMASTER\MAST204.OBJ ACBP=A9
 0001:000012C4 0000003A C=CODE    S=_TEXT    G=(none)   M=C:\HTI\SISMASTER\MASTERUTIL.OBJ ACBP=A9
 0001:00001300 00000054 C=CODE    S=_TEXT    G=(none)   M=C:\HTI\SISMASTER\MASTER_DBF.OBJ ACBP=A9
 0001:00001354 0000003A C=CODE    S=_TEXT    G=(none)   M=C:\HTI\SISMASTER\MASTGRUPO.OBJ ACBP=A9
 0001:00001390 0000003A C=CODE    S=_TEXT    G=(none)   M=C:\HTI\SISMASTER\MAST50.OBJ ACBP=A9
 0001:000013CC 0000003A C=CODE    S=_TEXT    G=(none)   M=C:\HTI\SISMASTER\MAST51.OBJ ACBP=A9
 0001:00001408 000000A2 C=CODE    S=_TEXT    G=(none)   M=C:\HTI\SISMASTER\MAST2001.OBJ ACBP=A9
 0001:000014AC 0000003A C=CODE    S=_TEXT    G=(none)   M=C:\HTI\SISMASTER\MAST610.OBJ ACBP=A9
 0001:000014E8 0000003A C=CODE    S=_TEXT    G=(none)   M=C:\HTI\SISMASTER\MAST40.OBJ ACBP=A9
 0001:00001524 0000003A C=CODE    S=_TEXT    G=(none)   M=C:\HTI\SISMASTER\MAST52.OBJ ACBP=A9
 0001:00001560 0000003A C=CODE    S=_TEXT    G=(none)   M=C:\HTI\SISMASTER\MAST53.OBJ ACBP=A9
 0001:0000159C 0000006E C=CODE    S=_TEXT    G=(none)   M=C:\HTI\SISMASTER\MAST2002.OBJ ACBP=A9
 0001:0000160C 00000054 C=CODE    S=_TEXT    G=(none)   M=C:\HTI\SISMASTER\MAST19.OBJ ACBP=A9
 0001:00001660 0000008B C=CODE    S=_TEXT    G=(none)   M=C:\HTI\SISMASTER\SACNFCE.OBJ ACBP=A9
 0001:000016EC 000002E1 C=CODE    S=_TEXT    G=(none)   M=C:\HTI\SISMASTER\SACTEF.OBJ ACBP=A9
 0001:000019D0 0000010A C=CODE    S=_TEXT    G=(none)   M=C:\HTI\SISMASTER\IMPACBR.OBJ ACBP=A9
 0001:00001ADC 0000006E C=CODE    S=_TEXT    G=(none)   M=C:\HTI\SISMASTER\SAC_NCM.OBJ ACBP=A9
 0001:00001B4C 0000003D C=CODE    S=_TEXT    G=(none)   M=C:\HTI\SISMASTER\SAC211.OBJ ACBP=A9
 0001:00001B8C 0000008B C=CODE    S=_TEXT    G=(none)   M=C:\HTI\SISMASTER\SACNF_E.OBJ ACBP=A9
 0001:00001C18 0000003A C=CODE    S=_TEXT    G=(none)   M=C:\HTI\SISMASTER\SAC1OP.OBJ ACBP=A9
 0001:00001C54 0000010A C=CODE    S=_TEXT    G=(none)   M=C:\HTI\SISMASTER\SAUTORIZA.OBJ ACBP=A9
 0001:00001D60 0000003A C=CODE    S=_TEXT    G=(none)   M=C:\HTI\SISMASTER\MASTBAL.OBJ ACBP=A9
 0001:00001D9C 00000054 C=CODE    S=_TEXT    G=(none)   M=C:\HTI\SISMASTER\SAC31_1.OBJ ACBP=A9
 0001:00001DF0 00000088 C=CODE    S=_TEXT    G=(none)   M=C:\HTI\SISMASTER\SAC5DES.OBJ ACBP=A9
 0001:00001E78 0000003A C=CODE    S=_TEXT    G=(none)   M=C:\HTI\SISMASTER\SAC5NOT1.OBJ ACBP=A9
 0001:00001EB4 0000003A C=CODE    S=_TEXT    G=(none)   M=C:\HTI\SISMASTER\SAC5NOT2.OBJ ACBP=A9
 0001:00001EF0 0000003A C=CODE    S=_TEXT    G=(none)   M=C:\HTI\SISMASTER\SAC5NOT3.OBJ ACBP=A9
 0001:00001F2C 0000003A C=CODE    S=_TEXT    G=(none)   M=C:\HTI\SISMASTER\SAC5NOT4.OBJ ACBP=A9
 0001:00001F68 0000003A C=CODE    S=_TEXT    G=(none)   M=C:\HTI\SISMASTER\SAC5NOT6.OBJ ACBP=A9
 0001:00001FA4 0000003A C=CODE    S=_TEXT    G=(none)   M=C:\HTI\SISMASTER\SAC5NOT7.OBJ ACBP=A9
 0001:00001FE0 0000003A C=CODE    S=_TEXT    G=(none)   M=C:\HTI\SISMASTER\SAC5NOT8.OBJ ACBP=A9
 0001:0000201C 000002AD C=CODE    S=_TEXT    G=(none)   M=C:\HTI\SISMASTER\HTIPLUB.OBJ ACBP=A9
 0001:000022CC 00000054 C=CODE    S=_TEXT    G=(none)   M=C:\HTI\SISMASTER\MASTEXCE.OBJ ACBP=A9
 0001:00002320 0000003A C=CODE    S=_TEXT    G=(none)   M=C:\HTI\SISMASTER\MAST54.OBJ ACBP=A9
 0001:0000235C 0000006E C=CODE    S=_TEXT    G=(none)   M=C:\HTI\SISMASTER\MAST700.OBJ ACBP=A9
 0001:000023CC 0000003A C=CODE    S=_TEXT    G=(none)   M=C:\HTI\SISMASTER\MAST710.OBJ ACBP=A9
 0001:00002408 0000003A C=CODE    S=_TEXT    G=(none)   M=C:\HTI\SISMASTER\MAST750.OBJ ACBP=A9
 0001:00002444 00000010 C=CODE    S=_TEXT    G=(none)   M=C:\XHARBOUR997\LIB\LANG.LIB|msgen ACBP=A9
 0001:00002454 00000010 C=CODE    S=_TEXT    G=(none)   M=C:\XHARBOUR997\LIB\LANG.LIB|msges ACBP=A9
 0001:00002464 00001613 C=CODE    S=_TEXT    G=(none)   M=C:\XHARBOUR997\LIB\VM.LIB|arrays ACBP=A9
 0001:00003A78 0000352B C=CODE    S=_TEXT    G=(none)   M=C:\XHARBOUR997\LIB\VM.LIB|arrayshb ACBP=A9
 0001:00006FA4 00000469 C=CODE    S=_TEXT    G=(none)   M=C:\XHARBOUR997\LIB\VM.LIB|asort ACBP=A9
 0001:00007410 00000014 C=CODE    S=_TEXT    G=(none)   M=C:\XHARBOUR997\LIB\VM.LIB|break ACBP=A9
 0001:00007424 00005508 C=CODE    S=_TEXT    G=(none)   M=C:\XHARBOUR997\LIB\VM.LIB|classes ACBP=A9
 0001:0000C92C 000005B0 C=CODE    S=_TEXT    G=(none)   M=C:\XHARBOUR997\LIB\VM.LIB|cmdarg ACBP=A9
 0001:0000CEDC 0000032D C=CODE    S=_TEXT    G=(none)   M=C:\XHARBOUR997\LIB\VM.LIB|codebloc ACBP=A9
 0001:0000D20C 0000024A C=CODE    S=_TEXT    G=(none)   M=C:\XHARBOUR997\LIB\VM.LIB|do ACBP=A9
 0001:0000D458 000006D3 C=CODE    S=_TEXT    G=(none)   M=C:\XHARBOUR997\LIB\VM.LIB|dynsym ACBP=A9
 0001:0000DB2C 000016A7 C=CODE    S=_TEXT    G=(none)   M=C:\XHARBOUR997\LIB\VM.LIB|errorapi ACBP=A9
 0001:0000F1D4 00000850 C=CODE    S=_TEXT    G=(none)   M=C:\XHARBOUR997\LIB\VM.LIB|estack ACBP=A9
 0001:0000FA24 00000B03 C=CODE    S=_TEXT    G=(none)   M=C:\XHARBOUR997\LIB\VM.LIB|eval ACBP=A9
 0001:00010528 000000D2 C=CODE    S=_TEXT    G=(none)   M=C:\XHARBOUR997\LIB\VM.LIB|evalhb ACBP=A9
 0001:000105FC 00001BC0 C=CODE    S=_TEXT    G=(none)   M=C:\XHARBOUR997\LIB\VM.LIB|extend ACBP=A9
 0001:000121BC 000003B5 C=CODE    S=_TEXT    G=(none)   M=C:\XHARBOUR997\LIB\VM.LIB|fm ACBP=A9
 0001:00012574 00000707 C=CODE    S=_TEXT    G=(none)   M=C:\XHARBOUR997\LIB\VM.LIB|garbage ACBP=A9
 0001:00012C7C 0000341B C=CODE    S=_TEXT    G=(none)   M=C:\XHARBOUR997\LIB\VM.LIB|hash ACBP=A9
 0001:00016098 000011DA C=CODE    S=_TEXT    G=(none)   M=C:\XHARBOUR997\LIB\VM.LIB|hbi18n ACBP=A9
 0001:00017274 000123B6 C=CODE    S=_TEXT    G=(none)   M=C:\XHARBOUR997\LIB\VM.LIB|hvm ACBP=A9
 0001:0002962C 000026F7 C=CODE    S=_TEXT    G=(none)   M=C:\XHARBOUR997\LIB\VM.LIB|inet ACBP=A9
 0001:0002BD24 00000006 C=CODE    S=_TEXT    G=(none)   M=C:\XHARBOUR997\LIB\VM.LIB|initexit ACBP=A9
 0001:0002BD2C 00000017 C=CODE    S=_TEXT    G=(none)   M=C:\XHARBOUR997\LIB\VM.LIB|initsymb ACBP=A9
 0001:0002BD44 00001A70 C=CODE    S=_TEXT    G=(none)   M=C:\XHARBOUR997\LIB\VM.LIB|itemapi ACBP=A9
 0001:0002D7B4 00000B3F C=CODE    S=_TEXT    G=(none)   M=C:\XHARBOUR997\LIB\VM.LIB|fastitem ACBP=A9
 0001:0002E2F4 00001C7F C=CODE    S=_TEXT    G=(none)   M=C:\XHARBOUR997\LIB\VM.LIB|macro ACBP=A9
 0001:0002FF74 0000011D C=CODE    S=_TEXT    G=(none)   M=C:\XHARBOUR997\LIB\VM.LIB|mainwin ACBP=A9
 0001:00030094 00001DE8 C=CODE    S=_TEXT    G=(none)   M=C:\XHARBOUR997\LIB\VM.LIB|memvars ACBP=A9
 0001:00031E7C 00000039 C=CODE    S=_TEXT    G=(none)   M=C:\XHARBOUR997\LIB\VM.LIB|pcount ACBP=A9
 0001:00031EB8 00000541 C=CODE    S=_TEXT    G=(none)   M=C:\XHARBOUR997\LIB\VM.LIB|proc ACBP=A9
 0001:000323FC 000000E4 C=CODE    S=_TEXT    G=(none)   M=C:\XHARBOUR997\LIB\VM.LIB|thread ACBP=A9
 0001:000324E0 00000072 C=CODE    S=_TEXT    G=(none)   M=C:\XHARBOUR997\LIB\VM.LIB|throw ACBP=A9
 0001:00032554 000000DA C=CODE    S=_TEXT    G=(none)   M=C:\XHARBOUR997\LIB\VM.LIB|harbinit ACBP=A9
 0001:00032630 00000178 C=CODE    S=_TEXT    G=(none)   M=C:\XHARBOUR997\LIB\RTL.LIB|abs ACBP=A9
 0001:000327A8 000002AF C=CODE    S=_TEXT    G=(none)   M=C:\XHARBOUR997\LIB\RTL.LIB|at ACBP=A9
 0001:00032A58 00000558 C=CODE    S=_TEXT    G=(none)   M=C:\XHARBOUR997\LIB\RTL.LIB|bkgtsks ACBP=A9
 0001:00032FB0 00000130 C=CODE    S=_TEXT    G=(none)   M=C:\XHARBOUR997\LIB\RTL.LIB|binnumx ACBP=A9
 0001:000330E0 0000017D C=CODE    S=_TEXT    G=(none)   M=C:\XHARBOUR997\LIB\RTL.LIB|box ACBP=A9
 0001:00033260 00000F20 C=CODE    S=_TEXT    G=(none)   M=C:\XHARBOUR997\LIB\RTL.LIB|cdpapi ACBP=A9
 0001:00034180 000000A2 C=CODE    S=_TEXT    G=(none)   M=C:\XHARBOUR997\LIB\RTL.LIB|chrasc ACBP=A9
 0001:00034224 000000B6 C=CODE    S=_TEXT    G=(none)   M=C:\XHARBOUR997\LIB\RTL.LIB|colorind ACBP=A9
 0001:000342DC 00000975 C=CODE    S=_TEXT    G=(none)   M=C:\XHARBOUR997\LIB\RTL.LIB|console ACBP=A9
 0001:00034C54 00000143 C=CODE    S=_TEXT    G=(none)   M=C:\XHARBOUR997\LIB\RTL.LIB|datec ACBP=A9
 0001:00034D98 000007F7 C=CODE    S=_TEXT    G=(none)   M=C:\XHARBOUR997\LIB\RTL.LIB|dates ACBP=A9
 0001:00035590 000005DD C=CODE    S=_TEXT    G=(none)   M=C:\XHARBOUR997\LIB\RTL.LIB|dateshb ACBP=A9
 0001:00035B70 000001F0 C=CODE    S=_TEXT    G=(none)   M=C:\XHARBOUR997\LIB\RTL.LIB|dirdrive ACBP=A9
 0001:00035D60 000007D8 C=CODE    S=_TEXT    G=(none)   M=C:\XHARBOUR997\LIB\RTL.LIB|direct ACBP=A9
 0001:00036538 000001C8 C=CODE    S=_TEXT    G=(none)   M=C:\XHARBOUR997\LIB\RTL.LIB|diskspac ACBP=A9
 0001:00036700 00000188 C=CODE    S=_TEXT    G=(none)   M=C:\XHARBOUR997\LIB\RTL.LIB|empty ACBP=A9
 0001:00036888 00000138 C=CODE    S=_TEXT    G=(none)   M=C:\XHARBOUR997\LIB\RTL.LIB|file ACBP=A9
 0001:000369C0 00000072 C=CODE    S=_TEXT    G=(none)   M=C:\XHARBOUR997\LIB\RTL.LIB|filehb ACBP=A9
 0001:00036A34 0000151F C=CODE    S=_TEXT    G=(none)   M=C:\XHARBOUR997\LIB\RTL.LIB|filesys ACBP=A9
 0001:00037F54 000000B8 C=CODE    S=_TEXT    G=(none)   M=C:\XHARBOUR997\LIB\RTL.LIB|fserror ACBP=A9
 0001:0003800C 000000D9 C=CODE    S=_TEXT    G=(none)   M=C:\XHARBOUR997\LIB\RTL.LIB|fnsplit ACBP=A9
 0001:000380E8 00000912 C=CODE    S=_TEXT    G=(none)   M=C:\XHARBOUR997\LIB\RTL.LIB|fparse ACBP=A9
 0001:000389FC 000000AF C=CODE    S=_TEXT    G=(none)   M=C:\XHARBOUR997\LIB\RTL.LIB|fssize ACBP=A9
 0001:00038AAC 0000012B C=CODE    S=_TEXT    G=(none)   M=C:\XHARBOUR997\LIB\RTL.LIB|fstemp ACBP=A9
 0001:00038BD8 000000A2 C=CODE    S=_TEXT    G=(none)   M=C:\XHARBOUR997\LIB\RTL.LIB|gete ACBP=A9
 0001:00038C7C 00000037 C=CODE    S=_TEXT    G=(none)   M=C:\XHARBOUR997\LIB\RTL.LIB|gt ACBP=A9
 0001:00038CB4 00003F63 C=CODE    S=_TEXT    G=(none)   M=C:\XHARBOUR997\LIB\RTL.LIB|gtapi ACBP=A9
 0001:0003CC18 00000526 C=CODE    S=_TEXT    G=(none)   M=C:\XHARBOUR997\LIB\RTL.LIB|gx ACBP=A9
 0001:0003D140 000003E8 C=CODE    S=_TEXT    G=(none)   M=C:\XHARBOUR997\LIB\RTL.LIB|hbbitf ACBP=A9
 0001:0003D528 00000835 C=CODE    S=_TEXT    G=(none)   M=C:\XHARBOUR997\LIB\RTL.LIB|hbffind ACBP=A9
 0001:0003DD60 0000044B C=CODE    S=_TEXT    G=(none)   M=C:\XHARBOUR997\LIB\RTL.LIB|hbhex2n ACBP=A9
 0001:0003E1AC 000002A8 C=CODE    S=_TEXT    G=(none)   M=C:\XHARBOUR997\LIB\RTL.LIB|hbrandom ACBP=A9
 0001:0003E454 000006DE C=CODE    S=_TEXT    G=(none)   M=C:\XHARBOUR997\LIB\RTL.LIB|hbsrlraw ACBP=A9
 0001:0003EB34 000003F7 C=CODE    S=_TEXT    G=(none)   M=C:\XHARBOUR997\LIB\RTL.LIB|idle ACBP=A9
 0001:0003EF2C 000007E5 C=CODE    S=_TEXT    G=(none)   M=C:\XHARBOUR997\LIB\RTL.LIB|inkey ACBP=A9
 0001:0003F714 0000030F C=CODE    S=_TEXT    G=(none)   M=C:\XHARBOUR997\LIB\RTL.LIB|is ACBP=A9
 0001:0003FA24 00000273 C=CODE    S=_TEXT    G=(none)   M=C:\XHARBOUR997\LIB\RTL.LIB|langapi ACBP=A9
 0001:0003FC98 000000B3 C=CODE    S=_TEXT    G=(none)   M=C:\XHARBOUR997\LIB\RTL.LIB|left ACBP=A9
 0001:0003FD4C 0000006A C=CODE    S=_TEXT    G=(none)   M=C:\XHARBOUR997\LIB\RTL.LIB|len ACBP=A9
 0001:0003FDB8 00000951 C=CODE    S=_TEXT    G=(none)   M=C:\XHARBOUR997\LIB\RTL.LIB|math ACBP=A9
 0001:0004070C 000000C5 C=CODE    S=_TEXT    G=(none)   M=C:\XHARBOUR997\LIB\RTL.LIB|maxrow ACBP=A9
 0001:000407D4 00000157 C=CODE    S=_TEXT    G=(none)   M=C:\XHARBOUR997\LIB\RTL.LIB|memofile ACBP=A9
 0001:0004092C 000004D7 C=CODE    S=_TEXT    G=(none)   M=C:\XHARBOUR997\LIB\RTL.LIB|minmax ACBP=A9
 0001:00040E04 000003C5 C=CODE    S=_TEXT    G=(none)   M=C:\XHARBOUR997\LIB\RTL.LIB|mouseapi ACBP=A9
 0001:000411CC 0000012C C=CODE    S=_TEXT    G=(none)   M=C:\XHARBOUR997\LIB\RTL.LIB|natmsg ACBP=A9
 0001:000412F8 00000049 C=CODE    S=_TEXT    G=(none)   M=C:\XHARBOUR997\LIB\RTL.LIB|net ACBP=A9
 0001:00041344 000000AE C=CODE    S=_TEXT    G=(none)   M=C:\XHARBOUR997\LIB\RTL.LIB|oemansi ACBP=A9
 0001:000413F4 00000122 C=CODE    S=_TEXT    G=(none)   M=C:\XHARBOUR997\LIB\RTL.LIB|padc ACBP=A9
 0001:00041518 000000F0 C=CODE    S=_TEXT    G=(none)   M=C:\XHARBOUR997\LIB\RTL.LIB|padl ACBP=A9
 0001:00041608 000000EB C=CODE    S=_TEXT    G=(none)   M=C:\XHARBOUR997\LIB\RTL.LIB|padr ACBP=A9
 0001:000416F4 00000A48 C=CODE    S=_TEXT    G=(none)   M=C:\XHARBOUR997\LIB\RTL.LIB|philes ACBP=A9
 0001:0004213C 0000009F C=CODE    S=_TEXT    G=(none)   M=C:\XHARBOUR997\LIB\RTL.LIB|philesx ACBP=A9
 0001:000421DC 00000098 C=CODE    S=_TEXT    G=(none)   M=C:\XHARBOUR997\LIB\RTL.LIB|rat ACBP=A9
 0001:00042274 00001188 C=CODE    S=_TEXT    G=(none)   M=C:\XHARBOUR997\LIB\RTL.LIB|regex ACBP=A9
 0001:000433FC 00000134 C=CODE    S=_TEXT    G=(none)   M=C:\XHARBOUR997\LIB\RTL.LIB|replic ACBP=A9
 0001:00043530 0000005D C=CODE    S=_TEXT    G=(none)   M=C:\XHARBOUR997\LIB\RTL.LIB|right ACBP=A9
 0001:00043590 00000125 C=CODE    S=_TEXT    G=(none)   M=C:\XHARBOUR997\LIB\RTL.LIB|round ACBP=A9
 0001:000436B8 000001F0 C=CODE    S=_TEXT    G=(none)   M=C:\XHARBOUR997\LIB\RTL.LIB|samples ACBP=A9
 0001:000438A8 000001B0 C=CODE    S=_TEXT    G=(none)   M=C:\XHARBOUR997\LIB\RTL.LIB|saverest ACBP=A9
 0001:00043A58 00000103 C=CODE    S=_TEXT    G=(none)   M=C:\XHARBOUR997\LIB\RTL.LIB|scroll ACBP=A9
 0001:00043B5C 000001DC C=CODE    S=_TEXT    G=(none)   M=C:\XHARBOUR997\LIB\RTL.LIB|seconds ACBP=A9
 0001:00043D38 00002716 C=CODE    S=_TEXT    G=(none)   M=C:\XHARBOUR997\LIB\RTL.LIB|set ACBP=A9
 0001:00046450 000000E6 C=CODE    S=_TEXT    G=(none)   M=C:\XHARBOUR997\LIB\RTL.LIB|setcolor ACBP=A9
 0001:00046538 0000005C C=CODE    S=_TEXT    G=(none)   M=C:\XHARBOUR997\LIB\RTL.LIB|setcurs ACBP=A9
 0001:00046594 00000579 C=CODE    S=_TEXT    G=(none)   M=C:\XHARBOUR997\LIB\RTL.LIB|setkey ACBP=A9
 0001:00046B10 0000007D C=CODE    S=_TEXT    G=(none)   M=C:\XHARBOUR997\LIB\RTL.LIB|setpos ACBP=A9
 0001:00046B90 0000002C C=CODE    S=_TEXT    G=(none)   M=C:\XHARBOUR997\LIB\RTL.LIB|setposbs ACBP=A9
 0001:00046BBC 00000079 C=CODE    S=_TEXT    G=(none)   M=C:\XHARBOUR997\LIB\RTL.LIB|space ACBP=A9
 0001:00046C38 00000224 C=CODE    S=_TEXT    G=(none)   M=C:\XHARBOUR997\LIB\RTL.LIB|spfiles ACBP=A9
 0001:00046E5C 00000191 C=CODE    S=_TEXT    G=(none)   M=C:\XHARBOUR997\LIB\RTL.LIB|str ACBP=A9
 0001:00046FF0 0000029E C=CODE    S=_TEXT    G=(none)   M=C:\XHARBOUR997\LIB\RTL.LIB|strcase ACBP=A9
 0001:00047290 0000012B C=CODE    S=_TEXT    G=(none)   M=C:\XHARBOUR997\LIB\RTL.LIB|strdel ACBP=A9
 0001:000473BC 00000035 C=CODE    S=_TEXT    G=(none)   M=C:\XHARBOUR997\LIB\RTL.LIB|strings ACBP=A9
 0001:000473F4 00000424 C=CODE    S=_TEXT    G=(none)   M=C:\XHARBOUR997\LIB\RTL.LIB|strmatch ACBP=A9
 0001:00047818 000002DB C=CODE    S=_TEXT    G=(none)   M=C:\XHARBOUR997\LIB\RTL.LIB|strtran ACBP=A9
 0001:00047AF4 00000124 C=CODE    S=_TEXT    G=(none)   M=C:\XHARBOUR997\LIB\RTL.LIB|strzero ACBP=A9
 0001:00047C18 00000168 C=CODE    S=_TEXT    G=(none)   M=C:\XHARBOUR997\LIB\RTL.LIB|stuff ACBP=A9
 0001:00047D80 00000124 C=CODE    S=_TEXT    G=(none)   M=C:\XHARBOUR997\LIB\RTL.LIB|substr ACBP=A9
 0001:00047EA4 00000218 C=CODE    S=_TEXT    G=(none)   M=C:\XHARBOUR997\LIB\RTL.LIB|teditorl ACBP=A9
 0001:000480BC 00000058 C=CODE    S=_TEXT    G=(none)   M=C:\XHARBOUR997\LIB\RTL.LIB|tone ACBP=A9
 0001:00048114 00000B6D C=CODE    S=_TEXT    G=(none)   M=C:\XHARBOUR997\LIB\RTL.LIB|tprinter ACBP=A9
 0001:00048C84 00000130 C=CODE    S=_TEXT    G=(none)   M=C:\XHARBOUR997\LIB\RTL.LIB|trace ACBP=A9
 0001:00048DB4 000018E4 C=CODE    S=_TEXT    G=(none)   M=C:\XHARBOUR997\LIB\RTL.LIB|transfrm ACBP=A9
 0001:0004A698 0000021C C=CODE    S=_TEXT    G=(none)   M=C:\XHARBOUR997\LIB\RTL.LIB|trim ACBP=A9
 0001:0004A8B4 00000F92 C=CODE    S=_TEXT    G=(none)   M=C:\XHARBOUR997\LIB\RTL.LIB|txtline ACBP=A9
 0001:0004B848 00000066 C=CODE    S=_TEXT    G=(none)   M=C:\XHARBOUR997\LIB\RTL.LIB|type ACBP=A9
 0001:0004B8B0 00000091 C=CODE    S=_TEXT    G=(none)   M=C:\XHARBOUR997\LIB\RTL.LIB|val ACBP=A9
 0001:0004B944 00000049 C=CODE    S=_TEXT    G=(none)   M=C:\XHARBOUR997\LIB\RTL.LIB|valtostr ACBP=A9
 0001:0004B990 00000270 C=CODE    S=_TEXT    G=(none)   M=C:\XHARBOUR997\LIB\RTL.LIB|valtype ACBP=A9
 0001:0004BC00 0000035C C=CODE    S=_TEXT    G=(none)   M=C:\XHARBOUR997\LIB\RTL.LIB|version ACBP=A9
 0001:0004BF5C 00000042 C=CODE    S=_TEXT    G=(none)   M=C:\XHARBOUR997\LIB\RTL.LIB|word ACBP=A9
 0001:0004BFA0 00000057 C=CODE    S=_TEXT    G=(none)   M=C:\XHARBOUR997\LIB\RTL.LIB|xhelp ACBP=A9
 0001:0004BFF8 000000DE C=CODE    S=_TEXT    G=(none)   M=C:\XHARBOUR997\LIB\RTL.LIB|xsavescr ACBP=A9
 0001:0004C0D8 00000234 C=CODE    S=_TEXT    G=(none)   M=C:\XHARBOUR997\LIB\RTL.LIB|achoice ACBP=A9
 0001:0004C30C 0000007A C=CODE    S=_TEXT    G=(none)   M=C:\XHARBOUR997\LIB\RTL.LIB|alert ACBP=A9
 0001:0004C388 00000032 C=CODE    S=_TEXT    G=(none)   M=C:\XHARBOUR997\LIB\RTL.LIB|browdb ACBP=A9
 0001:0004C3BC 0000016A C=CODE    S=_TEXT    G=(none)   M=C:\XHARBOUR997\LIB\RTL.LIB|color53 ACBP=A9
 0001:0004C528 000000AA C=CODE    S=_TEXT    G=(none)   M=C:\XHARBOUR997\LIB\RTL.LIB|cstr ACBP=A9
 0001:0004C5D4 00000032 C=CODE    S=_TEXT    G=(none)   M=C:\XHARBOUR997\LIB\RTL.LIB|devoutp ACBP=A9
 0001:0004C608 0000007A C=CODE    S=_TEXT    G=(none)   M=C:\XHARBOUR997\LIB\RTL.LIB|getlist ACBP=A9
 0001:0004C684 00000242 C=CODE    S=_TEXT    G=(none)   M=C:\XHARBOUR997\LIB\RTL.LIB|getsys ACBP=A9
 0001:0004C8C8 00000062 C=CODE    S=_TEXT    G=(none)   M=C:\XHARBOUR997\LIB\RTL.LIB|hbserial ACBP=A9
 0001:0004C92C 00000396 C=CODE    S=_TEXT    G=(none)   M=C:\XHARBOUR997\LIB\RTL.LIB|listbox ACBP=A9
 0001:0004CCC4 00000032 C=CODE    S=_TEXT    G=(none)   M=C:\XHARBOUR997\LIB\RTL.LIB|memvarbl ACBP=A9
 0001:0004CCF8 0000007A C=CODE    S=_TEXT    G=(none)   M=C:\XHARBOUR997\LIB\RTL.LIB|menuto ACBP=A9
 0001:0004CD74 0000010A C=CODE    S=_TEXT    G=(none)   M=C:\XHARBOUR997\LIB\RTL.LIB|mssgline ACBP=A9
 0001:0004CE80 00000212 C=CODE    S=_TEXT    G=(none)   M=C:\XHARBOUR997\LIB\RTL.LIB|objfunc ACBP=A9
 0001:0004D094 0000004A C=CODE    S=_TEXT    G=(none)   M=C:\XHARBOUR997\LIB\RTL.LIB|readvar ACBP=A9
 0001:0004D0E0 00000182 C=CODE    S=_TEXT    G=(none)   M=C:\XHARBOUR997\LIB\RTL.LIB|scrollbr ACBP=A9
 0001:0004D264 000000C2 C=CODE    S=_TEXT    G=(none)   M=C:\XHARBOUR997\LIB\RTL.LIB|tbcolumn ACBP=A9
 0001:0004D328 00000756 C=CODE    S=_TEXT    G=(none)   M=C:\XHARBOUR997\LIB\RTL.LIB|tbrowse ACBP=A9
 0001:0004DA80 0000040E C=CODE    S=_TEXT    G=(none)   M=C:\XHARBOUR997\LIB\RTL.LIB|tclass ACBP=A9
 0001:0004DE90 0000004A C=CODE    S=_TEXT    G=(none)   M=C:\XHARBOUR997\LIB\RTL.LIB|terror ACBP=A9
 0001:0004DEDC 0000043E C=CODE    S=_TEXT    G=(none)   M=C:\XHARBOUR997\LIB\RTL.LIB|tget ACBP=A9
 0001:0004E31C 00000062 C=CODE    S=_TEXT    G=(none)   M=C:\XHARBOUR997\LIB\RTL.LIB|tgetint ACBP=A9
 0001:0004E380 000002A6 C=CODE    S=_TEXT    G=(none)   M=C:\XHARBOUR997\LIB\RTL.LIB|tgetlist ACBP=A9
 0001:0004E628 000000DA C=CODE    S=_TEXT    G=(none)   M=C:\XHARBOUR997\LIB\RTL.LIB|tobject ACBP=A9
 0001:0004E704 0000004A C=CODE    S=_TEXT    G=(none)   M=C:\XHARBOUR997\LIB\RTL.LIB|traceprg ACBP=A9
 0001:0004E750 00002591 C=CODE    S=_TEXT    G=(none)   M=C:\XHARBOUR997\LIB\RTL.LIB|win32ole ACBP=A9
 0001:00050CE4 000003D3 C=CODE    S=_TEXT    G=(none)   M=C:\XHARBOUR997\LIB\RTL.LIB|winos ACBP=A9
 0001:000510B8 0000032E C=CODE    S=_TEXT    G=(none)   M=C:\XHARBOUR997\LIB\RTL.LIB|winreg ACBP=A9
 0001:000513E8 00006006 C=CODE    S=_TEXT    G=(none)   M=C:\XHARBOUR997\LIB\RDD.LIB|dbcmd ACBP=A9
 0001:000573F0 00001A7B C=CODE    S=_TEXT    G=(none)   M=C:\XHARBOUR997\LIB\RDD.LIB|workarea ACBP=A9
 0001:00058E6C 00005FD8 C=CODE    S=_TEXT    G=(none)   M=C:\XHARBOUR997\LIB\RDD.LIB|dbf1 ACBP=A9
 0001:0005EE44 00000695 C=CODE    S=_TEXT    G=(none)   M=C:\XHARBOUR997\LIB\RDD.LIB|hbdbsort ACBP=A9
 0001:0005F4DC 000000DA C=CODE    S=_TEXT    G=(none)   M=C:\XHARBOUR997\LIB\RDD.LIB|rddord ACBP=A9
 0001:0005F5B8 00000032 C=CODE    S=_TEXT    G=(none)   M=C:\XHARBOUR997\LIB\RDD.LIB|rddsys ACBP=A9
 0001:0005F5EC 000041D9 C=CODE    S=_TEXT    G=(none)   M=C:\XHARBOUR997\LIB\MACRO.LIB|macroy ACBP=A9
 0001:000637C8 00000319 C=CODE    S=_TEXT    G=(none)   M=C:\XHARBOUR997\LIB\MACRO.LIB|macroa ACBP=A9
 0001:00063AE4 000058A1 C=CODE    S=_TEXT    G=(none)   M=C:\XHARBOUR997\LIB\MACRO.LIB|macrob ACBP=A9
 0001:00069388 000007E8 C=CODE    S=_TEXT    G=(none)   M=C:\XHARBOUR997\LIB\MACRO.LIB|macroc ACBP=A9
 0001:00069B70 00001CCE C=CODE    S=_TEXT    G=(none)   M=C:\XHARBOUR997\LIB\MACRO.LIB|macroslx ACBP=A9
 0001:0006B840 0000A74C C=CODE    S=_TEXT    G=(none)   M=C:\XHARBOUR997\LIB\DBFNTX.LIB|dbfntx1 ACBP=A9
 0001:00075F8C 00006620 C=CODE    S=_TEXT    G=(none)   M=C:\XHARBOUR997\LIB\DBFFPT.LIB|dbffpt1 ACBP=A9
 0001:0007C5AC 0000CC94 C=CODE    S=_TEXT    G=(none)   M=C:\XHARBOUR997\LIB\DBFCDX.LIB|dbfcdx1 ACBP=A9
 0001:00089240 0000018C C=CODE    S=_TEXT    G=(none)   M=C:\XHARBOUR997\LIB\WVWTOOLS.LIB|gchckbox ACBP=A9
 0001:000893CC 000003CB C=CODE    S=_TEXT    G=(none)   M=C:\XHARBOUR997\LIB\WVWTOOLS.LIB|getsys ACBP=A9
 0001:00089798 00000481 C=CODE    S=_TEXT    G=(none)   M=C:\XHARBOUR997\LIB\WVWTOOLS.LIB|glistbox ACBP=A9
 0001:00089C1C 000001A6 C=CODE    S=_TEXT    G=(none)   M=C:\XHARBOUR997\LIB\WVWTOOLS.LIB|gpushbtn ACBP=A9
 0001:00089DC4 00000228 C=CODE    S=_TEXT    G=(none)   M=C:\XHARBOUR997\LIB\WVWTOOLS.LIB|gradigrp ACBP=A9
 0001:00089FEC 00019F0E C=CODE    S=_TEXT    G=(none)   M=C:\XHARBOUR997\LIB\WVWTOOLS.LIB|gtwvw ACBP=A9
 0001:000A3EFC 00000088 C=CODE    S=_TEXT    G=(none)   M=C:\XHARBOUR997\LIB\WVWTOOLS.LIB|middlwvw ACBP=A9
 0001:000A3F84 00000172 C=CODE    S=_TEXT    G=(none)   M=C:\XHARBOUR997\LIB\WVWTOOLS.LIB|tappl ACBP=A9
 0001:000A40F8 00000315 C=CODE    S=_TEXT    G=(none)   M=C:\XHARBOUR997\LIB\WVWTOOLS.LIB|tgetlist ACBP=A9
 0001:000A4410 00000481 C=CODE    S=_TEXT    G=(none)   M=C:\XHARBOUR997\LIB\WVWTOOLS.LIB|ttabpage ACBP=A9
 0001:000A4894 00000794 C=CODE    S=_TEXT    G=(none)   M=C:\XHARBOUR997\LIB\WVWTOOLS.LIB|twindows ACBP=A9
 0001:000A5028 000003AB C=CODE    S=_TEXT    G=(none)   M=C:\XHARBOUR997\LIB\WVWTOOLS.LIB|winapi ACBP=A9
 0001:000A53D4 000003A3 C=CODE    S=_TEXT    G=(none)   M=C:\XHARBOUR997\LIB\WVWTOOLS.LIB|wvwmisc ACBP=A9
 0001:000A5778 0000195A C=CODE    S=_TEXT    G=(none)   M=C:\SQLRDD997\LIB\BC5\SQL.LIB|sqly ACBP=A9
 0001:000A70D4 000002FB C=CODE    S=_TEXT    G=(none)   M=C:\SQLRDD997\LIB\BC5\SQL.LIB|sqlconnection ACBP=A9
 0001:000A73D0 00000922 C=CODE    S=_TEXT    G=(none)   M=C:\SQLRDD997\LIB\BC5\SQL.LIB|sqlrdd0 ACBP=A9
 0001:000A7CF4 00000AE7 C=CODE    S=_TEXT    G=(none)   M=C:\SQLRDD997\LIB\BC5\SQL.LIB|sqlrdd2 ACBP=A9
 0001:000A87DC 00000748 C=CODE    S=_TEXT    G=(none)   M=C:\SQLRDD997\LIB\BC5\SQL.LIB|utils ACBP=A9
 0001:000A8F24 000002CF C=CODE    S=_TEXT    G=(none)   M=C:\SQLRDD997\LIB\BC5\SQL.LIB|sqlgen1 ACBP=A9
 0001:000A91F4 0000013A C=CODE    S=_TEXT    G=(none)   M=C:\SQLRDD997\LIB\BC5\SQL.LIB|utilslang ACBP=A9
 0001:000A9330 00000172 C=CODE    S=_TEXT    G=(none)   M=C:\SQLRDD997\LIB\BC5\SQL.LIB|sqlfirebird ACBP=A9
 0001:000A94A4 00001088 C=CODE    S=_TEXT    G=(none)   M=C:\SQLRDD997\LIB\BC5\SQL.LIB|sqlact ACBP=A9
 0001:000AA52C 000021CD C=CODE    S=_TEXT    G=(none)   M=C:\SQLRDD997\LIB\BC5\SQL.LIB|firebird ACBP=A9
 0001:000AC6FC 00001646 C=CODE    S=_TEXT    G=(none)   M=C:\SQLRDD997\LIB\BC5\SQL.LIB|sqllex ACBP=A9
 0001:000ADD44 000050D5 C=CODE    S=_TEXT    G=(none)   M=C:\SQLRDD997\LIB\BC5\SQL.LIB|sqlrdd1 ACBP=A9
 0001:000B2E1C 0000EBA9 C=CODE    S=_TEXT    G=(none)   M=C:\SQLRDD997\LIB\BC5\SQL.LIB|sqlora ACBP=A9
 0001:000C19C8 000002B7 C=CODE    S=_TEXT    G=(none)   M=C:\XHARBOUR997\LIB\COMMON.LIB|hbfsapi ACBP=A9
 0001:000C1C80 00000033 C=CODE    S=_TEXT    G=(none)   M=C:\XHARBOUR997\LIB\COMMON.LIB|hbgete ACBP=A9
 0001:000C1CB4 00000CFB C=CODE    S=_TEXT    G=(none)   M=C:\XHARBOUR997\LIB\COMMON.LIB|hbstr ACBP=A9
 0001:000C29B0 00000225 C=CODE    S=_TEXT    G=(none)   M=C:\XHARBOUR997\LIB\COMMON.LIB|hbtrace ACBP=A9
 0001:000C2BD8 00000EF6 C=CODE    S=_TEXT    G=(none)   M=C:\XHARBOUR997\LIB\COMMON.LIB|hbver ACBP=A9
 0001:000C3AD0 00000862 C=CODE    S=_TEXT    G=(none)   M=C:\XHARBOUR997\LIB\COMMON.LIB|expropt1 ACBP=A9
 0001:000C4334 000011E4 C=CODE    S=_TEXT    G=(none)   M=C:\XHARBOUR997\LIB\COMMON.LIB|expropt2 ACBP=A9
 0001:000C5518 00000060 C=CODE    S=_TEXT    G=(none)   M=C:\XHARBOUR997\LIB\COMMON.LIB|reserved ACBP=A9
 0001:000C5578 00000010 C=CODE    S=_TEXT    G=(none)   M=C:\XHARBOUR997\LIB\CODEPAGE.LIB|cpesdos ACBP=A9
 0001:000C5588 00000010 C=CODE    S=_TEXT    G=(none)   M=C:\XHARBOUR997\LIB\CODEPAGE.LIB|cpesmwin ACBP=A9
 0001:000C5598 00000010 C=CODE    S=_TEXT    G=(none)   M=C:\XHARBOUR997\LIB\CODEPAGE.LIB|cpeswin ACBP=A9
 0001:000C55A8 00000010 C=CODE    S=_TEXT    G=(none)   M=C:\XHARBOUR997\LIB\CODEPAGE.LIB|cppt850 ACBP=A9
 0001:000C55B8 0000033A C=CODE    S=_TEXT    G=(none)   M=C:\XHARBOUR997\LIB\PCREPOS.LIB|pcreposix ACBP=A9
 0001:000C58F4 00004761 C=CODE    S=_TEXT    G=(none)   M=C:\XHARBOUR997\LIB\PCREPOS.LIB|pcre_compile ACBP=A9
 0001:000CA058 00005B5B C=CODE    S=_TEXT    G=(none)   M=C:\XHARBOUR997\LIB\PCREPOS.LIB|pcre_exec ACBP=A9
 0001:000CFBB4 0000007B C=CODE    S=_TEXT    G=(none)   M=C:\XHARBOUR997\LIB\PCREPOS.LIB|pcre_info ACBP=A9
 0001:000CFC30 0000004D C=CODE    S=_TEXT    G=(none)   M=C:\XHARBOUR997\LIB\PCREPOS.LIB|pcre_ord2utf8 ACBP=A9
 0001:000CFC80 0000017B C=CODE    S=_TEXT    G=(none)   M=C:\XHARBOUR997\LIB\PCREPOS.LIB|pcre_try_flipped ACBP=A9
 0001:000CFDFC 00000137 C=CODE    S=_TEXT    G=(none)   M=C:\XHARBOUR997\LIB\PCREPOS.LIB|pcre_ucp_findchar ACBP=A9
 0001:000CFF34 0000013B C=CODE    S=_TEXT    G=(none)   M=C:\XHARBOUR997\LIB\PCREPOS.LIB|pcre_valid_utf8 ACBP=A9
 0001:000D0070 00000219 C=CODE    S=_TEXT    G=(none)   M=C:\XHARBOUR997\LIB\PCREPOS.LIB|pcre_xclass ACBP=A9
 0001:000D028C 000003B5 C=CODE    S=_TEXT    G=(none)   M=C:\XHARBOUR997\LIB\HBSIX.LIB|sxcrypt ACBP=A9
 0001:000D0644 000000E8 C=CODE    S=_TEXT    G=(none)   M=C:\XHARBOUR997\LIB\HBSIX.LIB|sxdate ACBP=A9
 0001:000D072C 0000002B C=CODE    S=_TEXT    G=(none)   M=C:\BORLAND\BCC55\LIB\CW32.LIB|calloc ACBP=A9
 0001:000D0758 0000000F C=CODE    S=_TEXT    G=(none)   M=C:\BORLAND\BCC55\LIB\CW32.LIB|del ACBP=A9
 0001:000D0768 0000000F C=CODE    S=_TEXT    G=(none)   M=C:\BORLAND\BCC55\LIB\CW32.LIB|delarray ACBP=A9
 0001:000D0778 00000111 C=CODE    S=_TEXT    G=(none)   M=C:\BORLAND\BCC55\LIB\CW32.LIB|virtmem ACBP=A9
 0001:000D088C 0000009F C=CODE    S=_TEXT    G=(none)   M=C:\BORLAND\BCC55\LIB\CW32.LIB|hrdir_b ACBP=A9
 0001:000D092C 00000020 C=CODE    S=_TEXT    G=(none)   M=C:\BORLAND\BCC55\LIB\CW32.LIB|hrdir_mf ACBP=A9
 0001:000D094C 00000016 C=CODE    S=_TEXT    G=(none)   M=C:\BORLAND\BCC55\LIB\CW32.LIB|hrdir_r ACBP=A9
 0001:000D0964 000000B8 C=CODE    S=_TEXT    G=(none)   M=C:\BORLAND\BCC55\LIB\CW32.LIB|hrdir_s ACBP=A9
 0001:000D0A1C 00000001 C=CODE    S=_TEXT    G=(none)   M=C:\BORLAND\BCC55\LIB\CW32.LIB|hrdir_us ACBP=A9
 0001:000D0A20 000009CC C=CODE    S=_TEXT    G=(none)   M=C:\BORLAND\BCC55\LIB\CW32.LIB|heap ACBP=A9
 0001:000D13EC 00000292 C=CODE    S=_TEXT    G=(none)   M=C:\BORLAND\BCC55\LIB\CW32.LIB|realloc ACBP=A9
 0001:000D1680 00000001 C=CODE    S=_TEXT    G=(none)   M=C:\BORLAND\BCC55\LIB\CW32.LIB|crtlst_i ACBP=A9
 0001:000D1684 00000001 C=CODE    S=_TEXT    G=(none)   M=C:\BORLAND\BCC55\LIB\CW32.LIB|crtlst_l ACBP=A9
 0001:000D1688 0000001E C=CODE    S=_TEXT    G=(none)   M=C:\BORLAND\BCC55\LIB\CW32.LIB|memchr ACBP=A9
 0001:000D16A8 00000024 C=CODE    S=_TEXT    G=(none)   M=C:\BORLAND\BCC55\LIB\CW32.LIB|memcpy ACBP=A9
 0001:000D16CC 0000004A C=CODE    S=_TEXT    G=(none)   M=C:\BORLAND\BCC55\LIB\CW32.LIB|memmove ACBP=A9
 0001:000D1718 0000008A C=CODE    S=_TEXT    G=(none)   M=C:\BORLAND\BCC55\LIB\CW32.LIB|memset ACBP=A9
 0001:000D17A4 00000018 C=CODE    S=_TEXT    G=(none)   M=C:\BORLAND\BCC55\LIB\CW32.LIB|wmemset ACBP=A9
 0001:000D17BC 0000003C C=CODE    S=_TEXT    G=(none)   M=C:\BORLAND\BCC55\LIB\CW32.LIB|strcat ACBP=A9
 0001:000D17F8 00000053 C=CODE    S=_TEXT    G=(none)   M=C:\BORLAND\BCC55\LIB\CW32.LIB|strchr ACBP=A9
 0001:000D184C 0000004B C=CODE    S=_TEXT    G=(none)   M=C:\BORLAND\BCC55\LIB\CW32.LIB|strcmp ACBP=A9
 0001:000D1898 0000002F C=CODE    S=_TEXT    G=(none)   M=C:\BORLAND\BCC55\LIB\CW32.LIB|strcpy ACBP=A9
 0001:000D18C8 0000005A C=CODE    S=_TEXT    G=(none)   M=C:\BORLAND\BCC55\LIB\CW32.LIB|strlen ACBP=A9
 0001:000D1924 0000006E C=CODE    S=_TEXT    G=(none)   M=C:\BORLAND\BCC55\LIB\CW32.LIB|strncat ACBP=A9
 0001:000D1994 00000027 C=CODE    S=_TEXT    G=(none)   M=C:\BORLAND\BCC55\LIB\CW32.LIB|strncmp ACBP=A9
 0001:000D19BC 0000006C C=CODE    S=_TEXT    G=(none)   M=C:\BORLAND\BCC55\LIB\CW32.LIB|memcmp ACBP=A9
 0001:000D1A28 000000B7 C=CODE    S=_TEXT    G=(none)   M=C:\BORLAND\BCC55\LIB\CW32.LIB|strerror ACBP=A9
 0001:000D1AE0 0000004F C=CODE    S=_TEXT    G=(none)   M=C:\BORLAND\BCC55\LIB\CW32.LIB|strncpy ACBP=A9
 0001:000D1B30 0000002B C=CODE    S=_TEXT    G=(none)   M=C:\BORLAND\BCC55\LIB\CW32.LIB|strpbrk ACBP=A9
 0001:000D1B5C 00000029 C=CODE    S=_TEXT    G=(none)   M=C:\BORLAND\BCC55\LIB\CW32.LIB|strrchr ACBP=A9
 0001:000D1B88 00000054 C=CODE    S=_TEXT    G=(none)   M=C:\BORLAND\BCC55\LIB\CW32.LIB|strstr ACBP=A9
 0001:000D1BDC 00000067 C=CODE    S=_TEXT    G=(none)   M=C:\BORLAND\BCC55\LIB\CW32.LIB|strtok ACBP=A9
 0001:000D1C44 00000037 C=CODE    S=_TEXT    G=(none)   M=C:\BORLAND\BCC55\LIB\CW32.LIB|_stpcpy ACBP=A9
 0001:000D1C7C 00000018 C=CODE    S=_TEXT    G=(none)   M=C:\BORLAND\BCC55\LIB\CW32.LIB|wcslen ACBP=A9
 0001:000D1C94 0000003F C=CODE    S=_TEXT    G=(none)   M=C:\BORLAND\BCC55\LIB\CW32.LIB|wcscpy ACBP=A9
 0001:000D1CD4 00000070 C=CODE    S=_TEXT    G=(none)   M=C:\BORLAND\BCC55\LIB\CW32.LIB|xxa ACBP=A9
 0001:000D1D44 00000778 C=CODE    S=_TEXT    G=(none)   M=C:\BORLAND\BCC55\LIB\CW32.LIB|xxtype ACBP=A9
 0001:000D2496 000000B6 C=CODE    S=_TEXT    G=(none)   M=C:\BORLAND\BCC55\LIB\CW32.LIB|xxut ACBP=A9
 0001:000D2538 0000014B C=CODE    S=_TEXT    G=(none)   M=C:\BORLAND\BCC55\LIB\CW32.LIB|xxv ACBP=A9
 0001:000D2684 0000000A C=CODE    S=_TEXT    G=(none)   M=C:\BORLAND\BCC55\LIB\CW32.LIB|defhandl ACBP=A9
 0001:000D2690 00000179 C=CODE    S=_TEXT    G=(none)   M=C:\BORLAND\BCC55\LIB\CW32.LIB|except ACBP=A9
 0001:000D280C 00000046 C=CODE    S=_TEXT    G=(none)   M=C:\BORLAND\BCC55\LIB\CW32.LIB|setexc ACBP=A9
 0001:000D2854 00000022 C=CODE    S=_TEXT    G=(none)   M=C:\BORLAND\BCC55\LIB\CW32.LIB|ta ACBP=A9
 0001:000D2878 0000003C C=CODE    S=_TEXT    G=(none)   M=C:\BORLAND\BCC55\LIB\CW32.LIB|__access ACBP=A9
 0001:000D28B4 00000060 C=CODE    S=_TEXT    G=(none)   M=C:\BORLAND\BCC55\LIB\CW32.LIB|__close ACBP=A9
 0001:000D2914 00000013 C=CODE    S=_TEXT    G=(none)   M=C:\BORLAND\BCC55\LIB\CW32.LIB|__dup ACBP=A9
 0001:000D2928 000000EF C=CODE    S=_TEXT    G=(none)   M=C:\BORLAND\BCC55\LIB\CW32.LIB|__dup2 ACBP=A9
 0001:000D2A18 00000086 C=CODE    S=_TEXT    G=(none)   M=C:\BORLAND\BCC55\LIB\CW32.LIB|__eof ACBP=A9
 0001:000D2AA0 00000047 C=CODE    S=_TEXT    G=(none)   M=C:\BORLAND\BCC55\LIB\CW32.LIB|__isatty ACBP=A9
 0001:000D2AE8 00000076 C=CODE    S=_TEXT    G=(none)   M=C:\BORLAND\BCC55\LIB\CW32.LIB|__lseek ACBP=A9
 0001:000D2B60 000001FA C=CODE    S=_TEXT    G=(none)   M=C:\BORLAND\BCC55\LIB\CW32.LIB|__open ACBP=A9
 0001:000D2D5C 0000019A C=CODE    S=_TEXT    G=(none)   M=C:\BORLAND\BCC55\LIB\CW32.LIB|__read ACBP=A9
 0001:000D2EF8 0000011C C=CODE    S=_TEXT    G=(none)   M=C:\BORLAND\BCC55\LIB\CW32.LIB|__write ACBP=A9
 0001:000D3014 00000011 C=CODE    S=_TEXT    G=(none)   M=C:\BORLAND\BCC55\LIB\CW32.LIB|_cfinfo ACBP=A9
 0001:000D3028 00000038 C=CODE    S=_TEXT    G=(none)   M=C:\BORLAND\BCC55\LIB\CW32.LIB|_flshall ACBP=A9
 0001:000D3060 00000061 C=CODE    S=_TEXT    G=(none)   M=C:\BORLAND\BCC55\LIB\CW32.LIB|_read ACBP=A9
 0001:000D30C4 00000008 C=CODE    S=_TEXT    G=(none)   M=C:\BORLAND\BCC55\LIB\CW32.LIB|_stat ACBP=A9
 0001:000D30CC 00000017 C=CODE    S=_TEXT    G=(none)   M=C:\BORLAND\BCC55\LIB\CW32.LIB|_umask ACBP=A9
 0001:000D30CC 00000061 C=CODE    S=_TEXT    G=(none)   M=C:\BORLAND\BCC55\LIB\CW32.LIB|_write ACBP=A9
 0001:000D3130 00000008 C=CODE    S=_TEXT    G=(none)   M=C:\BORLAND\BCC55\LIB\CW32.LIB|access ACBP=A9
 0001:000D3138 0000007D C=CODE    S=_TEXT    G=(none)   M=C:\BORLAND\BCC55\LIB\CW32.LIB|allocbuf ACBP=A9
 0001:000D31B8 0000009B C=CODE    S=_TEXT    G=(none)   M=C:\BORLAND\BCC55\LIB\CW32.LIB|chdrive ACBP=A9
 0001:000D3254 00000008 C=CODE    S=_TEXT    G=(none)   M=C:\BORLAND\BCC55\LIB\CW32.LIB|close ACBP=A9
 0001:000D325C 00000008 C=CODE    S=_TEXT    G=(none)   M=C:\BORLAND\BCC55\LIB\CW32.LIB|dup ACBP=A9
 0001:000D3264 00000008 C=CODE    S=_TEXT    G=(none)   M=C:\BORLAND\BCC55\LIB\CW32.LIB|eof ACBP=A9
 0001:000D326C 0000008E C=CODE    S=_TEXT    G=(none)   M=C:\BORLAND\BCC55\LIB\CW32.LIB|fclose ACBP=A9
 0001:000D32FC 0000007F C=CODE    S=_TEXT    G=(none)   M=C:\BORLAND\BCC55\LIB\CW32.LIB|fflush ACBP=A9
 0001:000D337C 0000005A C=CODE    S=_TEXT    G=(none)   M=C:\BORLAND\BCC55\LIB\CW32.LIB|flushout ACBP=A9
 0001:000D33D8 00000023 C=CODE    S=_TEXT    G=(none)   M=C:\BORLAND\BCC55\LIB\CW32.LIB|fmodeptr ACBP=A9
 0001:000D33FC 000001DD C=CODE    S=_TEXT    G=(none)   M=C:\BORLAND\BCC55\LIB\CW32.LIB|fopen ACBP=A9
 0001:000D35DC 00000022 C=CODE    S=_TEXT    G=(none)   M=C:\BORLAND\BCC55\LIB\CW32.LIB|fprintf ACBP=A9
 0001:000D3600 000000D9 C=CODE    S=_TEXT    G=(none)   M=C:\BORLAND\BCC55\LIB\CW32.LIB|fputn ACBP=A9
 0001:000D36DC 00000056 C=CODE    S=_TEXT    G=(none)   M=C:\BORLAND\BCC55\LIB\CW32.LIB|fputs ACBP=A9
 0001:000D3734 00000163 C=CODE    S=_TEXT    G=(none)   M=C:\BORLAND\BCC55\LIB\CW32.LIB|fread ACBP=A9
 0001:000D3898 0000013E C=CODE    S=_TEXT    G=(none)   M=C:\BORLAND\BCC55\LIB\CW32.LIB|fseek ACBP=A9
 0001:000D39D8 000000D4 C=CODE    S=_TEXT    G=(none)   M=C:\BORLAND\BCC55\LIB\CW32.LIB|fullpath ACBP=A9
 0001:000D3AAC 00000031 C=CODE    S=_TEXT    G=(none)   M=C:\BORLAND\BCC55\LIB\CW32.LIB|fwrite ACBP=A9
 0001:000D3AE0 000002B9 C=CODE    S=_TEXT    G=(none)   M=C:\BORLAND\BCC55\LIB\CW32.LIB|handles ACBP=A9
 0001:000D3D9C 00000076 C=CODE    S=_TEXT    G=(none)   M=C:\BORLAND\BCC55\LIB\CW32.LIB|ioerror ACBP=A9
 0001:000D3E14 00000008 C=CODE    S=_TEXT    G=(none)   M=C:\BORLAND\BCC55\LIB\CW32.LIB|isatty ACBP=A9
 0001:000D3E1C 0000019E C=CODE    S=_TEXT    G=(none)   M=C:\BORLAND\BCC55\LIB\CW32.LIB|lgetc ACBP=A9
 0001:000D3FBC 00000110 C=CODE    S=_TEXT    G=(none)   M=C:\BORLAND\BCC55\LIB\CW32.LIB|lputc ACBP=A9
 0001:000D40CC 00000091 C=CODE    S=_TEXT    G=(none)   M=C:\BORLAND\BCC55\LIB\CW32.LIB|mkname ACBP=A9
 0001:000D415D 00000079 C=CODE    S=_TEXT    G=(none)   M=C:\BORLAND\BCC55\LIB\CW32.LIB|perror ACBP=A9
 0001:000D4160 00000023 C=CODE    S=_TEXT    G=(none)   M=C:\BORLAND\BCC55\LIB\CW32.LIB|printf ACBP=A9
 0001:000D4184 00000838 C=CODE    S=_TEXT    G=(none)   M=C:\BORLAND\BCC55\LIB\CW32.LIB|scanner ACBP=A9
 0001:000D49BC 0000022B C=CODE    S=_TEXT    G=(none)   M=C:\BORLAND\BCC55\LIB\CW32.LIB|scn2i64 ACBP=A9
 0001:000D4BE8 0000006B C=CODE    S=_TEXT    G=(none)   M=C:\BORLAND\BCC55\LIB\CW32.LIB|setmode ACBP=A9
 0001:000D4C54 0000004D C=CODE    S=_TEXT    G=(none)   M=C:\BORLAND\BCC55\LIB\CW32.LIB|setvbuf ACBP=A9
 0001:000D4CA4 00000100 C=CODE    S=_TEXT    G=(none)   M=C:\BORLAND\BCC55\LIB\CW32.LIB|snprntf ACBP=A9
 0001:000D4DA4 00000078 C=CODE    S=_TEXT    G=(none)   M=C:\BORLAND\BCC55\LIB\CW32.LIB|sprintf ACBP=A9
 0001:000D4E1C 00000073 C=CODE    S=_TEXT    G=(none)   M=C:\BORLAND\BCC55\LIB\CW32.LIB|sscanf ACBP=A9
 0001:000D4E90 00000205 C=CODE    S=_TEXT    G=(none)   M=C:\BORLAND\BCC55\LIB\CW32.LIB|stat ACBP=A9
 0001:000D5098 00000115 C=CODE    S=_TEXT    G=(none)   M=C:\BORLAND\BCC55\LIB\CW32.LIB|streams ACBP=A9
 0001:000D51B0 0000001A C=CODE    S=_TEXT    G=(none)   M=C:\BORLAND\BCC55\LIB\CW32.LIB|unlink ACBP=A9
 0001:000D51CC 00000022 C=CODE    S=_TEXT    G=(none)   M=C:\BORLAND\BCC55\LIB\CW32.LIB|vfprintf ACBP=A9
 0001:000D51F0 000009EC C=CODE    S=_TEXT    G=(none)   M=C:\BORLAND\BCC55\LIB\CW32.LIB|vprinter ACBP=A9
 0001:000D5BDC 0000002E C=CODE    S=_TEXT    G=(none)   M=C:\BORLAND\BCC55\LIB\CW32.LIB|xfclose ACBP=A9
 0001:000D5C0C 00000027 C=CODE    S=_TEXT    G=(none)   M=C:\BORLAND\BCC55\LIB\CW32.LIB|xfflush ACBP=A9
 0001:000D5C33 00000006 C=CODE    S=_TEXT    G=(none)   M=C:\BORLAND\BCC55\LIB\CW32.LIB|cconv ACBP=A9
 0001:000D5C34 000002C3 C=CODE    S=_TEXT    G=(none)   M=C:\BORLAND\BCC55\LIB\CW32.LIB|convt ACBP=A9
 0001:000D5EF8 00000051 C=CODE    S=_TEXT    G=(none)   M=C:\BORLAND\BCC55\LIB\CW32.LIB|getinfo ACBP=A9
 0001:000D5F4C 00000102 C=CODE    S=_TEXT    G=(none)   M=C:\BORLAND\BCC55\LIB\CW32.LIB|is ACBP=A9
 0001:000D6050 00000103 C=CODE    S=_TEXT    G=(none)   M=C:\BORLAND\BCC55\LIB\CW32.LIB|wis ACBP=A9
 0001:000D6154 00000043 C=CODE    S=_TEXT    G=(none)   M=C:\BORLAND\BCC55\LIB\CW32.LIB|isctype ACBP=A9
 0001:000D6198 00000055 C=CODE    S=_TEXT    G=(none)   M=C:\BORLAND\BCC55\LIB\CW32.LIB|iswctype ACBP=A9
 0001:000D61F0 0000117F C=CODE    S=_TEXT    G=(none)   M=C:\BORLAND\BCC55\LIB\CW32.LIB|locale ACBP=A9
 0001:000D7370 0000080E C=CODE    S=_TEXT    G=(none)   M=C:\BORLAND\BCC55\LIB\CW32.LIB|initcat ACBP=A9
 0001:000D7B80 00000097 C=CODE    S=_TEXT    G=(none)   M=C:\BORLAND\BCC55\LIB\CW32.LIB|lconv ACBP=A9
 0001:000D7C18 00000024 C=CODE    S=_TEXT    G=(none)   M=C:\BORLAND\BCC55\LIB\CW32.LIB|lstrlwr ACBP=A9
 0001:000D7C3C 00000054 C=CODE    S=_TEXT    G=(none)   M=C:\BORLAND\BCC55\LIB\CW32.LIB|ltolower ACBP=A9
 0001:000D7C90 00000054 C=CODE    S=_TEXT    G=(none)   M=C:\BORLAND\BCC55\LIB\CW32.LIB|ltoupper ACBP=A9
 0001:000D7CE4 000004D0 C=CODE    S=_TEXT    G=(none)   M=C:\BORLAND\BCC55\LIB\CW32.LIB|mbyte1 ACBP=A9
 0001:000D81B4 00000200 C=CODE    S=_TEXT    G=(none)   M=C:\BORLAND\BCC55\LIB\CW32.LIB|_ll ACBP=A9
 0001:000D83B4 0000001D C=CODE    S=_TEXT    G=(none)   M=C:\BORLAND\BCC55\LIB\CW32.LIB|_finite ACBP=A9
 0001:000D83D4 00000045 C=CODE    S=_TEXT    G=(none)   M=C:\BORLAND\BCC55\LIB\CW32.LIB|_isnan ACBP=A9
 0001:000D841C 00000008 C=CODE    S=_TEXT    G=(none)   M=C:\BORLAND\BCC55\LIB\CW32.LIB|_ltoa1 ACBP=A9
 0001:000D8424 000000B0 C=CODE    S=_TEXT    G=(none)   M=C:\BORLAND\BCC55\LIB\CW32.LIB|_matherr ACBP=A9
 0001:000D84D4 00000188 C=CODE    S=_TEXT    G=(none)   M=C:\BORLAND\BCC55\LIB\CW32.LIB|_pow10 ACBP=A9
 0001:000D865C 00000077 C=CODE    S=_TEXT    G=(none)   M=C:\BORLAND\BCC55\LIB\CW32.LIB|atol ACBP=A9
 0001:000D86D4 0000001C C=CODE    S=_TEXT    G=(none)   M=C:\BORLAND\BCC55\LIB\CW32.LIB|ceil ACBP=A9
 0001:000D86F0 00000013 C=CODE    S=_TEXT    G=(none)   M=C:\BORLAND\BCC55\LIB\CW32.LIB|clear87 ACBP=A9
 0001:000D8704 0000002F C=CODE    S=_TEXT    G=(none)   M=C:\BORLAND\BCC55\LIB\CW32.LIB|ctrl87 ACBP=A9
 0001:000D8734 00000018 C=CODE    S=_TEXT    G=(none)   M=C:\BORLAND\BCC55\LIB\CW32.LIB|cvtentry ACBP=A9
 0001:000D874C 00000018 C=CODE    S=_TEXT    G=(none)   M=C:\BORLAND\BCC55\LIB\CW32.LIB|cvtfak ACBP=A9
 0001:000D8764 00000018 C=CODE    S=_TEXT    G=(none)   M=C:\BORLAND\BCC55\LIB\CW32.LIB|cvtfakw ACBP=A9
 0001:000D877C 0000006C C=CODE    S=_TEXT    G=(none)   M=C:\BORLAND\BCC55\LIB\CW32.LIB|exp ACBP=A9
 0001:000D87E8 000000CD C=CODE    S=_TEXT    G=(none)   M=C:\BORLAND\BCC55\LIB\CW32.LIB|f87exp ACBP=A9
 0001:000D88B8 00000048 C=CODE    S=_TEXT    G=(none)   M=C:\BORLAND\BCC55\LIB\CW32.LIB|f87log ACBP=A9
 0001:000D8900 0000004D C=CODE    S=_TEXT    G=(none)   M=C:\BORLAND\BCC55\LIB\CW32.LIB|fmod ACBP=A9
 0001:000D8950 00000016 C=CODE    S=_TEXT    G=(none)   M=C:\BORLAND\BCC55\LIB\CW32.LIB|fpreset ACBP=A9
 0001:000D8968 00000028 C=CODE    S=_TEXT    G=(none)   M=C:\BORLAND\BCC55\LIB\CW32.LIB|ftol ACBP=A9
 0001:000D8990 0000002D C=CODE    S=_TEXT    G=(none)   M=C:\BORLAND\BCC55\LIB\CW32.LIB|fuildq ACBP=A9
 0001:000D89C0 00000021 C=CODE    S=_TEXT    G=(none)   M=C:\BORLAND\BCC55\LIB\CW32.LIB|fuistq ACBP=A9
 0001:000D89E4 00000011 C=CODE    S=_TEXT    G=(none)   M=C:\BORLAND\BCC55\LIB\CW32.LIB|fxam ACBP=A9
 0001:000D89F8 000000B1 C=CODE    S=_TEXT    G=(none)   M=C:\BORLAND\BCC55\LIB\CW32.LIB|int64toa ACBP=A9
 0001:000D8AAC 00000117 C=CODE    S=_TEXT    G=(none)   M=C:\BORLAND\BCC55\LIB\CW32.LIB|ldtrunc ACBP=A9
 0001:000D8BC4 0000006D C=CODE    S=_TEXT    G=(none)   M=C:\BORLAND\BCC55\LIB\CW32.LIB|log ACBP=A9
 0001:000D8C34 0000008F C=CODE    S=_TEXT    G=(none)   M=C:\BORLAND\BCC55\LIB\CW32.LIB|longtoa ACBP=A9
 0001:000D8CC4 00000075 C=CODE    S=_TEXT    G=(none)   M=C:\BORLAND\BCC55\LIB\CW32.LIB|ltoa1 ACBP=A9
 0001:000D8D3C 0000002E C=CODE    S=_TEXT    G=(none)   M=C:\BORLAND\BCC55\LIB\CW32.LIB|matherrl ACBP=A9
 0001:000D8D6C 00000016 C=CODE    S=_TEXT    G=(none)   M=C:\BORLAND\BCC55\LIB\CW32.LIB|mathptr ACBP=A9
 0001:000D8D84 00000030 C=CODE    S=_TEXT    G=(none)   M=C:\BORLAND\BCC55\LIB\CW32.LIB|modf ACBP=A9
 0001:000D8DB4 000001DC C=CODE    S=_TEXT    G=(none)   M=C:\BORLAND\BCC55\LIB\CW32.LIB|pow ACBP=A9
 0001:000D8F90 00000025 C=CODE    S=_TEXT    G=(none)   M=C:\BORLAND\BCC55\LIB\CW32.LIB|qdiv10 ACBP=A9
 0001:000D8FB8 0000002E C=CODE    S=_TEXT    G=(none)   M=C:\BORLAND\BCC55\LIB\CW32.LIB|qmul10 ACBP=A9
 0001:000D8FE8 0000008E C=CODE    S=_TEXT    G=(none)   M=C:\BORLAND\BCC55\LIB\CW32.LIB|rand ACBP=A9
 0001:000D9078 000002F9 C=CODE    S=_TEXT    G=(none)   M=C:\BORLAND\BCC55\LIB\CW32.LIB|realcvt ACBP=A9
 0001:000D9374 00000331 C=CODE    S=_TEXT    G=(none)   M=C:\BORLAND\BCC55\LIB\CW32.LIB|realcvtw ACBP=A9
 0001:000D96A8 0000002C C=CODE    S=_TEXT    G=(none)   M=C:\BORLAND\BCC55\LIB\CW32.LIB|round ACBP=A9
 0001:000D96D4 000004E1 C=CODE    S=_TEXT    G=(none)   M=C:\BORLAND\BCC55\LIB\CW32.LIB|scantod ACBP=A9
 0001:000D9BB8 000004DD C=CODE    S=_TEXT    G=(none)   M=C:\BORLAND\BCC55\LIB\CW32.LIB|scanwtod ACBP=A9
 0001:000DA098 0000003A C=CODE    S=_TEXT    G=(none)   M=C:\BORLAND\BCC55\LIB\CW32.LIB|sqrt ACBP=A9
 0001:000DA0D4 000002D2 C=CODE    S=_TEXT    G=(none)   M=C:\BORLAND\BCC55\LIB\CW32.LIB|xcvt ACBP=A9
 0001:000DA3A8 000002F1 C=CODE    S=_TEXT    G=(none)   M=C:\BORLAND\BCC55\LIB\CW32.LIB|xcvtw ACBP=A9
 0001:000DA69C 00000139 C=CODE    S=_TEXT    G=(none)   M=C:\BORLAND\BCC55\LIB\CW32.LIB|mbctype ACBP=A9
 0001:000DA7D8 0000003D C=CODE    S=_TEXT    G=(none)   M=C:\BORLAND\BCC55\LIB\CW32.LIB|mbisalp ACBP=A9
 0001:000DA818 0000001A C=CODE    S=_TEXT    G=(none)   M=C:\BORLAND\BCC55\LIB\CW32.LIB|mbisdgt ACBP=A9
 0001:000DA834 0000001A C=CODE    S=_TEXT    G=(none)   M=C:\BORLAND\BCC55\LIB\CW32.LIB|mbisspc ACBP=A9
 0001:000DA850 0000009B C=CODE    S=_TEXT    G=(none)   M=C:\BORLAND\BCC55\LIB\CW32.LIB|mbsicmp ACBP=A9
 0001:000DA8EC 00000054 C=CODE    S=_TEXT    G=(none)   M=C:\BORLAND\BCC55\LIB\CW32.LIB|mbsnbcpy ACBP=A9
 0001:000DA940 000000BF C=CODE    S=_TEXT    G=(none)   M=C:\BORLAND\BCC55\LIB\CW32.LIB|mbsnbicm ACBP=A9
 0001:000DAA00 0000006C C=CODE    S=_TEXT    G=(none)   M=C:\BORLAND\BCC55\LIB\CW32.LIB|mbspbrk ACBP=A9
 0001:000DAA6C 00000056 C=CODE    S=_TEXT    G=(none)   M=C:\BORLAND\BCC55\LIB\CW32.LIB|mbsrchr ACBP=A9
 0001:000DAAC4 0000001D C=CODE    S=_TEXT    G=(none)   M=C:\BORLAND\BCC55\LIB\CW32.LIB|mbtoupr ACBP=A9
 0001:000DAAE4 000000A6 C=CODE    S=_TEXT    G=(none)   M=C:\BORLAND\BCC55\LIB\CW32.LIB|assert ACBP=A9
 0001:000DAB8C 000000B8 C=CODE    S=_TEXT    G=(none)   M=C:\BORLAND\BCC55\LIB\CW32.LIB|ermsghlp ACBP=A9
 0001:000DAC44 00000006 C=CODE    S=_TEXT    G=(none)   M=C:\BORLAND\BCC55\LIB\CW32.LIB|errno ACBP=A9
 0001:000DAC44 0000019B C=CODE    S=_TEXT    G=(none)   M=C:\BORLAND\BCC55\LIB\CW32.LIB|errormsg ACBP=A9
 0001:000DADE0 00000089 C=CODE    S=_TEXT    G=(none)   M=C:\BORLAND\BCC55\LIB\CW32.LIB|platform ACBP=A9
 0001:000DAE6C 00000236 C=CODE    S=_TEXT    G=(none)   M=C:\BORLAND\BCC55\LIB\CW32.LIB|qsort ACBP=A9
 0001:000DB0A4 00000022 C=CODE    S=_TEXT    G=(none)   M=C:\BORLAND\BCC55\LIB\CW32.LIB|abort ACBP=A9
 0001:000DB0C8 000000A7 C=CODE    S=_TEXT    G=(none)   M=C:\BORLAND\BCC55\LIB\CW32.LIB|exit ACBP=A9
 0001:000DB170 00000057 C=CODE    S=_TEXT    G=(none)   M=C:\BORLAND\BCC55\LIB\CW32.LIB|getenv ACBP=A9
 0001:000DB1C8 0000001A C=CODE    S=_TEXT    G=(none)   M=C:\BORLAND\BCC55\LIB\CW32.LIB|initwild ACBP=A9
 0001:000DB1E4 00000011 C=CODE    S=_TEXT    G=(none)   M=C:\BORLAND\BCC55\LIB\CW32.LIB|exparg ACBP=A9
 0001:000DB1F8 00000011 C=CODE    S=_TEXT    G=(none)   M=C:\BORLAND\BCC55\LIB\CW32.LIB|wexparg ACBP=A9
 0001:000DB20C 00000027 C=CODE    S=_TEXT    G=(none)   M=C:\BORLAND\BCC55\LIB\CW32.LIB|initargv ACBP=A9
 0001:000DB234 0000016C C=CODE    S=_TEXT    G=(none)   M=C:\BORLAND\BCC55\LIB\CW32.LIB|setargv ACBP=A9
 0001:000DB3A0 000001E5 C=CODE    S=_TEXT    G=(none)   M=C:\BORLAND\BCC55\LIB\CW32.LIB|hsargv ACBP=A9
 0001:000DB588 00000227 C=CODE    S=_TEXT    G=(none)   M=C:\BORLAND\BCC55\LIB\CW32.LIB|whsargv ACBP=A9
 0001:000DB7B0 00000045 C=CODE    S=_TEXT    G=(none)   M=C:\BORLAND\BCC55\LIB\CW32.LIB|setargv0 ACBP=A9
 0001:000DB7F8 000001A0 C=CODE    S=_TEXT    G=(none)   M=C:\BORLAND\BCC55\LIB\CW32.LIB|setenvp ACBP=A9
 0001:000DB998 000002F8 C=CODE    S=_TEXT    G=(none)   M=C:\BORLAND\BCC55\LIB\CW32.LIB|signal ACBP=A9
 0001:000DBC90 00000157 C=CODE    S=_TEXT    G=(none)   M=C:\BORLAND\BCC55\LIB\CW32.LIB|initexit ACBP=A9
 0001:000DBDE8 000001A4 C=CODE    S=_TEXT    G=(none)   M=C:\BORLAND\BCC55\LIB\CW32.LIB|startup ACBP=A9
 0001:000DBF8C 0000004F C=CODE    S=_TEXT    G=(none)   M=C:\BORLAND\BCC55\LIB\CW32.LIB|tlsstat ACBP=A9
 0001:000DBFDC 000001A9 C=CODE    S=_TEXT    G=(none)   M=C:\BORLAND\BCC55\LIB\CW32.LIB|gmtime ACBP=A9
 0001:000DC188 000002A4 C=CODE    S=_TEXT    G=(none)   M=C:\BORLAND\BCC55\LIB\CW32.LIB|timefunc ACBP=A9
 0001:000DC42C 00000006 C=CODE    S=_TEXT    G=(none)   M=C:\BORLAND\BCC55\LIB\CW32.LIB|tzdata ACBP=A9
 0001:000DC434 000001C8 C=CODE    S=_TEXT    G=(none)   M=C:\BORLAND\BCC55\LIB\CW32.LIB|tzset ACBP=A9
 0001:000DC5FC 00000008 C=CODE    S=_TEXT    G=(none)   M=C:\BORLAND\BCC55\LIB\CW32.LIB|_tzset ACBP=A9
 0001:000DC604 00000017 C=CODE    S=_TEXT    G=(none)   M=C:\BORLAND\BCC55\LIB\CW32.LIB|clock ACBP=A9
 0001:000DC61C 0000009E C=CODE    S=_TEXT    G=(none)   M=C:\BORLAND\BCC55\LIB\CW32.LIB|ftime ACBP=A9
 0001:000DC6BC 00000156 C=CODE    S=_TEXT    G=(none)   M=C:\BORLAND\BCC55\LIB\CW32.LIB|statcvt ACBP=A9
 0001:000DC814 0000004D C=CODE    S=_TEXT    G=(none)   M=C:\BORLAND\BCC55\LIB\CW32.LIB|time ACBP=A9
 0001:000DC864 00001BA2 C=CODE    S=_TEXT    G=(none)   M=C:\BORLAND\BCC55\LIB\CW32.LIB|xx ACBP=A9
 0002:000003CC 000000A4 C=DATA    S=_DATA    G=DGROUP   M=C:\BORLAND\BCC55\LIB\C0W32.OBJ ACBP=A9
 0002:00000470 000037F0 C=DATA    S=_DATA    G=DGROUP   M=C:\HTI\SISMASTER\SISMASTER.OBJ ACBP=A9
 0002:00003C60 0000A410 C=DATA    S=_DATA    G=DGROUP   M=C:\HTI\SISMASTER\MASTERDBF.OBJ ACBP=A9
 0002:0000E070 00001574 C=DATA    S=_DATA    G=DGROUP   M=C:\HTI\SISMASTER\MASTERCFG.OBJ ACBP=A9
 0002:0000F5E4 00000D38 C=DATA    S=_DATA    G=DGROUP   M=C:\HTI\SISMASTER\ERRORSYS.OBJ ACBP=A9
 0002:0001031C 00004804 C=DATA    S=_DATA    G=DGROUP   M=C:\HTI\SISMASTER\MAST00.OBJ ACBP=A9
 0002:00014B20 000013B8 C=DATA    S=_DATA    G=DGROUP   M=C:\HTI\SISMASTER\MASTERCDX.OBJ ACBP=A9
 0002:00015ED8 00001E28 C=DATA    S=_DATA    G=DGROUP   M=C:\HTI\SISMASTER\MAST130.OBJ ACBP=A9
 0002:00017D00 000016BC C=DATA    S=_DATA    G=DGROUP   M=C:\HTI\SISMASTER\SACCID.OBJ ACBP=A9
 0002:000193BC 00001F64 C=DATA    S=_DATA    G=DGROUP   M=C:\HTI\SISMASTER\MAST110.OBJ ACBP=A9
 0002:0001B320 00000F2C C=DATA    S=_DATA    G=DGROUP   M=C:\HTI\SISMASTER\MAST120.OBJ ACBP=A9
 0002:0001C24C 0000E2A0 C=DATA    S=_DATA    G=DGROUP   M=C:\HTI\SISMASTER\MAST200.OBJ ACBP=A9
 0002:0002A4EC 00001454 C=DATA    S=_DATA    G=DGROUP   M=C:\HTI\SISMASTER\MAST201.OBJ ACBP=A9
 0002:0002B940 00007BEC C=DATA    S=_DATA    G=DGROUP   M=C:\HTI\SISMASTER\MAST30.OBJ ACBP=A9
 0002:0003352C 00001CEC C=DATA    S=_DATA    G=DGROUP   M=C:\HTI\SISMASTER\MAST301.OBJ ACBP=A9
 0002:00035218 00000768 C=DATA    S=_DATA    G=DGROUP   M=C:\HTI\SISMASTER\MAST36.OBJ ACBP=A9
 0002:00035980 00001280 C=DATA    S=_DATA    G=DGROUP   M=C:\HTI\SISMASTER\MAST37.OBJ ACBP=A9
 0002:00036C00 00003178 C=DATA    S=_DATA    G=DGROUP   M=C:\HTI\SISMASTER\MAST38.OBJ ACBP=A9
 0002:00039D78 000056F8 C=DATA    S=_DATA    G=DGROUP   M=C:\HTI\SISMASTER\SACREC.OBJ ACBP=A9
 0002:0003F470 00003B78 C=DATA    S=_DATA    G=DGROUP   M=C:\HTI\SISMASTER\CON22.OBJ ACBP=A9
 0002:00042FE8 00002A98 C=DATA    S=_DATA    G=DGROUP   M=C:\HTI\SISMASTER\CON211.OBJ ACBP=A9
 0002:00045A80 00000BD0 C=DATA    S=_DATA    G=DGROUP   M=C:\HTI\SISMASTER\SACRCCOM.OBJ ACBP=A9
 0002:00046650 000016F8 C=DATA    S=_DATA    G=DGROUP   M=C:\HTI\SISMASTER\SAC140.OBJ ACBP=A9
 0002:00047D48 000021E4 C=DATA    S=_DATA    G=DGROUP   M=C:\HTI\SISMASTER\SAC141.OBJ ACBP=A9
 0002:00049F2C 0000064C C=DATA    S=_DATA    G=DGROUP   M=C:\HTI\SISMASTER\SAC142.OBJ ACBP=A9
 0002:0004A578 00006600 C=DATA    S=_DATA    G=DGROUP   M=C:\HTI\SISMASTER\MAST33.OBJ ACBP=A9
 0002:00050B78 00001268 C=DATA    S=_DATA    G=DGROUP   M=C:\HTI\SISMASTER\MAST202.OBJ ACBP=A9
 0002:00051DE0 00000F8C C=DATA    S=_DATA    G=DGROUP   M=C:\HTI\SISMASTER\MAST203.OBJ ACBP=A9
 0002:00052D6C 0001DE24 C=DATA    S=_DATA    G=DGROUP   M=C:\HTI\SISMASTER\MASTFUN.OBJ ACBP=A9
 0002:00070B90 00000664 C=DATA    S=_DATA    G=DGROUP   M=C:\HTI\SISMASTER\MAST341.OBJ ACBP=A9
 0002:000711F4 00000948 C=DATA    S=_DATA    G=DGROUP   M=C:\HTI\SISMASTER\MAST204.OBJ ACBP=A9
 0002:00071B3C 000003D0 C=DATA    S=_DATA    G=DGROUP   M=C:\HTI\SISMASTER\MASTERUTIL.OBJ ACBP=A9
 0002:00071F0C 00001A78 C=DATA    S=_DATA    G=DGROUP   M=C:\HTI\SISMASTER\MASTER_DBF.OBJ ACBP=A9
 0002:00073984 00001210 C=DATA    S=_DATA    G=DGROUP   M=C:\HTI\SISMASTER\MASTGRUPO.OBJ ACBP=A9
 0002:00074B94 000015A8 C=DATA    S=_DATA    G=DGROUP   M=C:\HTI\SISMASTER\MAST50.OBJ ACBP=A9
 0002:0007613C 00004DC0 C=DATA    S=_DATA    G=DGROUP   M=C:\HTI\SISMASTER\MAST51.OBJ ACBP=A9
 0002:0007AEFC 00005330 C=DATA    S=_DATA    G=DGROUP   M=C:\HTI\SISMASTER\MAST2001.OBJ ACBP=A9
 0002:0008022C 00002AC4 C=DATA    S=_DATA    G=DGROUP   M=C:\HTI\SISMASTER\MAST610.OBJ ACBP=A9
 0002:00082CF0 0000048C C=DATA    S=_DATA    G=DGROUP   M=C:\HTI\SISMASTER\MAST40.OBJ ACBP=A9
 0002:0008317C 00003ACC C=DATA    S=_DATA    G=DGROUP   M=C:\HTI\SISMASTER\MAST52.OBJ ACBP=A9
 0002:00086C48 00000C00 C=DATA    S=_DATA    G=DGROUP   M=C:\HTI\SISMASTER\MAST53.OBJ ACBP=A9
 0002:00087848 00004240 C=DATA    S=_DATA    G=DGROUP   M=C:\HTI\SISMASTER\MAST2002.OBJ ACBP=A9
 0002:0008BA88 0000260C C=DATA    S=_DATA    G=DGROUP   M=C:\HTI\SISMASTER\MAST19.OBJ ACBP=A9
 0002:0008E094 0000A8A4 C=DATA    S=_DATA    G=DGROUP   M=C:\HTI\SISMASTER\SACNFCE.OBJ ACBP=A9
 0002:00098938 00005170 C=DATA    S=_DATA    G=DGROUP   M=C:\HTI\SISMASTER\SACTEF.OBJ ACBP=A9
 0002:0009DAA8 00001554 C=DATA    S=_DATA    G=DGROUP   M=C:\HTI\SISMASTER\IMPACBR.OBJ ACBP=A9
 0002:0009EFFC 00000F14 C=DATA    S=_DATA    G=DGROUP   M=C:\HTI\SISMASTER\SAC_NCM.OBJ ACBP=A9
 0002:0009FF10 00005470 C=DATA    S=_DATA    G=DGROUP   M=C:\HTI\SISMASTER\SAC211.OBJ ACBP=A9
 0002:000A5380 000092D8 C=DATA    S=_DATA    G=DGROUP   M=C:\HTI\SISMASTER\SACNF_E.OBJ ACBP=A9
 0002:000AE658 00001EA0 C=DATA    S=_DATA    G=DGROUP   M=C:\HTI\SISMASTER\SAC1OP.OBJ ACBP=A9
 0002:000B04F8 000017B0 C=DATA    S=_DATA    G=DGROUP   M=C:\HTI\SISMASTER\SAUTORIZA.OBJ ACBP=A9
 0002:000B1CA8 00000A84 C=DATA    S=_DATA    G=DGROUP   M=C:\HTI\SISMASTER\MASTBAL.OBJ ACBP=A9
 0002:000B272C 00002408 C=DATA    S=_DATA    G=DGROUP   M=C:\HTI\SISMASTER\SAC31_1.OBJ ACBP=A9
 0002:000B4B34 000021B4 C=DATA    S=_DATA    G=DGROUP   M=C:\HTI\SISMASTER\SAC5DES.OBJ ACBP=A9
 0002:000B6CE8 00002E24 C=DATA    S=_DATA    G=DGROUP   M=C:\HTI\SISMASTER\SAC5NOT1.OBJ ACBP=A9
 0002:000B9B0C 000019FC C=DATA    S=_DATA    G=DGROUP   M=C:\HTI\SISMASTER\SAC5NOT2.OBJ ACBP=A9
 0002:000BB508 000019B8 C=DATA    S=_DATA    G=DGROUP   M=C:\HTI\SISMASTER\SAC5NOT3.OBJ ACBP=A9
 0002:000BCEC0 00001C54 C=DATA    S=_DATA    G=DGROUP   M=C:\HTI\SISMASTER\SAC5NOT4.OBJ ACBP=A9
 0002:000BEB14 0000107C C=DATA    S=_DATA    G=DGROUP   M=C:\HTI\SISMASTER\SAC5NOT6.OBJ ACBP=A9
 0002:000BFB90 00001D54 C=DATA    S=_DATA    G=DGROUP   M=C:\HTI\SISMASTER\SAC5NOT7.OBJ ACBP=A9
 0002:000C18E4 000012B4 C=DATA    S=_DATA    G=DGROUP   M=C:\HTI\SISMASTER\SAC5NOT8.OBJ ACBP=A9
 0002:000C2B98 00005938 C=DATA    S=_DATA    G=DGROUP   M=C:\HTI\SISMASTER\HTIPLUB.OBJ ACBP=A9
 0002:000C84D0 00000D20 C=DATA    S=_DATA    G=DGROUP   M=C:\HTI\SISMASTER\MASTEXCE.OBJ ACBP=A9
 0002:000C91F0 00000EA4 C=DATA    S=_DATA    G=DGROUP   M=C:\HTI\SISMASTER\MAST54.OBJ ACBP=A9
 0002:000CA094 00001B94 C=DATA    S=_DATA    G=DGROUP   M=C:\HTI\SISMASTER\MAST700.OBJ ACBP=A9
 0002:000CBC28 00000B50 C=DATA    S=_DATA    G=DGROUP   M=C:\HTI\SISMASTER\MAST710.OBJ ACBP=A9
 0002:000CC778 00000CBC C=DATA    S=_DATA    G=DGROUP   M=C:\HTI\SISMASTER\MAST750.OBJ ACBP=A9
 0002:000CD434 00000988 C=DATA    S=_DATA    G=DGROUP   M=C:\XHARBOUR997\LIB\LANG.LIB|msgen ACBP=A9
 0002:000CDDBC 00000AE8 C=DATA    S=_DATA    G=DGROUP   M=C:\XHARBOUR997\LIB\LANG.LIB|msges ACBP=A9
 0002:000CE8A4 000001A0 C=DATA    S=_DATA    G=DGROUP   M=C:\XHARBOUR997\LIB\VM.LIB|arrayshb ACBP=A9
 0002:000CEA44 0000056C C=DATA    S=_DATA    G=DGROUP   M=C:\XHARBOUR997\LIB\VM.LIB|classes ACBP=A9
 0002:000CEFB0 000000E4 C=DATA    S=_DATA    G=DGROUP   M=C:\XHARBOUR997\LIB\VM.LIB|cmdarg ACBP=A9
 0002:000CF094 00000034 C=DATA    S=_DATA    G=DGROUP   M=C:\XHARBOUR997\LIB\VM.LIB|codebloc ACBP=A9
 0002:000CF0C8 00000004 C=DATA    S=_DATA    G=DGROUP   M=C:\XHARBOUR997\LIB\VM.LIB|do ACBP=A9
 0002:000CF0CC 00000014 C=DATA    S=_DATA    G=DGROUP   M=C:\XHARBOUR997\LIB\VM.LIB|dynsym ACBP=A9
 0002:000CF0E0 000001D4 C=DATA    S=_DATA    G=DGROUP   M=C:\XHARBOUR997\LIB\VM.LIB|errorapi ACBP=A9
 0002:000CF2B4 00000144 C=DATA    S=_DATA    G=DGROUP   M=C:\XHARBOUR997\LIB\VM.LIB|estack ACBP=A9
 0002:000CF3F8 0000001C C=DATA    S=_DATA    G=DGROUP   M=C:\XHARBOUR997\LIB\VM.LIB|eval ACBP=A9
 0002:000CF414 00000008 C=DATA    S=_DATA    G=DGROUP   M=C:\XHARBOUR997\LIB\VM.LIB|evalhb ACBP=A9
 0002:000CF41C 00000004 C=DATA    S=_DATA    G=DGROUP   M=C:\XHARBOUR997\LIB\VM.LIB|extend ACBP=A9
 0002:000CF420 00000044 C=DATA    S=_DATA    G=DGROUP   M=C:\XHARBOUR997\LIB\VM.LIB|garbage ACBP=A9
 0002:000CF464 00000328 C=DATA    S=_DATA    G=DGROUP   M=C:\XHARBOUR997\LIB\VM.LIB|hash ACBP=A9
 0002:000CF78C 000000E0 C=DATA    S=_DATA    G=DGROUP   M=C:\XHARBOUR997\LIB\VM.LIB|hbi18n ACBP=A9
 0002:000CF86C 00000DC8 C=DATA    S=_DATA    G=DGROUP   M=C:\XHARBOUR997\LIB\VM.LIB|hvm ACBP=A9
 0002:000D0634 00000284 C=DATA    S=_DATA    G=DGROUP   M=C:\XHARBOUR997\LIB\VM.LIB|inet ACBP=A9
 0002:000D08B8 00000568 C=DATA    S=_DATA    G=DGROUP   M=C:\XHARBOUR997\LIB\VM.LIB|initsymb ACBP=A9
 0002:000D0E20 00000034 C=DATA    S=_DATA    G=DGROUP   M=C:\XHARBOUR997\LIB\VM.LIB|itemapi ACBP=A9
 0002:000D0E54 000000A8 C=DATA    S=_DATA    G=DGROUP   M=C:\XHARBOUR997\LIB\VM.LIB|fastitem ACBP=A9
 0002:000D0EFC 00000024 C=DATA    S=_DATA    G=DGROUP   M=C:\XHARBOUR997\LIB\VM.LIB|macro ACBP=A9
 0002:000D0F20 00000004 C=DATA    S=_DATA    G=DGROUP   M=C:\XHARBOUR997\LIB\VM.LIB|mainwin ACBP=A9
 0002:000D0F24 00000124 C=DATA    S=_DATA    G=DGROUP   M=C:\XHARBOUR997\LIB\VM.LIB|memvars ACBP=A9
 0002:000D1048 000000C8 C=DATA    S=_DATA    G=DGROUP   M=C:\XHARBOUR997\LIB\VM.LIB|proc ACBP=A9
 0002:000D1110 0000001C C=DATA    S=_DATA    G=DGROUP   M=C:\XHARBOUR997\LIB\VM.LIB|thread ACBP=A9
 0002:000D112C 00000008 C=DATA    S=_DATA    G=DGROUP   M=C:\XHARBOUR997\LIB\VM.LIB|throw ACBP=A9
 0002:000D1134 00000444 C=DATA    S=_DATA    G=DGROUP   M=C:\XHARBOUR997\LIB\VM.LIB|harbinit ACBP=A9
 0002:000D1578 00000004 C=DATA    S=_DATA    G=DGROUP   M=C:\XHARBOUR997\LIB\RTL.LIB|abs ACBP=A9
 0002:000D157C 0000000C C=DATA    S=_DATA    G=DGROUP   M=C:\XHARBOUR997\LIB\RTL.LIB|at ACBP=A9
 0002:000D1588 00000010 C=DATA    S=_DATA    G=DGROUP   M=C:\XHARBOUR997\LIB\RTL.LIB|bkgtsks ACBP=A9
 0002:000D1598 0000000C C=DATA    S=_DATA    G=DGROUP   M=C:\XHARBOUR997\LIB\RTL.LIB|box ACBP=A9
 0002:000D15A4 00000264 C=DATA    S=_DATA    G=DGROUP   M=C:\XHARBOUR997\LIB\RTL.LIB|cdpapi ACBP=A9
 0002:000D1808 00000008 C=DATA    S=_DATA    G=DGROUP   M=C:\XHARBOUR997\LIB\RTL.LIB|chrasc ACBP=A9
 0002:000D1810 00000004 C=DATA    S=_DATA    G=DGROUP   M=C:\XHARBOUR997\LIB\RTL.LIB|colorind ACBP=A9
 0002:000D1814 0000002C C=DATA    S=_DATA    G=DGROUP   M=C:\XHARBOUR997\LIB\RTL.LIB|console ACBP=A9
 0002:000D1840 00000010 C=DATA    S=_DATA    G=DGROUP   M=C:\XHARBOUR997\LIB\RTL.LIB|datec ACBP=A9
 0002:000D1850 00000040 C=DATA    S=_DATA    G=DGROUP   M=C:\XHARBOUR997\LIB\RTL.LIB|dates ACBP=A9
 0002:000D1890 00000034 C=DATA    S=_DATA    G=DGROUP   M=C:\XHARBOUR997\LIB\RTL.LIB|dateshb ACBP=A9
 0002:000D18C4 00000018 C=DATA    S=_DATA    G=DGROUP   M=C:\XHARBOUR997\LIB\RTL.LIB|direct ACBP=A9
 0002:000D18DC 00000024 C=DATA    S=_DATA    G=DGROUP   M=C:\XHARBOUR997\LIB\RTL.LIB|diskspac ACBP=A9
 0002:000D1900 00000018 C=DATA    S=_DATA    G=DGROUP   M=C:\XHARBOUR997\LIB\RTL.LIB|filesys ACBP=A9
 0002:000D1918 00000004 C=DATA    S=_DATA    G=DGROUP   M=C:\XHARBOUR997\LIB\RTL.LIB|fserror ACBP=A9
 0002:000D191C 00000094 C=DATA    S=_DATA    G=DGROUP   M=C:\XHARBOUR997\LIB\RTL.LIB|fparse ACBP=A9
 0002:000D19B0 00000004 C=DATA    S=_DATA    G=DGROUP   M=C:\XHARBOUR997\LIB\RTL.LIB|fstemp ACBP=A9
 0002:000D19B4 00000004 C=DATA    S=_DATA    G=DGROUP   M=C:\XHARBOUR997\LIB\RTL.LIB|gete ACBP=A9
 0002:000D19B8 00000184 C=DATA    S=_DATA    G=DGROUP   M=C:\XHARBOUR997\LIB\RTL.LIB|gtapi ACBP=A9
 0002:000D1B3C 00000068 C=DATA    S=_DATA    G=DGROUP   M=C:\XHARBOUR997\LIB\RTL.LIB|gx ACBP=A9
 0002:000D1BA4 00000060 C=DATA    S=_DATA    G=DGROUP   M=C:\XHARBOUR997\LIB\RTL.LIB|hbbitf ACBP=A9
 0002:000D1C04 00000020 C=DATA    S=_DATA    G=DGROUP   M=C:\XHARBOUR997\LIB\RTL.LIB|hbffind ACBP=A9
 0002:000D1C24 00000024 C=DATA    S=_DATA    G=DGROUP   M=C:\XHARBOUR997\LIB\RTL.LIB|hbhex2n ACBP=A9
 0002:000D1C48 00000004 C=DATA    S=_DATA    G=DGROUP   M=C:\XHARBOUR997\LIB\RTL.LIB|hbrandom ACBP=A9
 0002:000D1C4C 00000018 C=DATA    S=_DATA    G=DGROUP   M=C:\XHARBOUR997\LIB\RTL.LIB|idle ACBP=A9
 0002:000D1C64 0000002C C=DATA    S=_DATA    G=DGROUP   M=C:\XHARBOUR997\LIB\RTL.LIB|inkey ACBP=A9
 0002:000D1C90 00000060 C=DATA    S=_DATA    G=DGROUP   M=C:\XHARBOUR997\LIB\RTL.LIB|langapi ACBP=A9
 0002:000D1CF0 00000008 C=DATA    S=_DATA    G=DGROUP   M=C:\XHARBOUR997\LIB\RTL.LIB|left ACBP=A9
 0002:000D1CF8 00000004 C=DATA    S=_DATA    G=DGROUP   M=C:\XHARBOUR997\LIB\RTL.LIB|len ACBP=A9
 0002:000D1CFC 00000154 C=DATA    S=_DATA    G=DGROUP   M=C:\XHARBOUR997\LIB\RTL.LIB|math ACBP=A9
 0002:000D1E50 00000004 C=DATA    S=_DATA    G=DGROUP   M=C:\XHARBOUR997\LIB\RTL.LIB|memofile ACBP=A9
 0002:000D1E54 00000008 C=DATA    S=_DATA    G=DGROUP   M=C:\XHARBOUR997\LIB\RTL.LIB|minmax ACBP=A9
 0002:000D1E5C 00000010 C=DATA    S=_DATA    G=DGROUP   M=C:\XHARBOUR997\LIB\RTL.LIB|mouseapi ACBP=A9
 0002:000D1E6C 00000038 C=DATA    S=_DATA    G=DGROUP   M=C:\XHARBOUR997\LIB\RTL.LIB|natmsg ACBP=A9
 0002:000D1EA4 00000004 C=DATA    S=_DATA    G=DGROUP   M=C:\XHARBOUR997\LIB\RTL.LIB|oemansi ACBP=A9
 0002:000D1EA8 00000004 C=DATA    S=_DATA    G=DGROUP   M=C:\XHARBOUR997\LIB\RTL.LIB|padc ACBP=A9
 0002:000D1EAC 00000004 C=DATA    S=_DATA    G=DGROUP   M=C:\XHARBOUR997\LIB\RTL.LIB|padl ACBP=A9
 0002:000D1EB0 00000004 C=DATA    S=_DATA    G=DGROUP   M=C:\XHARBOUR997\LIB\RTL.LIB|padr ACBP=A9
 0002:000D1EB4 000000E0 C=DATA    S=_DATA    G=DGROUP   M=C:\XHARBOUR997\LIB\RTL.LIB|philes ACBP=A9
 0002:000D1F94 00000020 C=DATA    S=_DATA    G=DGROUP   M=C:\XHARBOUR997\LIB\RTL.LIB|philesx ACBP=A9
 0002:000D1FB4 0000008C C=DATA    S=_DATA    G=DGROUP   M=C:\XHARBOUR997\LIB\RTL.LIB|regex ACBP=A9
 0002:000D2040 0000000C C=DATA    S=_DATA    G=DGROUP   M=C:\XHARBOUR997\LIB\RTL.LIB|replic ACBP=A9
 0002:000D204C 00000004 C=DATA    S=_DATA    G=DGROUP   M=C:\XHARBOUR997\LIB\RTL.LIB|right ACBP=A9
 0002:000D2050 0000000C C=DATA    S=_DATA    G=DGROUP   M=C:\XHARBOUR997\LIB\RTL.LIB|round ACBP=A9
 0002:000D205C 00000008 C=DATA    S=_DATA    G=DGROUP   M=C:\XHARBOUR997\LIB\RTL.LIB|seconds ACBP=A9
 0002:000D2064 000000AC C=DATA    S=_DATA    G=DGROUP   M=C:\XHARBOUR997\LIB\RTL.LIB|set ACBP=A9
 0002:000D2110 00000008 C=DATA    S=_DATA    G=DGROUP   M=C:\XHARBOUR997\LIB\RTL.LIB|space ACBP=A9
 0002:000D2118 00000004 C=DATA    S=_DATA    G=DGROUP   M=C:\XHARBOUR997\LIB\RTL.LIB|spfiles ACBP=A9
 0002:000D211C 00000004 C=DATA    S=_DATA    G=DGROUP   M=C:\XHARBOUR997\LIB\RTL.LIB|str ACBP=A9
 0002:000D2120 0000000C C=DATA    S=_DATA    G=DGROUP   M=C:\XHARBOUR997\LIB\RTL.LIB|strcase ACBP=A9
 0002:000D212C 00000004 C=DATA    S=_DATA    G=DGROUP   M=C:\XHARBOUR997\LIB\RTL.LIB|strdel ACBP=A9
 0002:000D2130 0000000C C=DATA    S=_DATA    G=DGROUP   M=C:\XHARBOUR997\LIB\RTL.LIB|strtran ACBP=A9
 0002:000D213C 0000000C C=DATA    S=_DATA    G=DGROUP   M=C:\XHARBOUR997\LIB\RTL.LIB|strzero ACBP=A9
 0002:000D2148 00000004 C=DATA    S=_DATA    G=DGROUP   M=C:\XHARBOUR997\LIB\RTL.LIB|stuff ACBP=A9
 0002:000D214C 00000008 C=DATA    S=_DATA    G=DGROUP   M=C:\XHARBOUR997\LIB\RTL.LIB|substr ACBP=A9
 0002:000D2154 00000004 C=DATA    S=_DATA    G=DGROUP   M=C:\XHARBOUR997\LIB\RTL.LIB|teditorl ACBP=A9
 0002:000D2158 00000090 C=DATA    S=_DATA    G=DGROUP   M=C:\XHARBOUR997\LIB\RTL.LIB|tprinter ACBP=A9
 0002:000D21E8 0000002C C=DATA    S=_DATA    G=DGROUP   M=C:\XHARBOUR997\LIB\RTL.LIB|trace ACBP=A9
 0002:000D2214 0000016C C=DATA    S=_DATA    G=DGROUP   M=C:\XHARBOUR997\LIB\RTL.LIB|transfrm ACBP=A9
 0002:000D2380 00000010 C=DATA    S=_DATA    G=DGROUP   M=C:\XHARBOUR997\LIB\RTL.LIB|trim ACBP=A9
 0002:000D2390 0000000C C=DATA    S=_DATA    G=DGROUP   M=C:\XHARBOUR997\LIB\RTL.LIB|txtline ACBP=A9
 0002:000D239C 00000008 C=DATA    S=_DATA    G=DGROUP   M=C:\XHARBOUR997\LIB\RTL.LIB|type ACBP=A9
 0002:000D23A4 00000004 C=DATA    S=_DATA    G=DGROUP   M=C:\XHARBOUR997\LIB\RTL.LIB|val ACBP=A9
 0002:000D23A8 0000000C C=DATA    S=_DATA    G=DGROUP   M=C:\XHARBOUR997\LIB\RTL.LIB|valtype ACBP=A9
 0002:000D23B4 0000005C C=DATA    S=_DATA    G=DGROUP   M=C:\XHARBOUR997\LIB\RTL.LIB|version ACBP=A9
 0002:000D2410 00000008 C=DATA    S=_DATA    G=DGROUP   M=C:\XHARBOUR997\LIB\RTL.LIB|word ACBP=A9
 0002:000D2418 00000008 C=DATA    S=_DATA    G=DGROUP   M=C:\XHARBOUR997\LIB\RTL.LIB|xhelp ACBP=A9
 0002:000D2420 00000004 C=DATA    S=_DATA    G=DGROUP   M=C:\XHARBOUR997\LIB\RTL.LIB|xsavescr ACBP=A9
 0002:000D2424 00001B90 C=DATA    S=_DATA    G=DGROUP   M=C:\XHARBOUR997\LIB\RTL.LIB|achoice ACBP=A9
 0002:000D3FB4 00001010 C=DATA    S=_DATA    G=DGROUP   M=C:\XHARBOUR997\LIB\RTL.LIB|alert ACBP=A9
 0002:000D4FC4 00000158 C=DATA    S=_DATA    G=DGROUP   M=C:\XHARBOUR997\LIB\RTL.LIB|browdb ACBP=A9
 0002:000D511C 00000800 C=DATA    S=_DATA    G=DGROUP   M=C:\XHARBOUR997\LIB\RTL.LIB|color53 ACBP=A9
 0002:000D591C 00000FD8 C=DATA    S=_DATA    G=DGROUP   M=C:\XHARBOUR997\LIB\RTL.LIB|cstr ACBP=A9
 0002:000D68F4 00000118 C=DATA    S=_DATA    G=DGROUP   M=C:\XHARBOUR997\LIB\RTL.LIB|devoutp ACBP=A9
 0002:000D6A0C 0000011C C=DATA    S=_DATA    G=DGROUP   M=C:\XHARBOUR997\LIB\RTL.LIB|getlist ACBP=A9
 0002:000D6B28 00001004 C=DATA    S=_DATA    G=DGROUP   M=C:\XHARBOUR997\LIB\RTL.LIB|getsys ACBP=A9
 0002:000D7B2C 00000C1C C=DATA    S=_DATA    G=DGROUP   M=C:\XHARBOUR997\LIB\RTL.LIB|hbserial ACBP=A9
 0002:000D8748 00003C94 C=DATA    S=_DATA    G=DGROUP   M=C:\XHARBOUR997\LIB\RTL.LIB|listbox ACBP=A9
 0002:000DC3DC 000000DC C=DATA    S=_DATA    G=DGROUP   M=C:\XHARBOUR997\LIB\RTL.LIB|memvarbl ACBP=A9
 0002:000DC4B8 00000954 C=DATA    S=_DATA    G=DGROUP   M=C:\XHARBOUR997\LIB\RTL.LIB|menuto ACBP=A9
 0002:000DCE0C 00000BEC C=DATA    S=_DATA    G=DGROUP   M=C:\XHARBOUR997\LIB\RTL.LIB|mssgline ACBP=A9
 0002:000DD9F8 00001128 C=DATA    S=_DATA    G=DGROUP   M=C:\XHARBOUR997\LIB\RTL.LIB|objfunc ACBP=A9
 0002:000DEB20 000000E8 C=DATA    S=_DATA    G=DGROUP   M=C:\XHARBOUR997\LIB\RTL.LIB|readvar ACBP=A9
 0002:000DEC08 00001840 C=DATA    S=_DATA    G=DGROUP   M=C:\XHARBOUR997\LIB\RTL.LIB|scrollbr ACBP=A9
 0002:000E0448 000011D8 C=DATA    S=_DATA    G=DGROUP   M=C:\XHARBOUR997\LIB\RTL.LIB|tbcolumn ACBP=A9
 0002:000E1620 00009450 C=DATA    S=_DATA    G=DGROUP   M=C:\XHARBOUR997\LIB\RTL.LIB|tbrowse ACBP=A9
 0002:000EAA70 00002A34 C=DATA    S=_DATA    G=DGROUP   M=C:\XHARBOUR997\LIB\RTL.LIB|tclass ACBP=A9
 0002:000ED4A4 000005A8 C=DATA    S=_DATA    G=DGROUP   M=C:\XHARBOUR997\LIB\RTL.LIB|terror ACBP=A9
 0002:000EDA4C 00005934 C=DATA    S=_DATA    G=DGROUP   M=C:\XHARBOUR997\LIB\RTL.LIB|tget ACBP=A9
 0002:000F3380 000003B0 C=DATA    S=_DATA    G=DGROUP   M=C:\XHARBOUR997\LIB\RTL.LIB|tgetint ACBP=A9
 0002:000F3730 00003CC8 C=DATA    S=_DATA    G=DGROUP   M=C:\XHARBOUR997\LIB\RTL.LIB|tgetlist ACBP=A9
 0002:000F73F8 0000079C C=DATA    S=_DATA    G=DGROUP   M=C:\XHARBOUR997\LIB\RTL.LIB|tobject ACBP=A9
 0002:000F7B94 0000040C C=DATA    S=_DATA    G=DGROUP   M=C:\XHARBOUR997\LIB\RTL.LIB|traceprg ACBP=A9
 0002:000F7FA0 000021E4 C=DATA    S=_DATA    G=DGROUP   M=C:\XHARBOUR997\LIB\RTL.LIB|win32ole ACBP=A9
 0002:000FA184 00000518 C=DATA    S=_DATA    G=DGROUP   M=C:\XHARBOUR997\LIB\RTL.LIB|winos ACBP=A9
 0002:000FA69C 000003C0 C=DATA    S=_DATA    G=DGROUP   M=C:\XHARBOUR997\LIB\RTL.LIB|winreg ACBP=A9
 0002:000FAA5C 000004CC C=DATA    S=_DATA    G=DGROUP   M=C:\XHARBOUR997\LIB\RDD.LIB|dbcmd ACBP=A9
 0002:000FAF28 00000028 C=DATA    S=_DATA    G=DGROUP   M=C:\XHARBOUR997\LIB\RDD.LIB|workarea ACBP=A9
 0002:000FAF50 0000020C C=DATA    S=_DATA    G=DGROUP   M=C:\XHARBOUR997\LIB\RDD.LIB|dbf1 ACBP=A9
 0002:000FB15C 00000304 C=DATA    S=_DATA    G=DGROUP   M=C:\XHARBOUR997\LIB\RDD.LIB|rddord ACBP=A9
 0002:000FB460 0000006C C=DATA    S=_DATA    G=DGROUP   M=C:\XHARBOUR997\LIB\RDD.LIB|rddsys ACBP=A9
 0002:000FB4CC 00002D48 C=DATA    S=_DATA    G=DGROUP   M=C:\XHARBOUR997\LIB\MACRO.LIB|macroy ACBP=A9
 0002:000FE214 0000003E C=DATA    S=_DATA    G=DGROUP   M=C:\XHARBOUR997\LIB\MACRO.LIB|macroa ACBP=A9
 0002:000FE254 00000158 C=DATA    S=_DATA    G=DGROUP   M=C:\XHARBOUR997\LIB\MACRO.LIB|macrob ACBP=A9
 0002:000FE3AC 00000C44 C=DATA    S=_DATA    G=DGROUP   M=C:\XHARBOUR997\LIB\MACRO.LIB|macroslx ACBP=A9
 0002:000FEFF0 0000054C C=DATA    S=_DATA    G=DGROUP   M=C:\XHARBOUR997\LIB\DBFNTX.LIB|dbfntx1 ACBP=A9
 0002:000FF53C 00000280 C=DATA    S=_DATA    G=DGROUP   M=C:\XHARBOUR997\LIB\DBFFPT.LIB|dbffpt1 ACBP=A9
 0002:000FF7BC 00000F38 C=DATA    S=_DATA    G=DGROUP   M=C:\XHARBOUR997\LIB\DBFCDX.LIB|dbfcdx1 ACBP=A9
 0002:001006F4 0000175C C=DATA    S=_DATA    G=DGROUP   M=C:\XHARBOUR997\LIB\WVWTOOLS.LIB|gchckbox ACBP=A9
 0002:00101E50 00002DFC C=DATA    S=_DATA    G=DGROUP   M=C:\XHARBOUR997\LIB\WVWTOOLS.LIB|getsys ACBP=A9
 0002:00104C4C 000040B4 C=DATA    S=_DATA    G=DGROUP   M=C:\XHARBOUR997\LIB\WVWTOOLS.LIB|glistbox ACBP=A9
 0002:00108D00 00001538 C=DATA    S=_DATA    G=DGROUP   M=C:\XHARBOUR997\LIB\WVWTOOLS.LIB|gpushbtn ACBP=A9
 0002:0010A238 00001C5C C=DATA    S=_DATA    G=DGROUP   M=C:\XHARBOUR997\LIB\WVWTOOLS.LIB|gradigrp ACBP=A9
 0002:0010BE94 000016E4 C=DATA    S=_DATA    G=DGROUP   M=C:\XHARBOUR997\LIB\WVWTOOLS.LIB|gtwvw ACBP=A9
 0002:0010D578 0000182C C=DATA    S=_DATA    G=DGROUP   M=C:\XHARBOUR997\LIB\WVWTOOLS.LIB|middlwvw ACBP=A9
 0002:0010EDA4 00001924 C=DATA    S=_DATA    G=DGROUP   M=C:\XHARBOUR997\LIB\WVWTOOLS.LIB|tappl ACBP=A9
 0002:001106C8 000046A4 C=DATA    S=_DATA    G=DGROUP   M=C:\XHARBOUR997\LIB\WVWTOOLS.LIB|tgetlist ACBP=A9
 0002:00114D6C 000027D4 C=DATA    S=_DATA    G=DGROUP   M=C:\XHARBOUR997\LIB\WVWTOOLS.LIB|ttabpage ACBP=A9
 0002:00117540 000055FC C=DATA    S=_DATA    G=DGROUP   M=C:\XHARBOUR997\LIB\WVWTOOLS.LIB|twindows ACBP=A9
 0002:0011CB3C 000016A0 C=DATA    S=_DATA    G=DGROUP   M=C:\XHARBOUR997\LIB\WVWTOOLS.LIB|wvwmisc ACBP=A9
 0002:0011E1DC 00001104 C=DATA    S=_DATA    G=DGROUP   M=C:\SQLRDD997\LIB\BC5\SQL.LIB|sqly ACBP=A9
 0002:0011F2E0 000047C0 C=DATA    S=_DATA    G=DGROUP   M=C:\SQLRDD997\LIB\BC5\SQL.LIB|sqlconnection ACBP=A9
 0002:00123AA0 000070AC C=DATA    S=_DATA    G=DGROUP   M=C:\SQLRDD997\LIB\BC5\SQL.LIB|sqlrdd0 ACBP=A9
 0002:0012AB4C 00023630 C=DATA    S=_DATA    G=DGROUP   M=C:\SQLRDD997\LIB\BC5\SQL.LIB|sqlrdd2 ACBP=A9
 0002:0014E17C 00004EC4 C=DATA    S=_DATA    G=DGROUP   M=C:\SQLRDD997\LIB\BC5\SQL.LIB|utils ACBP=A9
 0002:00153040 00005A24 C=DATA    S=_DATA    G=DGROUP   M=C:\SQLRDD997\LIB\BC5\SQL.LIB|sqlgen1 ACBP=A9
 0002:00158A64 00002310 C=DATA    S=_DATA    G=DGROUP   M=C:\SQLRDD997\LIB\BC5\SQL.LIB|utilslang ACBP=A9
 0002:0015AD74 00001514 C=DATA    S=_DATA    G=DGROUP   M=C:\SQLRDD997\LIB\BC5\SQL.LIB|sqlfirebird ACBP=A9
 0002:0015C288 0000009C C=DATA    S=_DATA    G=DGROUP   M=C:\SQLRDD997\LIB\BC5\SQL.LIB|sqlact ACBP=A9
 0002:0015C324 00000458 C=DATA    S=_DATA    G=DGROUP   M=C:\SQLRDD997\LIB\BC5\SQL.LIB|firebird ACBP=A9
 0002:0015C77C 00000010 C=DATA    S=_DATA    G=DGROUP   M=C:\SQLRDD997\LIB\BC5\SQL.LIB|sqllex ACBP=A9
 0002:0015C78C 000006E4 C=DATA    S=_DATA    G=DGROUP   M=C:\SQLRDD997\LIB\BC5\SQL.LIB|sqlrdd1 ACBP=A9
 0002:0015CE70 0000359C C=DATA    S=_DATA    G=DGROUP   M=C:\SQLRDD997\LIB\BC5\SQL.LIB|sqlora ACBP=A9
 0002:0016040C 00000008 C=DATA    S=_DATA    G=DGROUP   M=C:\XHARBOUR997\LIB\COMMON.LIB|hbfsapi ACBP=A9
 0002:00160414 00000088 C=DATA    S=_DATA    G=DGROUP   M=C:\XHARBOUR997\LIB\COMMON.LIB|hbstr ACBP=A9
 0002:0016049C 000000C0 C=DATA    S=_DATA    G=DGROUP   M=C:\XHARBOUR997\LIB\COMMON.LIB|hbtrace ACBP=A9
 0002:0016055C 00000FCC C=DATA    S=_DATA    G=DGROUP   M=C:\XHARBOUR997\LIB\COMMON.LIB|hbver ACBP=A9
 0002:00161528 000001AC C=DATA    S=_DATA    G=DGROUP   M=C:\XHARBOUR997\LIB\COMMON.LIB|expropt1 ACBP=A9
 0002:001616D4 0000025C C=DATA    S=_DATA    G=DGROUP   M=C:\XHARBOUR997\LIB\COMMON.LIB|reserved ACBP=A9
 0002:00161930 00000094 C=DATA    S=_DATA    G=DGROUP   M=C:\XHARBOUR997\LIB\CODEPAGE.LIB|cpesdos ACBP=A9
 0002:001619C4 000000B0 C=DATA    S=_DATA    G=DGROUP   M=C:\XHARBOUR997\LIB\CODEPAGE.LIB|cpesmwin ACBP=A9
 0002:00161A74 00000098 C=DATA    S=_DATA    G=DGROUP   M=C:\XHARBOUR997\LIB\CODEPAGE.LIB|cpeswin ACBP=A9
 0002:00161B0C 000000B8 C=DATA    S=_DATA    G=DGROUP   M=C:\XHARBOUR997\LIB\CODEPAGE.LIB|cppt850 ACBP=A9
 0002:00161BC4 00000218 C=DATA    S=_DATA    G=DGROUP   M=C:\XHARBOUR997\LIB\CODEPAGE.LIB|uc850 ACBP=A9
 0002:00161DDC 0000021C C=DATA    S=_DATA    G=DGROUP   M=C:\XHARBOUR997\LIB\CODEPAGE.LIB|uc8859_1 ACBP=A9
 0002:00161FF8 00000440 C=DATA    S=_DATA    G=DGROUP   M=C:\XHARBOUR997\LIB\PCREPOS.LIB|chartables ACBP=A9
 0002:00162438 0000025C C=DATA    S=_DATA    G=DGROUP   M=C:\XHARBOUR997\LIB\PCREPOS.LIB|pcreposix ACBP=A9
 0002:00162694 000009B4 C=DATA    S=_DATA    G=DGROUP   M=C:\XHARBOUR997\LIB\PCREPOS.LIB|pcre_compile ACBP=A9
 0002:00163048 0000000C C=DATA    S=_DATA    G=DGROUP   M=C:\XHARBOUR997\LIB\PCREPOS.LIB|pcre_exec ACBP=A9
 0002:00163054 00000014 C=DATA    S=_DATA    G=DGROUP   M=C:\XHARBOUR997\LIB\PCREPOS.LIB|pcre_globals ACBP=A9
 0002:00163068 00000274 C=DATA    S=_DATA    G=DGROUP   M=C:\XHARBOUR997\LIB\PCREPOS.LIB|pcre_tables ACBP=A9
 0002:001632DC 000161E8 C=DATA    S=_DATA    G=DGROUP   M=C:\XHARBOUR997\LIB\PCREPOS.LIB|pcre_ucp_findchar ACBP=A9
 0002:001794C4 00000004 C=DATA    S=_DATA    G=DGROUP   M=C:\BORLAND\BCC55\LIB\CW32.LIB|virtmem ACBP=A9
 0002:001794C8 00000098 C=DATA    S=_DATA    G=DGROUP   M=C:\BORLAND\BCC55\LIB\CW32.LIB|hrdir_b ACBP=A9
 0002:00179560 00000020 C=DATA    S=_DATA    G=DGROUP   M=C:\BORLAND\BCC55\LIB\CW32.LIB|hrdir_s ACBP=A9
 0002:00179580 00000040 C=DATA    S=_DATA    G=DGROUP   M=C:\BORLAND\BCC55\LIB\CW32.LIB|heap ACBP=A9
 0002:001795C0 00000014 C=DATA    S=_DATA    G=DGROUP   M=C:\BORLAND\BCC55\LIB\CW32.LIB|strerror ACBP=A9
 0002:001795D4 00000004 C=DATA    S=_DATA    G=DGROUP   M=C:\BORLAND\BCC55\LIB\CW32.LIB|xx_xpf ACBP=A9
 0002:001795D8 00000330 C=DATA    S=_DATA    G=DGROUP   M=C:\BORLAND\BCC55\LIB\CW32.LIB|xxtype ACBP=A9
 0002:001798F8 0000003C C=DATA    S=_DATA    G=DGROUP   M=C:\BORLAND\BCC55\LIB\CW32.LIB|xxut ACBP=A9
 0002:00179934 000000E4 C=DATA    S=_DATA    G=DGROUP   M=C:\BORLAND\BCC55\LIB\CW32.LIB|xxv ACBP=A9
 0002:00179A18 00000014 C=DATA    S=_DATA    G=DGROUP   M=C:\BORLAND\BCC55\LIB\CW32.LIB|except ACBP=A9
 0002:00179A2C 0000000C C=DATA    S=_DATA    G=DGROUP   M=C:\BORLAND\BCC55\LIB\CW32.LIB|__dup2 ACBP=A9
 0002:00179A38 00000004 C=DATA    S=_DATA    G=DGROUP   M=C:\BORLAND\BCC55\LIB\CW32.LIB|_cfinfo ACBP=A9
 0002:00179A3C 00000004 C=DATA    S=_DATA    G=DGROUP   M=C:\BORLAND\BCC55\LIB\CW32.LIB|_umask ACBP=A9
 0002:00179A40 00000004 C=DATA    S=_DATA    G=DGROUP   M=C:\BORLAND\BCC55\LIB\CW32.LIB|cfinfo ACBP=A9
 0002:00179A44 000004B0 C=DATA    S=_DATA    G=DGROUP   M=C:\BORLAND\BCC55\LIB\CW32.LIB|files ACBP=A9
 0002:00179EF4 000000CC C=DATA    S=_DATA    G=DGROUP   M=C:\BORLAND\BCC55\LIB\CW32.LIB|files2 ACBP=A9
 0002:00179FC0 00000004 C=DATA    S=_DATA    G=DGROUP   M=C:\BORLAND\BCC55\LIB\CW32.LIB|fmode ACBP=A9
 0002:00179FC4 00000004 C=DATA    S=_DATA    G=DGROUP   M=C:\BORLAND\BCC55\LIB\CW32.LIB|fmodeptr ACBP=A9
 0002:00179FC8 0000012B C=DATA    S=_DATA    G=DGROUP   M=C:\BORLAND\BCC55\LIB\CW32.LIB|ioerror ACBP=A9
 0002:0017A0F4 0000000C C=DATA    S=_DATA    G=DGROUP   M=C:\BORLAND\BCC55\LIB\CW32.LIB|mkname ACBP=A9
 0002:0017A100 0000047C C=DATA    S=_DATA    G=DGROUP   M=C:\BORLAND\BCC55\LIB\CW32.LIB|perror ACBP=A9
 0002:0017A57C 00000082 C=DATA    S=_DATA    G=DGROUP   M=C:\BORLAND\BCC55\LIB\CW32.LIB|scanner ACBP=A9
 0002:0017A600 00000018 C=DATA    S=_DATA    G=DGROUP   M=C:\BORLAND\BCC55\LIB\CW32.LIB|stat ACBP=A9
 0002:0017A618 00000076 C=DATA    S=_DATA    G=DGROUP   M=C:\BORLAND\BCC55\LIB\CW32.LIB|vprinter ACBP=A9
 0002:0017A690 00000202 C=DATA    S=_DATA    G=DGROUP   M=C:\BORLAND\BCC55\LIB\CW32.LIB|bigctype ACBP=A9
 0002:0017A894 0000003C C=DATA    S=_DATA    G=DGROUP   M=C:\BORLAND\BCC55\LIB\CW32.LIB|cconv ACBP=A9
 0002:0017A8D0 00000050 C=DATA    S=_DATA    G=DGROUP   M=C:\BORLAND\BCC55\LIB\CW32.LIB|convt ACBP=A9
 0002:0017A920 00000100 C=DATA    S=_DATA    G=DGROUP   M=C:\BORLAND\BCC55\LIB\CW32.LIB|clower ACBP=A9
 0002:0017AA20 00000100 C=DATA    S=_DATA    G=DGROUP   M=C:\BORLAND\BCC55\LIB\CW32.LIB|cupper ACBP=A9
 0002:0017AB20 00000118 C=DATA    S=_DATA    G=DGROUP   M=C:\BORLAND\BCC55\LIB\CW32.LIB|locale ACBP=A9
 0002:0017AC38 00000260 C=DATA    S=_DATA    G=DGROUP   M=C:\BORLAND\BCC55\LIB\CW32.LIB|clocale ACBP=A9
 0002:0017AE98 00000068 C=DATA    S=_DATA    G=DGROUP   M=C:\BORLAND\BCC55\LIB\CW32.LIB|initcat ACBP=A9
 0002:0017AF00 00000010 C=DATA    S=_DATA    G=DGROUP   M=C:\BORLAND\BCC55\LIB\CW32.LIB|_matherr ACBP=A9
 0002:0017AF10 000000C0 C=DATA    S=_DATA    G=DGROUP   M=C:\BORLAND\BCC55\LIB\CW32.LIB|_pow10 ACBP=A9
 0002:0017AFD0 00000068 C=DATA    S=_DATA    G=DGROUP   M=C:\BORLAND\BCC55\LIB\CW32.LIB|cvtfak ACBP=A9
 0002:0017B038 00000068 C=DATA    S=_DATA    G=DGROUP   M=C:\BORLAND\BCC55\LIB\CW32.LIB|cvtfakw ACBP=A9
 0002:0017B0A0 00000004 C=DATA    S=_DATA    G=DGROUP   M=C:\BORLAND\BCC55\LIB\CW32.LIB|deflt87 ACBP=A9
 0002:0017B0A4 0000000C C=DATA    S=_DATA    G=DGROUP   M=C:\BORLAND\BCC55\LIB\CW32.LIB|exp ACBP=A9
 0002:0017B0B0 00000012 C=DATA    S=_DATA    G=DGROUP   M=C:\BORLAND\BCC55\LIB\CW32.LIB|f87exp ACBP=A9
 0002:0017B0C4 00000016 C=DATA    S=_DATA    G=DGROUP   M=C:\BORLAND\BCC55\LIB\CW32.LIB|f87log ACBP=A9
 0002:0017B0DC 0000007C C=DATA    S=_DATA    G=DGROUP   M=C:\BORLAND\BCC55\LIB\CW32.LIB|hugeval ACBP=A9
 0002:0017B158 00000008 C=DATA    S=_DATA    G=DGROUP   M=C:\BORLAND\BCC55\LIB\CW32.LIB|initcvt ACBP=A9
 0002:0017B160 0000000C C=DATA    S=_DATA    G=DGROUP   M=C:\BORLAND\BCC55\LIB\CW32.LIB|log ACBP=A9
 0002:0017B16C 00000008 C=DATA    S=_DATA    G=DGROUP   M=C:\BORLAND\BCC55\LIB\CW32.LIB|mathptr ACBP=A9
 0002:0017B174 00000044 C=DATA    S=_DATA    G=DGROUP   M=C:\BORLAND\BCC55\LIB\CW32.LIB|mathwhy ACBP=A9
 0002:0017B1B8 0000001C C=DATA    S=_DATA    G=DGROUP   M=C:\BORLAND\BCC55\LIB\CW32.LIB|pow ACBP=A9
 0002:0017B1D4 00000008 C=DATA    S=_DATA    G=DGROUP   M=C:\BORLAND\BCC55\LIB\CW32.LIB|rand ACBP=A9
 0002:0017B1DC 00000014 C=DATA    S=_DATA    G=DGROUP   M=C:\BORLAND\BCC55\LIB\CW32.LIB|realcvt ACBP=A9
 0002:0017B1F0 00000028 C=DATA    S=_DATA    G=DGROUP   M=C:\BORLAND\BCC55\LIB\CW32.LIB|realcvtw ACBP=A9
 0002:0017B218 00000028 C=DATA    S=_DATA    G=DGROUP   M=C:\BORLAND\BCC55\LIB\CW32.LIB|scantod ACBP=A9
 0002:0017B240 00000028 C=DATA    S=_DATA    G=DGROUP   M=C:\BORLAND\BCC55\LIB\CW32.LIB|scanwtod ACBP=A9
 0002:0017B268 00000010 C=DATA    S=_DATA    G=DGROUP   M=C:\BORLAND\BCC55\LIB\CW32.LIB|sqrt ACBP=A9
 0002:0017B278 00000048 C=DATA    S=_DATA    G=DGROUP   M=C:\BORLAND\BCC55\LIB\CW32.LIB|mbctype ACBP=A9
 0002:0017B2C0 00000024 C=DATA    S=_DATA    G=DGROUP   M=C:\BORLAND\BCC55\LIB\CW32.LIB|assert ACBP=A9
 0002:0017B2E4 00000024 C=DATA    S=_DATA    G=DGROUP   M=C:\BORLAND\BCC55\LIB\CW32.LIB|ermsghlp ACBP=A9
 0002:0017B308 00000004 C=DATA    S=_DATA    G=DGROUP   M=C:\BORLAND\BCC55\LIB\CW32.LIB|errno ACBP=A9
 0002:0017B30C 00000010 C=DATA    S=_DATA    G=DGROUP   M=C:\BORLAND\BCC55\LIB\CW32.LIB|errormsg ACBP=A9
 0002:0017B31C 00000028 C=DATA    S=_DATA    G=DGROUP   M=C:\BORLAND\BCC55\LIB\CW32.LIB|platform ACBP=A9
 0002:0017B344 00000020 C=DATA    S=_DATA    G=DGROUP   M=C:\BORLAND\BCC55\LIB\CW32.LIB|abort ACBP=A9
 0002:0017B364 00000004 C=DATA    S=_DATA    G=DGROUP   M=C:\BORLAND\BCC55\LIB\CW32.LIB|patexit ACBP=A9
 0002:0017B368 0000000C C=DATA    S=_DATA    G=DGROUP   M=C:\BORLAND\BCC55\LIB\CW32.LIB|exit ACBP=A9
[...]
 0002:0000045B      __TLS_index4
 0002:0000045F      __hInstance
 0002:00000464      ___CPPdebugHook_segment
 0002:00000464      ___CPPdebugHook
 0002:00000468      __PackageInfoTable
 0002:00000470      @D2_1
 0002:00000F54      _OAPP
 0002:00003C60      @D3_1
 0002:0000E070      @D4_1
 0002:0000F5E4      @D5_1
 0002:0001031C      @D6_1
 0002:00014B20      @D7_1
 0002:00015ED8      @D8_1
 0002:00017D00      @D9_1
 0002:000193BC      @D10_1
 0002:0001B320      @D11_1
 0002:0001C24C      @D12_1
 0002:0002A4EC      @D13_1
 0002:0002B940      @D14_1
 0002:0003352C      @D15_1
 0002:00035218      @D16_1
 0002:00035980      @D17_1
 0002:00036C00      @D18_1
 0002:00039D78      @D19_1
 0002:0003F470      @D20_1
 0002:00042FE8      @D21_1
 0002:00045A80      @D22_1
 0002:00046650      @D23_1
 0002:00047D48      @D24_1
 0002:00049F2C      @D25_1
 0002:0004A578      @D26_1
 0002:00050B78      @D27_1
 0002:00051DE0      @D28_1
 0002:00052D6C      @D29_1
 0002:00070B90      @D30_1
 0002:000711F4      @D31_1
 0002:00071B3C      @D32_1
 0002:00071F0C      @D33_1
 0002:00073984      @D34_1
 0002:00074B94      @D35_1
 0002:0007613C      @D36_1
 0002:0007AEFC      @D37_1
 0002:0008022C      @D38_1
 0002:00082CF0      @D39_1
 0002:0008317C      @D40_1
 0002:00086C48      @D41_1
 0002:00087848      @D42_1
 0002:0008BA88      @D43_1
 0002:0008E094      @D44_1
 0002:00098938      @D45_1
 0002:0009DAA8      @D46_1
 0002:0009EFFC      @D47_1
 0002:0009FF10      @D48_1
 0002:000A5380      @D49_1
 0002:000AE658      @D50_1
 0002:000B04F8      @D51_1
 0002:000B1CA8      @D52_1
 0002:000B272C      @D53_1
 0002:000B4B34      @D54_1
 0002:000B6CE8      @D55_1
 0002:000B9B0C      @D56_1
 0002:000BB508      @D57_1
 0002:000BCEC0      @D58_1
 0002:000BEB14      @D59_1
 0002:000BFB90      @D60_1
 0002:000C18E4      @D61_1
 0002:000C2B98      @D62_1
 0002:000C84D0      @D63_1
 0002:000C91F0      @D64_1
 0002:000CA094      @D65_1
 0002:000CBC28      @D66_1
 0002:000CC778      @D67_1
 0002:000CD434      @D120_1
 0002:000CDDBC      @D124_1
 0002:000CE8A4      @D208_1
 0002:000CEA44      @D214_1
 0002:000CEA6C      _hb_cls_uiArrayClass
 0002:000CEA6E      _hb_cls_uiBlockClass
 0002:000CEA70      _hb_cls_uiCharacterClass
 0002:000CEA72      _hb_cls_uiDateClass
 0002:000CEA74      _hb_cls_uiLogicalClass
 0002:000CEA76      _hb_cls_uiNilClass
 0002:000CEA78      _hb_cls_uiNumericClass
 0002:000CEA7A      _hb_cls_uiPointerClass
 0002:000CEA7C      _hb_cls_uiHashClass
 0002:000CEA80      _hb_symDestructor
 0002:000CEFB0      @D216_1
 0002:000CEFB8      _b_MouseEnable
 0002:000CEFBC      _hb_hInstance
 0002:000CEFC0      _hb_hPrevInstance
 0002:000CEFC4      _hb_iCmdShow
 0002:000CEFC8      _s_WinMainParam
 0002:000CF094      @D218_1
 0002:000CF0C8      @D224_1
 0002:000CF0CC      @D228_1
 0002:000CF0E0      @D230_1
 0002:000CF2B4      _hb_stack_ptr
 0002:000CF2B4      @D232_1
 0002:000CF2B8      _hb_stack_ready
 0002:000CF3F8      @D234_1
 0002:000CF414      @D236_1
 0002:000CF41C      @D238_1
 0002:000CF420      @D242_1
 0002:000CF42C      _hb_gc_bReleaseAll
 0002:000CF464      @D244_1
 0002:000CF78C      @D246_1
 0002:000CF86C      _hb_vm_iExtraParamsIndex
 0002:000CF86C      @D248_1
 0002:000CF870      _hb_vm_iExtraElementsIndex
 0002:000CF874      _hb_vm_iExtraElements
 0002:000CF87C      _pHVMFuncService
 0002:000CF880      _hb_bProfiler
 0002:000CF884      _hb_bTracePrgCalls
 0002:000CF888      _hb_symEval
 0002:000CF8B0      _hb_vm_pFunDbgEntry
 0002:000CF8B8      _hb_vm_sNull
 0002:000CF8BC      _hb_vm_acAscii
 0002:000CFCBC      _hb_vm_bWithObject
 0002:000CFCC0      _hb_vm_wEnumCollectionCounter
 0002:000CFCC4      _hb_vm_iTry
 0002:000CFCC8      _hb_vm_BreakBlock
 0002:000D0634      @D250_1
 0002:000D08B8      @D254_1
 0002:000D0E20      @D256_1
 0002:000D0E54      @D258_1
 0002:000D0EFC      _hb_comp_bShortCuts
 0002:000D0EFC      @D260_1
 0002:000D0F20      @D266_1
 0002:000D0F24      @D268_1
 0002:000D1048      @D274_1
 0002:000D1110      @D280_1
 0002:000D112C      @D282_1
 0002:000D1134      @D284_1
 0002:000D1578      @D286_1
 0002:000D157C      @D292_1
 0002:000D1588      @D294_1
 0002:000D1598      @D300_1
 0002:000D15A4      @D302_1
 0002:000D17A4      _hb_uniTbl_437
 0002:000D17F8      _hb_cdp_page
 0002:000D1808      @D304_1
 0002:000D1810      @D306_1
 0002:000D1814      @D308_1
 0002:000D1840      @D312_1
 0002:000D1850      @D314_1
 0002:000D1890      @D316_1
 0002:000D18C4      @D326_1
 0002:000D18DC      @D328_1
 0002:000D1900      @D342_1
 0002:000D1918      @D344_1
 0002:000D191C      @D350_1
 0002:000D19B0      @D354_1
 0002:000D19B4      @D356_1
 0002:000D19B8      @D360_1
 0002:000D19D0      _hb_gt_gcoldefs
 0002:000D1B3C      @D366_1
 0002:000D1BA4      @D370_1
 0002:000D1C04      @D380_1
 0002:000D1C24      @D382_1
 0002:000D1C48      @D388_1
 0002:000D1C4C      @D398_1
 0002:000D1C60      _hb_vm_bCollectGarbage
 0002:000D1C64      @D400_1
 0002:000D1C90      @D406_1
 0002:000D1CF0      @D408_1
 0002:000D1CF8      @D410_1
 0002:000D1CFC      @D414_1
 0002:000D1E50      @D418_1
 0002:000D1E54      @D420_1
 0002:000D1E5C      @D428_1
 0002:000D1E6C      @D434_1
 0002:000D1EA4      @D438_1
 0002:000D1EA8      @D446_1
 0002:000D1EAC      @D448_1
 0002:000D1EB0      @D450_1
 0002:000D1EB4      @D452_1
 0002:000D1F94      @D456_1
 0002:000D1FB4      @D462_1
 0002:000D2040      @D464_1
 0002:000D204C      @D466_1
 0002:000D2050      @D468_1
 0002:000D205C      @D478_1
 0002:000D2064      @D480_1
 0002:000D2064      _hb_set_ptr
 0002:000D2110      @D500_1
 0002:000D2118      @D502_1
 0002:000D211C      @D504_1
 0002:000D2120      @D508_1
 0002:000D212C      @D510_1
 0002:000D2130      @D518_1
 0002:000D213C      @D520_1
 0002:000D2148      @D522_1
 0002:000D214C      @D524_1
 0002:000D2154      @D526_1
 0002:000D2158      @D530_1
 0002:000D21E8      @D532_1
 0002:000D2214      @D534_1
 0002:000D2380      @D536_1
 0002:000D2390      @D538_1
 0002:000D239C      @D540_1
 0002:000D23A4      @D542_1
 0002:000D23A8      @D546_1
 0002:000D23B4      @D548_1
 0002:000D2410      @D550_1
 0002:000D2418      @D552_1
 0002:000D2420      @D554_1
 0002:000D2424      @D556_1
 0002:000D3FB4      @D560_1
 0002:000D4FC4      @D564_1
 0002:000D511C      @D572_1
 0002:000D591C      @D574_1
 0002:000D68F4      @D582_1
 0002:000D6A0C      @D596_1
 0002:000D6B28      @D598_1
 0002:000D7B2C      @D606_1
 0002:000D8748      @D610_1
 0002:000DC3DC      @D614_1
 0002:000DC4B8      @D616_1
 0002:000DCE0C      @D618_1
 0002:000DD9F8      @D620_1
 0002:000DEB20      @D636_1
 0002:000DEC08      @D640_1
 0002:000E0448      @D650_1
 0002:000E1620      @D652_1
 0002:000EAA70      @D654_1
 0002:000ED4A4      @D658_1
 0002:000EDA4C      @D662_1
 0002:000F3380      @D664_1
 0002:000F3730      @D666_1
 0002:000F73F8      @D672_1
 0002:000F7B94      @D676_1
 0002:000F7FA0      @D696_1
 0002:000FA184      @D700_1
 0002:000FA69C      @D702_1
 0002:000FAA5C      @D704_1
 0002:000FAF28      @D706_1
 0002:000FAF50      @D708_1
 0002:000FB15C      @D736_1
 0002:000FB460      @D738_1
 0002:000FB4CC      @D740_1
 0002:000FE214      @D742_1
 0002:000FE254      _hb_comp_ExprTable
 0002:000FE254      @D744_1
 0002:000FE3AC      @D748_1
 0002:000FE3E0      _yytext
 0002:000FE4A0      _aPairs
 0002:000FEFF0      @D760_1
 0002:000FF53C      @D766_1
 0002:000FF7BC      @D796_1
 0002:001006F4      @D798_1
 0002:00101E50      @D800_1
 0002:00104C4C      @D802_1
 0002:00108D00      @D804_1
 0002:0010A238      @D808_1
 0002:0010BE94      @D810_1
 0002:0010D578      @D814_1
 0002:0010EDA4      @D816_1
 0002:001106C8      @D818_1
 0002:00114D6C      @D824_1
 0002:00117540      @D830_1
 0002:001188F4      _SAWINDOWS
 0002:0011890C      _OWINACTIVE
 0002:0011CB3C      @D834_1
 0002:0011E1DC      @D847_1
 0002:0011F2E0      @D851_1
 0002:00123AA0      @D853_1
 0002:00124524      _LHIDERECNO
 0002:0012453C      _LHIDEHISTORIC
 0002:00124554      _LMULTILANG
 0002:0012456C      _LGOTOPONSCOPE
 0002:00124584      _LSERIALIZEDASSTRING
 0002:0012AB4C      @D855_1
 0002:0014E17C      @D856_1
 0002:00153040      @D858_1
 0002:001534B4      _BTABLEINFO
 0002:001534CC      _BINDEXINFO
 0002:00158A64      @D860_1
 0002:00158B08      _NBASELANG
 0002:00158B20      _NSECONDLANG
 0002:00158B38      _NROOTLANG
 0002:0015AD74      @D866_1
 0002:0015C288      @D870_1
 0002:0015C324      @D872_1
 0002:0015C330      _divider
 0002:0015C77C      @D874_1
 0002:0015C78C      @D882_1
 0002:0015CE70      __sqlo_sqloraID
 0002:0015CE70      @D884_1
 0002:0015CE74      _sqlo_major_version
 0002:0015CE78      _sqlo_minor_version
 0002:0015CE7C      _sqlo_micro_version
 0002:0015CE80      _sqlo_interface_age
 0002:0015CE84      _sqlo_binary_age
 0002:0015CE88      _sqlora8_major_version
 0002:0015CE8C      _sqlora8_minor_version
 0002:0015CE90      _sqlora8_micro_version
 0002:0015CE94      _sqlora8_interface_age
 0002:0015CE98      _sqlora8_binary_age
 0002:0016040C      @D1076_1
 0002:00160414      @D1082_1
 0002:0016049C      @D1084_1
 0002:0016049C      _hb_tr_file_
 0002:001604A0      _hb_tr_line_
 0002:001604A4      _hb_tr_level_
 0002:0016055C      @D1086_1
 0002:00161528      @D1088_1
 0002:001616D4      @D1092_1
 0002:00161930      @D1106_1
 0002:001619C4      @D1108_1
 0002:00161A74      @D1110_1
 0002:00161B0C      @D1144_1
 0002:00161BC4      @D1184_0
 0002:00161DC4      _hb_uniTbl_850
 0002:00161DDC      @D1190_0
 0002:00161FDC      _hb_uniTbl_8859_1
 0002:00161FF8      @D1206_0
 0002:00161FF8      __pcre_default_tables
 0002:00162438      @D1208_1
 0002:00162694      @D1210_1
 0002:00163048      @D1216_1
 0002:00163054      _pcre_malloc
 0002:00163054      @D1222_0
 0002:00163058      _pcre_free
 0002:0016305C      _pcre_stack_malloc
 0002:00163060      _pcre_stack_free
 0002:00163064      _pcre_callout
 0002:00163068      @D1236_0
 0002:00163068      __pcre_utf8_table1
 0002:00163080      __pcre_utf8_table1_size
 0002:00163084      __pcre_utf8_table2
 0002:0016309C      __pcre_utf8_table3
 0002:001630B4      __pcre_utt
 0002:001631DC      __pcre_utt_size
 0002:001631E0      __pcre_OP_lengths
 0002:00163231      __pcre_utf8_table4
 0002:001632DC      @D1240_1
 0002:001794C4      @D1294_1
 0002:001794C8      @D1296_1
 0002:00179560      @D1306_1
 0002:00179564      __heap_redirector
 0002:00179580      @D1312_1
 0002:00179580      __virt_heap_size
 0002:00179584      __virt_chunk_size
 0002:00179588      __virt_chunk_size2
 0002:0017958C      __nv_heap_size
 0002:00179590      __smalloc_threshold
 0002:00179594      __virt_chunk_free
 0002:00179598      __virt_chunk_free2
 0002:0017959C      __firstHeap
 0002:001795A0      __lastHeap
 0002:001795A4      __linktable
 0002:001795A8      __freeStart
 0002:001795B4      __rover
 0002:001795BC      ___allocated
 0002:001795C0      @D1536_1
 0002:001795D4      @D1606_0
 0002:001795D4      ___xxPersonality
 0002:001795D8      @D1608_1
 0002:001798F8      @D1610_1
 0002:001798F8      ___terminatePTR
 0002:001798FC      ___unexpectdPTR
 0002:00179900      @_$CHNC$@std@terminate$qv
 0002:00179920      @_$ECTOC$@std@terminate$qv
 0002:00179934      @D1612_1
 0002:00179934      ___CPPexceptionList
 0002:00179938      ___exceptFlags
 0002:0017993C      ___throwFileName
 0002:00179940      ___throwLineNumber
 0002:00179944      ___throwExceptionName
 0002:00179948      ___exceptStaticBuffP
 0002:0017994C      ___exceptMemAllocVars
 0002:00179950      ___ExceptStaticXbuff
 0002:001799D0      __ExceptVarsSize
 0002:001799E4      @_$CHNC$@__call_terminate$qv
 0002:00179A04      @_$ECTOC$@__call_terminate$qv
 0002:00179A18      @D1618_1
 0002:00179A18      __stkchk
 0002:00179A2C      @D1634_1
 0002:00179A38      @D1654_1
 0002:00179A38      __cfinfo_get
 0002:00179A3C      @D1708_1
 0002:00179A3C      __notUmask
 0002:00179A40      __fileinfo
 0002:00179A40      @D1734_0
 0002:00179A44      __streams
 0002:00179A44      @D1804_0
 0002:00179EF4      __nfile
 0002:00179EF4      @D1806_0
 0002:00179EF8      __openfd
 0002:00179FC0      __fmode
 0002:00179FC0      @D1816_0
 0002:00179FC4      @D1818_1
 0002:00179FC4      __fmodeptr
 0002:00179FC8      __dosErrorToSV
 0002:00179FC8      @D1881_1
 0002:0017A0F4      @D1905_1
 0002:0017A100      __sys_errlist
 0002:0017A100      @D1913_1
 0002:0017A1C4      __sys_nerr
 0002:0017A57C      @D1940_1
 0002:0017A600      @D1975_1
 0002:0017A618      @D2007_1
 0002:0017A690      @D2087_0
 0002:0017A690      __chartype
 0002:0017A894      @D2089_1
 0002:0017A894      __localeconvention
 0002:0017A8D0      @D2091_1
 0002:0017A920      __lower
 0002:0017A920      @D2093_0
 0002:0017AA20      @D2097_0
 0002:0017AA20      __upper
 0002:0017AB20      ___mb_cur_max
 0002:0017AB20      @D2113_1
 0002:0017AB24      ___localeLock
 0002:0017AC38      _CMonetary
 0002:0017AC38      @D2115_0
 0002:0017AC6C      _CNumeric
 0002:0017AC84      _CTimeDate
 0002:0017AD48      _CLOCALE
 0002:0017AD74      ___locale
 0002:0017AE98      @D2117_1
 0002:0017AF00      @D2241_1
 0002:0017AF10      @D2247_1
 0002:0017AFD0      @D2302_1
 0002:0017AFD0      __realcvtptr
 0002:0017AFD4      __nextrealptr
 0002:0017AFD8      __scantodptr
 0002:0017AFDC      __scanrsltptr
 0002:0017B038      @D2304_1
 0002:0017B038      __realcvtwptr
 0002:0017B03C      __nextrealwptr
 0002:0017B040      __scanwtodptr
 0002:0017B044      __scanwrsltptr
 0002:0017B0A0      __default87
 0002:0017B0A0      @D2306_0
 0002:0017B0A4      @D2312_1
 0002:0017B0B0      @D2320_1
 0002:0017B0C4      @D2322_1
 0002:0017B0DC      @D2360_0
 0002:0017B0DC      __huge_flt
 0002:0017B0E0      __huge_dble
 0002:0017B0E8      __huge_ldble
 0002:0017B0F2      __max_flt
 0002:0017B0F6      __max_dble
 0002:0017B0FE      __max_ldble
 0002:0017B108      __indefinite
 0002:0017B10C      __tiny_ldble
 0002:0017B118      ___ieee_64_p_inf
 0002:0017B120      ___ieee_64_n_inf
 0002:0017B128      ___ieee_64_p_nanq
 0002:0017B130      ___ieee_64_n_nanq
 0002:0017B138      ___ieee_64_p_nans
 0002:0017B140      ___ieee_64_n_nans
 0002:0017B148      ___ieee_64_p_zero
 0002:0017B150      ___ieee_64_n_zero
 0002:0017B158      @D2370_0
 0002:0017B158      __turboFloat
 0002:0017B15C      __floatconvert
 0002:0017B160      @D2384_1
 0002:0017B16C      __pmatherr
 0002:0017B16C      @D2408_1
 0002:0017B170      __pmatherrl
 0002:0017B174      __mathwhy
 0002:0017B174      @D2412_0
 0002:0017B1B8      @D2422_1
 0002:0017B1D4      @D2434_1
 0002:0017B1DC      @D2436_1
 0002:0017B1F0      @D2438_1
 0002:0017B218      @D2445_1
 0002:0017B240      @D2447_1
 0002:0017B268      @D2457_1
 0002:0017B278      @D2505_1
 0002:0017B278      __kalpha
 0002:0017B27A      __kpunct
 0002:0017B2C0      @D2641_1
 0002:0017B2E4      @D2657_1
 0002:0017B308      _errno
 0002:0017B308      @D2659_1
 0002:0017B30C      @D2661_1
 0002:0017B30C      __messagefunc
 0002:0017B310      __messagefile
 0002:0017B31C      @D2669_1
 0002:0017B344      @D2688_1
 0002:0017B364      ___pCallAtExitProcs
 0002:0017B364      @D2690_0
 0002:0017B368      __exitbuf
 0002:0017B368      @D2726_1
 0002:0017B36C      __exitfopen
 0002:0017B370      __exitopen
 0002:0017B374      __setargv_ptr
 0002:0017B374      @D2746_0
 0002:0017B378      __exitargv_ptr
 0002:0017B37C      __wsetargv_ptr
 0002:0017B37C      @D2748_0
 0002:0017B380      __wexitargv_ptr
 0002:0017B384      __setargv__
 0002:0017B384      @D2750_1
 0002:0017B3D8      @D2752_1
 0002:0017B3D8      __cmdline_escapes
 0002:0017B400      @D2754_1
 0002:0017B424      __argv_expand_ptr
 0002:0017B424      @D2807_0
 0002:0017B428      @D2809_0
 0002:0017B428      __wargv_expand_ptr
 0002:0017B42C      @D2811_1
 0002:0017B42C      __argv0
 0002:0017B44C      __setenvp__
 0002:0017B44C      @D2825_1
 0002:0017B4A0      @D2829_1
 0002:0017B500      __isWindows
 0002:0017B500      @D2847_0
 0002:0017B504      @D2848_1
 0002:0017B508      __SWeekday
 0002:0017B508      @D2878_0
 0002:0017B524      __LWeekday
 0002:0017B540      __SMonth
 0002:0017B570      __LMonth
 0002:0017B5A0      __AmPm
 0002:0017B5A8      __Days
 0002:0017B5B4      __YDays
 0002:0017B6CC      __timezone
 0002:0017B6CC      @D2884_1
 0002:0017B6D0      __daylight
 0002:0017B6D4      @D2886_1
 0002:0017B6D4      __tzname
 0002:0017B6E4      @D2892_1
 0002:0017B6E8      @D2941_1
 0002:0017B6E8      ___debuggerDisableTerminateCallback
 0002:0017BF74      _GUID_NULL
 0002:0017BF74      @D3090_0
 0002:0017BF84      _IID_IEnumVARIANT
 0002:0017BF94      _IID_IDispatch
 0002:0017BFA4      _IID_IPicture
 0003:00000000      @B230_2
 0003:00000008      @B232_2
 0003:00000008      _hb_stackST
 0003:00000050      @B238_2
 0003:00000068      @B240_1
 0003:0000026C      @B246_2
 0003:000003F4      _hb_vm_aiExtraParams
 0003:000003F4      @B248_2
 0003:00000434      _hb_vm_apExtraParamsSymbol
 0003:00000474      _hb_vm_aiExtraElements
 0003:000004B4      _hb_vm_iExtraIndex
 0003:000004B8      _hb_ulOpcodesCalls
 0003:00000760      _hb_ulOpcodesTime
 0003:00000A38      _hb_vm_aWithObject
 0003:00000BB8      _hb_vm_wWithObjectCounter
 0003:00000BBC      _hb_vm_aEnumCollection
 0003:00000D3C      _hb_vm_apEnumVar
 0003:00000D7C      _hb_vm_awEnumIndex
 0003:00000DBC      _hb_vm_pSequence
 0003:00000DE0      @B266_2
 0003:000010E0      @B302_2
 0003:000011E0      @B308_2
 0003:000011F4      @B326_2
 0003:0000120C      @B342_2
 0003:00001414      @B360_2
 0003:00001414      _hb_gt_gobjects
 0003:00001418      _hb_gt_gobjects_end
 0003:00001438      _hb_gtGForeground
 0003:00001440      _hb_gtGBackground
 0003:00001448      @B400_2
 0003:00001514      @B406_2
 0003:00001614      _hb_set
 0003:00001614      @B480_2
 0003:0000197C      _s_PrintFileName
 0003:00001A7C      _s_PrinterName
 0003:00001B7C      _s_isDefaultPrinterDevice
 0003:00001B80      @B490_1
 0003:00001B84      @B554_2
 0003:00001B88      @B696_2
 0003:00001BFC      @B708_2
 0003:00001D88      @B740_2
 0003:00001DCC      @B748_2
 0003:00005E90      _yyleng
 0003:00005E9C      _yyin
 0003:0000A4A8      @B760_2
 0003:0000A638      @B766_2
 0003:0000A7C4      @B796_2
 0003:0000A950      @B810_2
 0003:0000AD98      _last_gobject
 0003:0000AD9C      @B882_2
 0003:0000AE24      @B884_2
 0003:0000BA28      @B1296_2
 0003:0000BA28      __bormm_pfn_FreeMem
 0003:0000BA2C      __bormm_pfn_GetMem
 0003:0000BA30      __bormm_pfn_ReallocMem
 0003:0000BA34      __bormm_pfn_HeapAddRef
 0003:0000BA38      __bormm_pfn_HeapRelease
 0003:0000BA40      @B1536_2
 0003:0000BAE4      @B1558_1
 0003:0000BAE8      @B1608_2
 0003:0000BEF8      @B1612_2
 0003:0000BEF8      __DestructorCountPtr
 0003:0000BF00      @B1618_2
 0003:0000BF00      __HandlerPtr
 0003:0000BF04      __UserHandlerPtr
 0003:0000BF08      __pidtab
 0003:0000BF08      @B1806_1
 0003:0000BFD0      __handles
 0003:0000C098      __doserrno
 0003:0000C098      @B1881_2
 0003:0000C09C      @B1887_1
 0003:0000C0A0      __tmpnum
 0003:0000C0A0      @B1905_2
 0003:0000C0B0      @B2505_2
 0003:0000C0B0      __mbctype
 0003:0000C1B4      __mbcsCodePage
 0003:0000C1B8      @B2641_2
 0003:0000C2B8      @B2657_2
 0003:0000C2D4      @B2669_2
 0003:0000C2D4      __ostype
 0003:0000C2D8      @B2673_1
 0003:0000C2E0      __argv
 0003:0000C2E0      @B2750_2
 0003:0000C2EC      @B2752_2
 0003:0000C2F0      @B2754_2
 0003:0000C2F4      @B2825_2
 0003:0000C2F4      __environ
 0003:0000C2FC      __envsize
 0003:0000C300      __env_lock
 0003:0000C304      @B2847_1
 0003:0000C304      __C0argc
 0003:0000C308      __C0argv
 0003:0000C30C      __C0environ
 0003:0000C310      __oscmd
 0003:0000C314      __osenv
 0003:0000C318      __argc
 0003:0000C31C      __dll_table
 0003:0000C324      __ExcRegPtr
 0003:0000C328      __wosenv
 0003:0000C32C      __woscmd
 0003:0000C330      __wC0argv
 0003:0000C334      __wC0environ
 0003:0000C338      __exe_table
 0003:0000C340      __stkbase
 0003:0000C344      @B2872_1
 0003:0000C368      @B2886_2
 0003:0000C370      @B2941_2
 0003:0000C374      ___pCPPdebugHook
 0004:00000000      ___xxInfo
 0004:00000000      @T1612_3
