
 Start         Length     Name                   Class
 0001:00401000 0000DED50H _TEXT                  CODE
 0002:004E0000 00017CE30H _DATA                  DATA
 0003:0065CE30 00000C380H _BSS                   BSS
 0004:00000000 00000009CH _TLS                   TLS


Detailed map of segments
 0001:00000000 0000014F C=CODE    S=_TEXT    G=(none)   M=C:\BORLAND\BCC55\LIB\C0W32.OBJ ACBP=A9
 0001:00000150 0000008E C=CODE    S=_TEXT    G=(none)   M=C:\HTI\SISMASTER\SISMASTER.OBJ ACBP=A9
 0001:000001E0 0000003A C=CODE    S=_TEXT    G=(none)   M=C:\HTI\SISMASTER\MASTERDBF.OBJ ACBP=A9
 0001:0000021C 0000003A C=CODE    S=_TEXT    G=(none)   M=C:\HTI\SISMASTER\MASTERCFG.OBJ ACBP=A9
 0001:00000258 000000A2 C=CODE    S=_TEXT    G=(none)   M=C:\HTI\SISMASTER\ERRORSYS.OBJ ACBP=A9
 0001:000002FC 00000071 C=CODE    S=_TEXT    G=(none)   M=C:\HTI\SISMASTER\MAST00.OBJ ACBP=A9
 0001:00000370 0000003A C=CODE    S=_TEXT    G=(none)   M=C:\HTI\SISMASTER\MASTERCDX.OBJ ACBP=A9
 0001:000003AC 0000003A C=CODE    S=_TEXT    G=(none)   M=C:\HTI\SISMASTER\MAST130.OBJ ACBP=A9
 0001:000003E8 0000003A C=CODE    S=_TEXT    G=(none)   M=C:\HTI\SISMASTER\SACCID.OBJ ACBP=A9
 0001:00000424 00000054 C=CODE    S=_TEXT    G=(none)   M=C:\HTI\SISMASTER\MAST110.OBJ ACBP=A9
 0001:00000478 00000054 C=CODE    S=_TEXT    G=(none)   M=C:\HTI\SISMASTER\MAST120.OBJ ACBP=A9
 0001:000004CC 000000A5 C=CODE    S=_TEXT    G=(none)   M=C:\HTI\SISMASTER\MAST200.OBJ ACBP=A9
 0001:00000574 00000054 C=CODE    S=_TEXT    G=(none)   M=C:\HTI\SISMASTER\MAST201.OBJ ACBP=A9
 0001:000005C8 00000057 C=CODE    S=_TEXT    G=(none)   M=C:\HTI\SISMASTER\MAST30.OBJ ACBP=A9
 0001:00000620 0000003A C=CODE    S=_TEXT    G=(none)   M=C:\HTI\SISMASTER\MAST301.OBJ ACBP=A9
 0001:0000065C 0000003A C=CODE    S=_TEXT    G=(none)   M=C:\HTI\SISMASTER\MAST36.OBJ ACBP=A9
 0001:00000698 0000003A C=CODE    S=_TEXT    G=(none)   M=C:\HTI\SISMASTER\MAST37.OBJ ACBP=A9
 0001:000006D4 0000003D C=CODE    S=_TEXT    G=(none)   M=C:\HTI\SISMASTER\MAST38.OBJ ACBP=A9
 0001:00000714 000000BC C=CODE    S=_TEXT    G=(none)   M=C:\HTI\SISMASTER\SACREC.OBJ ACBP=A9
 0001:000007D0 0000003A C=CODE    S=_TEXT    G=(none)   M=C:\HTI\SISMASTER\CON22.OBJ ACBP=A9
 0001:0000080C 0000003A C=CODE    S=_TEXT    G=(none)   M=C:\HTI\SISMASTER\CON211.OBJ ACBP=A9
 0001:00000848 0000003A C=CODE    S=_TEXT    G=(none)   M=C:\HTI\SISMASTER\SACRCCOM.OBJ ACBP=A9
 0001:00000884 0000003A C=CODE    S=_TEXT    G=(none)   M=C:\HTI\SISMASTER\SAC140.OBJ ACBP=A9
 0001:000008C0 0000003A C=CODE    S=_TEXT    G=(none)   M=C:\HTI\SISMASTER\SAC141.OBJ ACBP=A9
 0001:000008FC 0000003A C=CODE    S=_TEXT    G=(none)   M=C:\HTI\SISMASTER\SAC142.OBJ ACBP=A9
 0001:00000938 0000003A C=CODE    S=_TEXT    G=(none)   M=C:\HTI\SISMASTER\MAST33.OBJ ACBP=A9
 0001:00000974 0000003A C=CODE    S=_TEXT    G=(none)   M=C:\HTI\SISMASTER\MAST202.OBJ ACBP=A9
 0001:000009B0 0000003A C=CODE    S=_TEXT    G=(none)   M=C:\HTI\SISMASTER\MAST203.OBJ ACBP=A9
 0001:000009EC 0000085D C=CODE    S=_TEXT    G=(none)   M=C:\HTI\SISMASTER\MASTFUN.OBJ ACBP=A9
 0001:0000124C 0000003A C=CODE    S=_TEXT    G=(none)   M=C:\HTI\SISMASTER\MAST341.OBJ ACBP=A9
 0001:00001288 0000003A C=CODE    S=_TEXT    G=(none)   M=C:\HTI\SISMASTER\MAST204.OBJ ACBP=A9
 0001:000012C4 0000003A C=CODE    S=_TEXT    G=(none)   M=C:\HTI\SISMASTER\MASTERUTIL.OBJ ACBP=A9
 0001:00001300 00000054 C=CODE    S=_TEXT    G=(none)   M=C:\HTI\SISMASTER\MASTER_DBF.OBJ ACBP=A9
 0001:00001354 0000003A C=CODE    S=_TEXT    G=(none)   M=C:\HTI\SISMASTER\MASTGRUPO.OBJ ACBP=A9
 0001:00001390 0000003A C=CODE    S=_TEXT    G=(none)   M=C:\HTI\SISMASTER\MAST50.OBJ ACBP=A9
 0001:000013CC 0000003A C=CODE    S=_TEXT    G=(none)   M=C:\HTI\SISMASTER\MAST51.OBJ ACBP=A9
 0001:00001408 000000A2 C=CODE    S=_TEXT    G=(none)   M=C:\HTI\SISMASTER\MAST2001.OBJ ACBP=A9
 0001:000014AC 0000003A C=CODE    S=_TEXT    G=(none)   M=C:\HTI\SISMASTER\MAST610.OBJ ACBP=A9
 0001:000014E8 0000003A C=CODE    S=_TEXT    G=(none)   M=C:\HTI\SISMASTER\MAST40.OBJ ACBP=A9
 0001:00001524 0000003A C=CODE    S=_TEXT    G=(none)   M=C:\HTI\SISMASTER\MAST52.OBJ ACBP=A9
 0001:00001560 0000003A C=CODE    S=_TEXT    G=(none)   M=C:\HTI\SISMASTER\MAST53.OBJ ACBP=A9
 0001:0000159C 0000006E C=CODE    S=_TEXT    G=(none)   M=C:\HTI\SISMASTER\MAST2002.OBJ ACBP=A9
 0001:0000160C 00000054 C=CODE    S=_TEXT    G=(none)   M=C:\HTI\SISMASTER\MAST19.OBJ ACBP=A9
 0001:00001660 0000008B C=CODE    S=_TEXT    G=(none)   M=C:\HTI\SISMASTER\SACNFCE.OBJ ACBP=A9
 0001:000016EC 000002E1 C=CODE    S=_TEXT    G=(none)   M=C:\HTI\SISMASTER\SACTEF.OBJ ACBP=A9
 0001:000019D0 0000010A C=CODE    S=_TEXT    G=(none)   M=C:\HTI\SISMASTER\IMPACBR.OBJ ACBP=A9
 0001:00001ADC 0000006E C=CODE    S=_TEXT    G=(none)   M=C:\HTI\SISMASTER\SAC_NCM.OBJ ACBP=A9
 0001:00001B4C 0000003D C=CODE    S=_TEXT    G=(none)   M=C:\HTI\SISMASTER\SAC211.OBJ ACBP=A9
 0001:00001B8C 0000008B C=CODE    S=_TEXT    G=(none)   M=C:\HTI\SISMASTER\SACNF_E.OBJ ACBP=A9
 0001:00001C18 0000003A C=CODE    S=_TEXT    G=(none)   M=C:\HTI\SISMASTER\SAC1OP.OBJ ACBP=A9
 0001:00001C54 0000010A C=CODE    S=_TEXT    G=(none)   M=C:\HTI\SISMASTER\SAUTORIZA.OBJ ACBP=A9
 0001:00001D60 0000003A C=CODE    S=_TEXT    G=(none)   M=C:\HTI\SISMASTER\MASTBAL.OBJ ACBP=A9
 0001:00001D9C 00000054 C=CODE    S=_TEXT    G=(none)   M=C:\HTI\SISMASTER\SAC31_1.OBJ ACBP=A9
 0001:00001DF0 00000088 C=CODE    S=_TEXT    G=(none)   M=C:\HTI\SISMASTER\SAC5DES.OBJ ACBP=A9
 0001:00001E78 0000003A C=CODE    S=_TEXT    G=(none)   M=C:\HTI\SISMASTER\SAC5NOT1.OBJ ACBP=A9
 0001:00001EB4 0000003A C=CODE    S=_TEXT    G=(none)   M=C:\HTI\SISMASTER\SAC5NOT2.OBJ ACBP=A9
 0001:00001EF0 0000003A C=CODE    S=_TEXT    G=(none)   M=C:\HTI\SISMASTER\SAC5NOT3.OBJ ACBP=A9
 0001:00001F2C 0000003A C=CODE    S=_TEXT    G=(none)   M=C:\HTI\SISMASTER\SAC5NOT4.OBJ ACBP=A9
 0001:00001F68 0000003A C=CODE    S=_TEXT    G=(none)   M=C:\HTI\SISMASTER\SAC5NOT6.OBJ ACBP=A9
 0001:00001FA4 0000003A C=CODE    S=_TEXT    G=(none)   M=C:\HTI\SISMASTER\SAC5NOT7.OBJ ACBP=A9
 0001:00001FE0 0000003A C=CODE    S=_TEXT    G=(none)   M=C:\HTI\SISMASTER\SAC5NOT8.OBJ ACBP=A9
 0001:0000201C 000002AD C=CODE    S=_TEXT    G=(none)   M=C:\HTI\SISMASTER\HTIPLUB.OBJ ACBP=A9
 0001:000022CC 00000054 C=CODE    S=_TEXT    G=(none)   M=C:\HTI\SISMASTER\MASTEXCE.OBJ ACBP=A9
 0001:00002320 0000003A C=CODE    S=_TEXT    G=(none)   M=C:\HTI\SISMASTER\MAST54.OBJ ACBP=A9
 0001:0000235C 0000006E C=CODE    S=_TEXT    G=(none)   M=C:\HTI\SISMASTER\MAST700.OBJ ACBP=A9
 0001:000023CC 0000003A C=CODE    S=_TEXT    G=(none)   M=C:\HTI\SISMASTER\MAST710.OBJ ACBP=A9
 0001:00002408 0000003A C=CODE    S=_TEXT    G=(none)   M=C:\HTI\SISMASTER\MAST750.OBJ ACBP=A9
 0001:00002444 0000003A C=CODE    S=_TEXT    G=(none)   M=C:\HTI\SISMASTER\MASTCUSTO.OBJ ACBP=A9
 0001:00002480 00000010 C=CODE    S=_TEXT    G=(none)   M=C:\XHARBOUR997\LIB\LANG.LIB|msgen ACBP=A9
 0001:00002490 00000010 C=CODE    S=_TEXT    G=(none)   M=C:\XHARBOUR997\LIB\LANG.LIB|msges ACBP=A9
 0001:000024A0 00001613 C=CODE    S=_TEXT    G=(none)   M=C:\XHARBOUR997\LIB\VM.LIB|arrays ACBP=A9
 0001:00003AB4 0000352B C=CODE    S=_TEXT    G=(none)   M=C:\XHARBOUR997\LIB\VM.LIB|arrayshb ACBP=A9
 0001:00006FE0 00000469 C=CODE    S=_TEXT    G=(none)   M=C:\XHARBOUR997\LIB\VM.LIB|asort ACBP=A9
 0001:0000744C 00000014 C=CODE    S=_TEXT    G=(none)   M=C:\XHARBOUR997\LIB\VM.LIB|break ACBP=A9
 0001:00007460 00005508 C=CODE    S=_TEXT    G=(none)   M=C:\XHARBOUR997\LIB\VM.LIB|classes ACBP=A9
 0001:0000C968 000005B0 C=CODE    S=_TEXT    G=(none)   M=C:\XHARBOUR997\LIB\VM.LIB|cmdarg ACBP=A9
 0001:0000CF18 0000032D C=CODE    S=_TEXT    G=(none)   M=C:\XHARBOUR997\LIB\VM.LIB|codebloc ACBP=A9
 0001:0000D248 0000024A C=CODE    S=_TEXT    G=(none)   M=C:\XHARBOUR997\LIB\VM.LIB|do ACBP=A9
 0001:0000D494 000006D3 C=CODE    S=_TEXT    G=(none)   M=C:\XHARBOUR997\LIB\VM.LIB|dynsym ACBP=A9
 0001:0000DB68 000016A7 C=CODE    S=_TEXT    G=(none)   M=C:\XHARBOUR997\LIB\VM.LIB|errorapi ACBP=A9
 0001:0000F210 00000850 C=CODE    S=_TEXT    G=(none)   M=C:\XHARBOUR997\LIB\VM.LIB|estack ACBP=A9
 0001:0000FA60 00000B03 C=CODE    S=_TEXT    G=(none)   M=C:\XHARBOUR997\LIB\VM.LIB|eval ACBP=A9
 0001:00010564 000000D2 C=CODE    S=_TEXT    G=(none)   M=C:\XHARBOUR997\LIB\VM.LIB|evalhb ACBP=A9
 0001:00010638 00001BC0 C=CODE    S=_TEXT    G=(none)   M=C:\XHARBOUR997\LIB\VM.LIB|extend ACBP=A9
 0001:000121F8 000003B5 C=CODE    S=_TEXT    G=(none)   M=C:\XHARBOUR997\LIB\VM.LIB|fm ACBP=A9
 0001:000125B0 00000707 C=CODE    S=_TEXT    G=(none)   M=C:\XHARBOUR997\LIB\VM.LIB|garbage ACBP=A9
 0001:00012CB8 0000341B C=CODE    S=_TEXT    G=(none)   M=C:\XHARBOUR997\LIB\VM.LIB|hash ACBP=A9
 0001:000160D4 000011DA C=CODE    S=_TEXT    G=(none)   M=C:\XHARBOUR997\LIB\VM.LIB|hbi18n ACBP=A9
 0001:000172B0 000123B6 C=CODE    S=_TEXT    G=(none)   M=C:\XHARBOUR997\LIB\VM.LIB|hvm ACBP=A9
 0001:00029668 000026F7 C=CODE    S=_TEXT    G=(none)   M=C:\XHARBOUR997\LIB\VM.LIB|inet ACBP=A9
 0001:0002BD60 00000006 C=CODE    S=_TEXT    G=(none)   M=C:\XHARBOUR997\LIB\VM.LIB|initexit ACBP=A9
 0001:0002BD68 00000017 C=CODE    S=_TEXT    G=(none)   M=C:\XHARBOUR997\LIB\VM.LIB|initsymb ACBP=A9
 0001:0002BD80 00001A70 C=CODE    S=_TEXT    G=(none)   M=C:\XHARBOUR997\LIB\VM.LIB|itemapi ACBP=A9
 0001:0002D7F0 00000B3F C=CODE    S=_TEXT    G=(none)   M=C:\XHARBOUR997\LIB\VM.LIB|fastitem ACBP=A9
 0001:0002E330 00001C7F C=CODE    S=_TEXT    G=(none)   M=C:\XHARBOUR997\LIB\VM.LIB|macro ACBP=A9
 0001:0002FFB0 0000011D C=CODE    S=_TEXT    G=(none)   M=C:\XHARBOUR997\LIB\VM.LIB|mainwin ACBP=A9
 0001:000300D0 00001DE8 C=CODE    S=_TEXT    G=(none)   M=C:\XHARBOUR997\LIB\VM.LIB|memvars ACBP=A9
 0001:00031EB8 00000039 C=CODE    S=_TEXT    G=(none)   M=C:\XHARBOUR997\LIB\VM.LIB|pcount ACBP=A9
 0001:00031EF4 00000541 C=CODE    S=_TEXT    G=(none)   M=C:\XHARBOUR997\LIB\VM.LIB|proc ACBP=A9
 0001:00032438 000000E4 C=CODE    S=_TEXT    G=(none)   M=C:\XHARBOUR997\LIB\VM.LIB|thread ACBP=A9
 0001:0003251C 00000072 C=CODE    S=_TEXT    G=(none)   M=C:\XHARBOUR997\LIB\VM.LIB|throw ACBP=A9
 0001:00032590 000000DA C=CODE    S=_TEXT    G=(none)   M=C:\XHARBOUR997\LIB\VM.LIB|harbinit ACBP=A9
 0001:0003266C 00000178 C=CODE    S=_TEXT    G=(none)   M=C:\XHARBOUR997\LIB\RTL.LIB|abs ACBP=A9
 0001:000327E4 000002AF C=CODE    S=_TEXT    G=(none)   M=C:\XHARBOUR997\LIB\RTL.LIB|at ACBP=A9
 0001:00032A94 00000558 C=CODE    S=_TEXT    G=(none)   M=C:\XHARBOUR997\LIB\RTL.LIB|bkgtsks ACBP=A9
 0001:00032FEC 00000130 C=CODE    S=_TEXT    G=(none)   M=C:\XHARBOUR997\LIB\RTL.LIB|binnumx ACBP=A9
 0001:0003311C 0000017D C=CODE    S=_TEXT    G=(none)   M=C:\XHARBOUR997\LIB\RTL.LIB|box ACBP=A9
 0001:0003329C 00000F20 C=CODE    S=_TEXT    G=(none)   M=C:\XHARBOUR997\LIB\RTL.LIB|cdpapi ACBP=A9
 0001:000341BC 000000A2 C=CODE    S=_TEXT    G=(none)   M=C:\XHARBOUR997\LIB\RTL.LIB|chrasc ACBP=A9
 0001:00034260 000000B6 C=CODE    S=_TEXT    G=(none)   M=C:\XHARBOUR997\LIB\RTL.LIB|colorind ACBP=A9
 0001:00034318 00000975 C=CODE    S=_TEXT    G=(none)   M=C:\XHARBOUR997\LIB\RTL.LIB|console ACBP=A9
 0001:00034C90 00000143 C=CODE    S=_TEXT    G=(none)   M=C:\XHARBOUR997\LIB\RTL.LIB|datec ACBP=A9
 0001:00034DD4 000007F7 C=CODE    S=_TEXT    G=(none)   M=C:\XHARBOUR997\LIB\RTL.LIB|dates ACBP=A9
 0001:000355CC 000005DD C=CODE    S=_TEXT    G=(none)   M=C:\XHARBOUR997\LIB\RTL.LIB|dateshb ACBP=A9
 0001:00035BAC 000001F0 C=CODE    S=_TEXT    G=(none)   M=C:\XHARBOUR997\LIB\RTL.LIB|dirdrive ACBP=A9
 0001:00035D9C 000007D8 C=CODE    S=_TEXT    G=(none)   M=C:\XHARBOUR997\LIB\RTL.LIB|direct ACBP=A9
 0001:00036574 000001C8 C=CODE    S=_TEXT    G=(none)   M=C:\XHARBOUR997\LIB\RTL.LIB|diskspac ACBP=A9
 0001:0003673C 00000188 C=CODE    S=_TEXT    G=(none)   M=C:\XHARBOUR997\LIB\RTL.LIB|empty ACBP=A9
 0001:000368C4 00000138 C=CODE    S=_TEXT    G=(none)   M=C:\XHARBOUR997\LIB\RTL.LIB|file ACBP=A9
 0001:000369FC 00000072 C=CODE    S=_TEXT    G=(none)   M=C:\XHARBOUR997\LIB\RTL.LIB|filehb ACBP=A9
 0001:00036A70 0000151F C=CODE    S=_TEXT    G=(none)   M=C:\XHARBOUR997\LIB\RTL.LIB|filesys ACBP=A9
 0001:00037F90 000000B8 C=CODE    S=_TEXT    G=(none)   M=C:\XHARBOUR997\LIB\RTL.LIB|fserror ACBP=A9
 0001:00038048 000000D9 C=CODE    S=_TEXT    G=(none)   M=C:\XHARBOUR997\LIB\RTL.LIB|fnsplit ACBP=A9
 0001:00038124 00000912 C=CODE    S=_TEXT    G=(none)   M=C:\XHARBOUR997\LIB\RTL.LIB|fparse ACBP=A9
 0001:00038A38 000000AF C=CODE    S=_TEXT    G=(none)   M=C:\XHARBOUR997\LIB\RTL.LIB|fssize ACBP=A9
 0001:00038AE8 0000012B C=CODE    S=_TEXT    G=(none)   M=C:\XHARBOUR997\LIB\RTL.LIB|fstemp ACBP=A9
 0001:00038C14 000000A2 C=CODE    S=_TEXT    G=(none)   M=C:\XHARBOUR997\LIB\RTL.LIB|gete ACBP=A9
 0001:00038CB8 00000037 C=CODE    S=_TEXT    G=(none)   M=C:\XHARBOUR997\LIB\RTL.LIB|gt ACBP=A9
 0001:00038CF0 00003F63 C=CODE    S=_TEXT    G=(none)   M=C:\XHARBOUR997\LIB\RTL.LIB|gtapi ACBP=A9
 0001:0003CC54 00000526 C=CODE    S=_TEXT    G=(none)   M=C:\XHARBOUR997\LIB\RTL.LIB|gx ACBP=A9
 0001:0003D17C 000003E8 C=CODE    S=_TEXT    G=(none)   M=C:\XHARBOUR997\LIB\RTL.LIB|hbbitf ACBP=A9
 0001:0003D564 00000835 C=CODE    S=_TEXT    G=(none)   M=C:\XHARBOUR997\LIB\RTL.LIB|hbffind ACBP=A9
 0001:0003DD9C 0000044B C=CODE    S=_TEXT    G=(none)   M=C:\XHARBOUR997\LIB\RTL.LIB|hbhex2n ACBP=A9
 0001:0003E1E8 000002A8 C=CODE    S=_TEXT    G=(none)   M=C:\XHARBOUR997\LIB\RTL.LIB|hbrandom ACBP=A9
 0001:0003E490 000006DE C=CODE    S=_TEXT    G=(none)   M=C:\XHARBOUR997\LIB\RTL.LIB|hbsrlraw ACBP=A9
 0001:0003EB70 000003F7 C=CODE    S=_TEXT    G=(none)   M=C:\XHARBOUR997\LIB\RTL.LIB|idle ACBP=A9
 0001:0003EF68 000007E5 C=CODE    S=_TEXT    G=(none)   M=C:\XHARBOUR997\LIB\RTL.LIB|inkey ACBP=A9
 0001:0003F750 0000030F C=CODE    S=_TEXT    G=(none)   M=C:\XHARBOUR997\LIB\RTL.LIB|is ACBP=A9
 0001:0003FA60 00000273 C=CODE    S=_TEXT    G=(none)   M=C:\XHARBOUR997\LIB\RTL.LIB|langapi ACBP=A9
 0001:0003FCD4 000000B3 C=CODE    S=_TEXT    G=(none)   M=C:\XHARBOUR997\LIB\RTL.LIB|left ACBP=A9
 0001:0003FD88 0000006A C=CODE    S=_TEXT    G=(none)   M=C:\XHARBOUR997\LIB\RTL.LIB|len ACBP=A9
 0001:0003FDF4 00000951 C=CODE    S=_TEXT    G=(none)   M=C:\XHARBOUR997\LIB\RTL.LIB|math ACBP=A9
 0001:00040748 000000C5 C=CODE    S=_TEXT    G=(none)   M=C:\XHARBOUR997\LIB\RTL.LIB|maxrow ACBP=A9
 0001:00040810 00000157 C=CODE    S=_TEXT    G=(none)   M=C:\XHARBOUR997\LIB\RTL.LIB|memofile ACBP=A9
 0001:00040968 000004D7 C=CODE    S=_TEXT    G=(none)   M=C:\XHARBOUR997\LIB\RTL.LIB|minmax ACBP=A9
 0001:00040E40 000003C5 C=CODE    S=_TEXT    G=(none)   M=C:\XHARBOUR997\LIB\RTL.LIB|mouseapi ACBP=A9
 0001:00041208 0000012C C=CODE    S=_TEXT    G=(none)   M=C:\XHARBOUR997\LIB\RTL.LIB|natmsg ACBP=A9
 0001:00041334 00000049 C=CODE    S=_TEXT    G=(none)   M=C:\XHARBOUR997\LIB\RTL.LIB|net ACBP=A9
 0001:00041380 000000AE C=CODE    S=_TEXT    G=(none)   M=C:\XHARBOUR997\LIB\RTL.LIB|oemansi ACBP=A9
 0001:00041430 00000122 C=CODE    S=_TEXT    G=(none)   M=C:\XHARBOUR997\LIB\RTL.LIB|padc ACBP=A9
 0001:00041554 000000F0 C=CODE    S=_TEXT    G=(none)   M=C:\XHARBOUR997\LIB\RTL.LIB|padl ACBP=A9
 0001:00041644 000000EB C=CODE    S=_TEXT    G=(none)   M=C:\XHARBOUR997\LIB\RTL.LIB|padr ACBP=A9
 0001:00041730 00000A48 C=CODE    S=_TEXT    G=(none)   M=C:\XHARBOUR997\LIB\RTL.LIB|philes ACBP=A9
 0001:00042178 0000009F C=CODE    S=_TEXT    G=(none)   M=C:\XHARBOUR997\LIB\RTL.LIB|philesx ACBP=A9
 0001:00042218 00000098 C=CODE    S=_TEXT    G=(none)   M=C:\XHARBOUR997\LIB\RTL.LIB|rat ACBP=A9
 0001:000422B0 00001188 C=CODE    S=_TEXT    G=(none)   M=C:\XHARBOUR997\LIB\RTL.LIB|regex ACBP=A9
 0001:00043438 00000134 C=CODE    S=_TEXT    G=(none)   M=C:\XHARBOUR997\LIB\RTL.LIB|replic ACBP=A9
 0001:0004356C 0000005D C=CODE    S=_TEXT    G=(none)   M=C:\XHARBOUR997\LIB\RTL.LIB|right ACBP=A9
 0001:000435CC 00000125 C=CODE    S=_TEXT    G=(none)   M=C:\XHARBOUR997\LIB\RTL.LIB|round ACBP=A9
 0001:000436F4 000001F0 C=CODE    S=_TEXT    G=(none)   M=C:\XHARBOUR997\LIB\RTL.LIB|samples ACBP=A9
 0001:000438E4 000001B0 C=CODE    S=_TEXT    G=(none)   M=C:\XHARBOUR997\LIB\RTL.LIB|saverest ACBP=A9
 0001:00043A94 00000103 C=CODE    S=_TEXT    G=(none)   M=C:\XHARBOUR997\LIB\RTL.LIB|scroll ACBP=A9
 0001:00043B98 000001DC C=CODE    S=_TEXT    G=(none)   M=C:\XHARBOUR997\LIB\RTL.LIB|seconds ACBP=A9
 0001:00043D74 00002716 C=CODE    S=_TEXT    G=(none)   M=C:\XHARBOUR997\LIB\RTL.LIB|set ACBP=A9
 0001:0004648C 000000E6 C=CODE    S=_TEXT    G=(none)   M=C:\XHARBOUR997\LIB\RTL.LIB|setcolor ACBP=A9
 0001:00046574 0000005C C=CODE    S=_TEXT    G=(none)   M=C:\XHARBOUR997\LIB\RTL.LIB|setcurs ACBP=A9
 0001:000465D0 00000579 C=CODE    S=_TEXT    G=(none)   M=C:\XHARBOUR997\LIB\RTL.LIB|setkey ACBP=A9
 0001:00046B4C 0000007D C=CODE    S=_TEXT    G=(none)   M=C:\XHARBOUR997\LIB\RTL.LIB|setpos ACBP=A9
 0001:00046BCC 0000002C C=CODE    S=_TEXT    G=(none)   M=C:\XHARBOUR997\LIB\RTL.LIB|setposbs ACBP=A9
 0001:00046BF8 00000079 C=CODE    S=_TEXT    G=(none)   M=C:\XHARBOUR997\LIB\RTL.LIB|space ACBP=A9
 0001:00046C74 00000224 C=CODE    S=_TEXT    G=(none)   M=C:\XHARBOUR997\LIB\RTL.LIB|spfiles ACBP=A9
 0001:00046E98 00000191 C=CODE    S=_TEXT    G=(none)   M=C:\XHARBOUR997\LIB\RTL.LIB|str ACBP=A9
 0001:0004702C 0000029E C=CODE    S=_TEXT    G=(none)   M=C:\XHARBOUR997\LIB\RTL.LIB|strcase ACBP=A9
 0001:000472CC 0000012B C=CODE    S=_TEXT    G=(none)   M=C:\XHARBOUR997\LIB\RTL.LIB|strdel ACBP=A9
 0001:000473F8 00000035 C=CODE    S=_TEXT    G=(none)   M=C:\XHARBOUR997\LIB\RTL.LIB|strings ACBP=A9
 0001:00047430 00000424 C=CODE    S=_TEXT    G=(none)   M=C:\XHARBOUR997\LIB\RTL.LIB|strmatch ACBP=A9
 0001:00047854 000002DB C=CODE    S=_TEXT    G=(none)   M=C:\XHARBOUR997\LIB\RTL.LIB|strtran ACBP=A9
 0001:00047B30 00000124 C=CODE    S=_TEXT    G=(none)   M=C:\XHARBOUR997\LIB\RTL.LIB|strzero ACBP=A9
 0001:00047C54 00000168 C=CODE    S=_TEXT    G=(none)   M=C:\XHARBOUR997\LIB\RTL.LIB|stuff ACBP=A9
 0001:00047DBC 00000124 C=CODE    S=_TEXT    G=(none)   M=C:\XHARBOUR997\LIB\RTL.LIB|substr ACBP=A9
 0001:00047EE0 00000218 C=CODE    S=_TEXT    G=(none)   M=C:\XHARBOUR997\LIB\RTL.LIB|teditorl ACBP=A9
 0001:000480F8 00000058 C=CODE    S=_TEXT    G=(none)   M=C:\XHARBOUR997\LIB\RTL.LIB|tone ACBP=A9
 0001:00048150 00000B6D C=CODE    S=_TEXT    G=(none)   M=C:\XHARBOUR997\LIB\RTL.LIB|tprinter ACBP=A9
 0001:00048CC0 00000130 C=CODE    S=_TEXT    G=(none)   M=C:\XHARBOUR997\LIB\RTL.LIB|trace ACBP=A9
 0001:00048DF0 000018E4 C=CODE    S=_TEXT    G=(none)   M=C:\XHARBOUR997\LIB\RTL.LIB|transfrm ACBP=A9
 0001:0004A6D4 0000021C C=CODE    S=_TEXT    G=(none)   M=C:\XHARBOUR997\LIB\RTL.LIB|trim ACBP=A9
 0001:0004A8F0 00000F92 C=CODE    S=_TEXT    G=(none)   M=C:\XHARBOUR997\LIB\RTL.LIB|txtline ACBP=A9
 0001:0004B884 00000066 C=CODE    S=_TEXT    G=(none)   M=C:\XHARBOUR997\LIB\RTL.LIB|type ACBP=A9
 0001:0004B8EC 00000091 C=CODE    S=_TEXT    G=(none)   M=C:\XHARBOUR997\LIB\RTL.LIB|val ACBP=A9
 0001:0004B980 00000049 C=CODE    S=_TEXT    G=(none)   M=C:\XHARBOUR997\LIB\RTL.LIB|valtostr ACBP=A9
 0001:0004B9CC 00000270 C=CODE    S=_TEXT    G=(none)   M=C:\XHARBOUR997\LIB\RTL.LIB|valtype ACBP=A9
 0001:0004BC3C 0000035C C=CODE    S=_TEXT    G=(none)   M=C:\XHARBOUR997\LIB\RTL.LIB|version ACBP=A9
 0001:0004BF98 00000042 C=CODE    S=_TEXT    G=(none)   M=C:\XHARBOUR997\LIB\RTL.LIB|word ACBP=A9
 0001:0004BFDC 00000057 C=CODE    S=_TEXT    G=(none)   M=C:\XHARBOUR997\LIB\RTL.LIB|xhelp ACBP=A9
 0001:0004C034 000000DE C=CODE    S=_TEXT    G=(none)   M=C:\XHARBOUR997\LIB\RTL.LIB|xsavescr ACBP=A9
 0001:0004C114 00000234 C=CODE    S=_TEXT    G=(none)   M=C:\XHARBOUR997\LIB\RTL.LIB|achoice ACBP=A9
 0001:0004C348 0000007A C=CODE    S=_TEXT    G=(none)   M=C:\XHARBOUR997\LIB\RTL.LIB|alert ACBP=A9
 0001:0004C3C4 00000032 C=CODE    S=_TEXT    G=(none)   M=C:\XHARBOUR997\LIB\RTL.LIB|browdb ACBP=A9
 0001:0004C3F8 0000016A C=CODE    S=_TEXT    G=(none)   M=C:\XHARBOUR997\LIB\RTL.LIB|color53 ACBP=A9
 0001:0004C564 000000AA C=CODE    S=_TEXT    G=(none)   M=C:\XHARBOUR997\LIB\RTL.LIB|cstr ACBP=A9
 0001:0004C610 00000032 C=CODE    S=_TEXT    G=(none)   M=C:\XHARBOUR997\LIB\RTL.LIB|devoutp ACBP=A9
 0001:0004C644 0000007A C=CODE    S=_TEXT    G=(none)   M=C:\XHARBOUR997\LIB\RTL.LIB|getlist ACBP=A9
 0001:0004C6C0 00000242 C=CODE    S=_TEXT    G=(none)   M=C:\XHARBOUR997\LIB\RTL.LIB|getsys ACBP=A9
 0001:0004C904 00000062 C=CODE    S=_TEXT    G=(none)   M=C:\XHARBOUR997\LIB\RTL.LIB|hbserial ACBP=A9
 0001:0004C968 00000396 C=CODE    S=_TEXT    G=(none)   M=C:\XHARBOUR997\LIB\RTL.LIB|listbox ACBP=A9
 0001:0004CD00 00000032 C=CODE    S=_TEXT    G=(none)   M=C:\XHARBOUR997\LIB\RTL.LIB|memvarbl ACBP=A9
 0001:0004CD34 0000007A C=CODE    S=_TEXT    G=(none)   M=C:\XHARBOUR997\LIB\RTL.LIB|menuto ACBP=A9
 0001:0004CDB0 0000010A C=CODE    S=_TEXT    G=(none)   M=C:\XHARBOUR997\LIB\RTL.LIB|mssgline ACBP=A9
 0001:0004CEBC 00000212 C=CODE    S=_TEXT    G=(none)   M=C:\XHARBOUR997\LIB\RTL.LIB|objfunc ACBP=A9
 0001:0004D0D0 0000004A C=CODE    S=_TEXT    G=(none)   M=C:\XHARBOUR997\LIB\RTL.LIB|readvar ACBP=A9
 0001:0004D11C 00000182 C=CODE    S=_TEXT    G=(none)   M=C:\XHARBOUR997\LIB\RTL.LIB|scrollbr ACBP=A9
 0001:0004D2A0 000000C2 C=CODE    S=_TEXT    G=(none)   M=C:\XHARBOUR997\LIB\RTL.LIB|tbcolumn ACBP=A9
 0001:0004D364 00000756 C=CODE    S=_TEXT    G=(none)   M=C:\XHARBOUR997\LIB\RTL.LIB|tbrowse ACBP=A9
 0001:0004DABC 0000040E C=CODE    S=_TEXT    G=(none)   M=C:\XHARBOUR997\LIB\RTL.LIB|tclass ACBP=A9
 0001:0004DECC 0000004A C=CODE    S=_TEXT    G=(none)   M=C:\XHARBOUR997\LIB\RTL.LIB|terror ACBP=A9
 0001:0004DF18 0000043E C=CODE    S=_TEXT    G=(none)   M=C:\XHARBOUR997\LIB\RTL.LIB|tget ACBP=A9
 0001:0004E358 00000062 C=CODE    S=_TEXT    G=(none)   M=C:\XHARBOUR997\LIB\RTL.LIB|tgetint ACBP=A9
 0001:0004E3BC 000002A6 C=CODE    S=_TEXT    G=(none)   M=C:\XHARBOUR997\LIB\RTL.LIB|tgetlist ACBP=A9
 0001:0004E664 000000DA C=CODE    S=_TEXT    G=(none)   M=C:\XHARBOUR997\LIB\RTL.LIB|tobject ACBP=A9
 0001:0004E740 0000004A C=CODE    S=_TEXT    G=(none)   M=C:\XHARBOUR997\LIB\RTL.LIB|traceprg ACBP=A9
 0001:0004E78C 00002591 C=CODE    S=_TEXT    G=(none)   M=C:\XHARBOUR997\LIB\RTL.LIB|win32ole ACBP=A9
 0001:00050D20 000003D3 C=CODE    S=_TEXT    G=(none)   M=C:\XHARBOUR997\LIB\RTL.LIB|winos ACBP=A9
 0001:000510F4 0000032E C=CODE    S=_TEXT    G=(none)   M=C:\XHARBOUR997\LIB\RTL.LIB|winreg ACBP=A9
 0001:00051424 00006006 C=CODE    S=_TEXT    G=(none)   M=C:\XHARBOUR997\LIB\RDD.LIB|dbcmd ACBP=A9
 0001:0005742C 00001A7B C=CODE    S=_TEXT    G=(none)   M=C:\XHARBOUR997\LIB\RDD.LIB|workarea ACBP=A9
 0001:00058EA8 00005FD8 C=CODE    S=_TEXT    G=(none)   M=C:\XHARBOUR997\LIB\RDD.LIB|dbf1 ACBP=A9
 0001:0005EE80 00000695 C=CODE    S=_TEXT    G=(none)   M=C:\XHARBOUR997\LIB\RDD.LIB|hbdbsort ACBP=A9
 0001:0005F518 000000DA C=CODE    S=_TEXT    G=(none)   M=C:\XHARBOUR997\LIB\RDD.LIB|rddord ACBP=A9
 0001:0005F5F4 00000032 C=CODE    S=_TEXT    G=(none)   M=C:\XHARBOUR997\LIB\RDD.LIB|rddsys ACBP=A9
 0001:0005F628 000041D9 C=CODE    S=_TEXT    G=(none)   M=C:\XHARBOUR997\LIB\MACRO.LIB|macroy ACBP=A9
 0001:00063804 00000319 C=CODE    S=_TEXT    G=(none)   M=C:\XHARBOUR997\LIB\MACRO.LIB|macroa ACBP=A9
 0001:00063B20 000058A1 C=CODE    S=_TEXT    G=(none)   M=C:\XHARBOUR997\LIB\MACRO.LIB|macrob ACBP=A9
 0001:000693C4 000007E8 C=CODE    S=_TEXT    G=(none)   M=C:\XHARBOUR997\LIB\MACRO.LIB|macroc ACBP=A9
 0001:00069BAC 00001CCE C=CODE    S=_TEXT    G=(none)   M=C:\XHARBOUR997\LIB\MACRO.LIB|macroslx ACBP=A9
 0001:0006B87C 0000A74C C=CODE    S=_TEXT    G=(none)   M=C:\XHARBOUR997\LIB\DBFNTX.LIB|dbfntx1 ACBP=A9
 0001:00075FC8 00006620 C=CODE    S=_TEXT    G=(none)   M=C:\XHARBOUR997\LIB\DBFFPT.LIB|dbffpt1 ACBP=A9
 0001:0007C5E8 0000CC94 C=CODE    S=_TEXT    G=(none)   M=C:\XHARBOUR997\LIB\DBFCDX.LIB|dbfcdx1 ACBP=A9
 0001:0008927C 0000018C C=CODE    S=_TEXT    G=(none)   M=C:\XHARBOUR997\LIB\WVWTOOLS.LIB|gchckbox ACBP=A9
 0001:00089408 000003CB C=CODE    S=_TEXT    G=(none)   M=C:\XHARBOUR997\LIB\WVWTOOLS.LIB|getsys ACBP=A9
 0001:000897D4 00000481 C=CODE    S=_TEXT    G=(none)   M=C:\XHARBOUR997\LIB\WVWTOOLS.LIB|glistbox ACBP=A9
 0001:00089C58 000001A6 C=CODE    S=_TEXT    G=(none)   M=C:\XHARBOUR997\LIB\WVWTOOLS.LIB|gpushbtn ACBP=A9
 0001:00089E00 00000228 C=CODE    S=_TEXT    G=(none)   M=C:\XHARBOUR997\LIB\WVWTOOLS.LIB|gradigrp ACBP=A9
 0001:0008A028 00019F0E C=CODE    S=_TEXT    G=(none)   M=C:\XHARBOUR997\LIB\WVWTOOLS.LIB|gtwvw ACBP=A9
 0001:000A3F38 00000088 C=CODE    S=_TEXT    G=(none)   M=C:\XHARBOUR997\LIB\WVWTOOLS.LIB|middlwvw ACBP=A9
 0001:000A3FC0 00000172 C=CODE    S=_TEXT    G=(none)   M=C:\XHARBOUR997\LIB\WVWTOOLS.LIB|tappl ACBP=A9
 0001:000A4134 00000315 C=CODE    S=_TEXT    G=(none)   M=C:\XHARBOUR997\LIB\WVWTOOLS.LIB|tgetlist ACBP=A9
 0001:000A444C 00000481 C=CODE    S=_TEXT    G=(none)   M=C:\XHARBOUR997\LIB\WVWTOOLS.LIB|ttabpage ACBP=A9
 0001:000A48D0 00000794 C=CODE    S=_TEXT    G=(none)   M=C:\XHARBOUR997\LIB\WVWTOOLS.LIB|twindows ACBP=A9
 0001:000A5064 000003AB C=CODE    S=_TEXT    G=(none)   M=C:\XHARBOUR997\LIB\WVWTOOLS.LIB|winapi ACBP=A9
 0001:000A5410 000003A3 C=CODE    S=_TEXT    G=(none)   M=C:\XHARBOUR997\LIB\WVWTOOLS.LIB|wvwmisc ACBP=A9
 0001:000A57B4 0000195A C=CODE    S=_TEXT    G=(none)   M=C:\SQLRDD997\LIB\BC5\SQL.LIB|sqly ACBP=A9
 0001:000A7110 000002FB C=CODE    S=_TEXT    G=(none)   M=C:\SQLRDD997\LIB\BC5\SQL.LIB|sqlconnection ACBP=A9
 0001:000A740C 00000922 C=CODE    S=_TEXT    G=(none)   M=C:\SQLRDD997\LIB\BC5\SQL.LIB|sqlrdd0 ACBP=A9
 0001:000A7D30 00000AE7 C=CODE    S=_TEXT    G=(none)   M=C:\SQLRDD997\LIB\BC5\SQL.LIB|sqlrdd2 ACBP=A9
 0001:000A8818 00000748 C=CODE    S=_TEXT    G=(none)   M=C:\SQLRDD997\LIB\BC5\SQL.LIB|utils ACBP=A9
 0001:000A8F60 000002CF C=CODE    S=_TEXT    G=(none)   M=C:\SQLRDD997\LIB\BC5\SQL.LIB|sqlgen1 ACBP=A9
 0001:000A9230 0000013A C=CODE    S=_TEXT    G=(none)   M=C:\SQLRDD997\LIB\BC5\SQL.LIB|utilslang ACBP=A9
 0001:000A936C 00000172 C=CODE    S=_TEXT    G=(none)   M=C:\SQLRDD997\LIB\BC5\SQL.LIB|sqlfirebird ACBP=A9
 0001:000A94E0 00001088 C=CODE    S=_TEXT    G=(none)   M=C:\SQLRDD997\LIB\BC5\SQL.LIB|sqlact ACBP=A9
 0001:000AA568 000021CD C=CODE    S=_TEXT    G=(none)   M=C:\SQLRDD997\LIB\BC5\SQL.LIB|firebird ACBP=A9
 0001:000AC738 00001646 C=CODE    S=_TEXT    G=(none)   M=C:\SQLRDD997\LIB\BC5\SQL.LIB|sqllex ACBP=A9
 0001:000ADD80 000050D5 C=CODE    S=_TEXT    G=(none)   M=C:\SQLRDD997\LIB\BC5\SQL.LIB|sqlrdd1 ACBP=A9
 0001:000B2E58 0000EBA9 C=CODE    S=_TEXT    G=(none)   M=C:\SQLRDD997\LIB\BC5\SQL.LIB|sqlora ACBP=A9
 0001:000C1A04 000002B7 C=CODE    S=_TEXT    G=(none)   M=C:\XHARBOUR997\LIB\COMMON.LIB|hbfsapi ACBP=A9
 0001:000C1CBC 00000033 C=CODE    S=_TEXT    G=(none)   M=C:\XHARBOUR997\LIB\COMMON.LIB|hbgete ACBP=A9
 0001:000C1CF0 00000CFB C=CODE    S=_TEXT    G=(none)   M=C:\XHARBOUR997\LIB\COMMON.LIB|hbstr ACBP=A9
 0001:000C29EC 00000225 C=CODE    S=_TEXT    G=(none)   M=C:\XHARBOUR997\LIB\COMMON.LIB|hbtrace ACBP=A9
 0001:000C2C14 00000EF6 C=CODE    S=_TEXT    G=(none)   M=C:\XHARBOUR997\LIB\COMMON.LIB|hbver ACBP=A9
 0001:000C3B0C 00000862 C=CODE    S=_TEXT    G=(none)   M=C:\XHARBOUR997\LIB\COMMON.LIB|expropt1 ACBP=A9
 0001:000C4370 000011E4 C=CODE    S=_TEXT    G=(none)   M=C:\XHARBOUR997\LIB\COMMON.LIB|expropt2 ACBP=A9
 0001:000C5554 00000060 C=CODE    S=_TEXT    G=(none)   M=C:\XHARBOUR997\LIB\COMMON.LIB|reserved ACBP=A9
 0001:000C55B4 00000010 C=CODE    S=_TEXT    G=(none)   M=C:\XHARBOUR997\LIB\CODEPAGE.LIB|cpesdos ACBP=A9
 0001:000C55C4 00000010 C=CODE    S=_TEXT    G=(none)   M=C:\XHARBOUR997\LIB\CODEPAGE.LIB|cpesmwin ACBP=A9
 0001:000C55D4 00000010 C=CODE    S=_TEXT    G=(none)   M=C:\XHARBOUR997\LIB\CODEPAGE.LIB|cpeswin ACBP=A9
 0001:000C55E4 00000010 C=CODE    S=_TEXT    G=(none)   M=C:\XHARBOUR997\LIB\CODEPAGE.LIB|cppt850 ACBP=A9
 0001:000C55F4 0000033A C=CODE    S=_TEXT    G=(none)   M=C:\XHARBOUR997\LIB\PCREPOS.LIB|pcreposix ACBP=A9
 0001:000C5930 00004761 C=CODE    S=_TEXT    G=(none)   M=C:\XHARBOUR997\LIB\PCREPOS.LIB|pcre_compile ACBP=A9
 0001:000CA094 00005B5B C=CODE    S=_TEXT    G=(none)   M=C:\XHARBOUR997\LIB\PCREPOS.LIB|pcre_exec ACBP=A9
 0001:000CFBF0 0000007B C=CODE    S=_TEXT    G=(none)   M=C:\XHARBOUR997\LIB\PCREPOS.LIB|pcre_info ACBP=A9
 0001:000CFC6C 0000004D C=CODE    S=_TEXT    G=(none)   M=C:\XHARBOUR997\LIB\PCREPOS.LIB|pcre_ord2utf8 ACBP=A9
 0001:000CFCBC 0000017B C=CODE    S=_TEXT    G=(none)   M=C:\XHARBOUR997\LIB\PCREPOS.LIB|pcre_try_flipped ACBP=A9
 0001:000CFE38 00000137 C=CODE    S=_TEXT    G=(none)   M=C:\XHARBOUR997\LIB\PCREPOS.LIB|pcre_ucp_findchar ACBP=A9
 0001:000CFF70 0000013B C=CODE    S=_TEXT    G=(none)   M=C:\XHARBOUR997\LIB\PCREPOS.LIB|pcre_valid_utf8 ACBP=A9
 0001:000D00AC 00000219 C=CODE    S=_TEXT    G=(none)   M=C:\XHARBOUR997\LIB\PCREPOS.LIB|pcre_xclass ACBP=A9
 0001:000D02C8 000003B5 C=CODE    S=_TEXT    G=(none)   M=C:\XHARBOUR997\LIB\HBSIX.LIB|sxcrypt ACBP=A9
 0001:000D0680 000000E8 C=CODE    S=_TEXT    G=(none)   M=C:\XHARBOUR997\LIB\HBSIX.LIB|sxdate ACBP=A9
 0001:000D0768 0000002B C=CODE    S=_TEXT    G=(none)   M=C:\BORLAND\BCC55\LIB\CW32.LIB|calloc ACBP=A9
 0001:000D0794 0000000F C=CODE    S=_TEXT    G=(none)   M=C:\BORLAND\BCC55\LIB\CW32.LIB|del ACBP=A9
 0001:000D07A4 0000000F C=CODE    S=_TEXT    G=(none)   M=C:\BORLAND\BCC55\LIB\CW32.LIB|delarray ACBP=A9
 0001:000D07B4 00000111 C=CODE    S=_TEXT    G=(none)   M=C:\BORLAND\BCC55\LIB\CW32.LIB|virtmem ACBP=A9
 0001:000D08C8 0000009F C=CODE    S=_TEXT    G=(none)   M=C:\BORLAND\BCC55\LIB\CW32.LIB|hrdir_b ACBP=A9
 0001:000D0968 00000020 C=CODE    S=_TEXT    G=(none)   M=C:\BORLAND\BCC55\LIB\CW32.LIB|hrdir_mf ACBP=A9
 0001:000D0988 00000016 C=CODE    S=_TEXT    G=(none)   M=C:\BORLAND\BCC55\LIB\CW32.LIB|hrdir_r ACBP=A9
 0001:000D09A0 000000B8 C=CODE    S=_TEXT    G=(none)   M=C:\BORLAND\BCC55\LIB\CW32.LIB|hrdir_s ACBP=A9
 0001:000D0A58 00000001 C=CODE    S=_TEXT    G=(none)   M=C:\BORLAND\BCC55\LIB\CW32.LIB|hrdir_us ACBP=A9
 0001:000D0A5C 000009CC C=CODE    S=_TEXT    G=(none)   M=C:\BORLAND\BCC55\LIB\CW32.LIB|heap ACBP=A9
 0001:000D1428 00000292 C=CODE    S=_TEXT    G=(none)   M=C:\BORLAND\BCC55\LIB\CW32.LIB|realloc ACBP=A9
 0001:000D16BC 00000001 C=CODE    S=_TEXT    G=(none)   M=C:\BORLAND\BCC55\LIB\CW32.LIB|crtlst_i ACBP=A9
 0001:000D16C0 00000001 C=CODE    S=_TEXT    G=(none)   M=C:\BORLAND\BCC55\LIB\CW32.LIB|crtlst_l ACBP=A9
 0001:000D16C4 0000001E C=CODE    S=_TEXT    G=(none)   M=C:\BORLAND\BCC55\LIB\CW32.LIB|memchr ACBP=A9
 0001:000D16E4 00000024 C=CODE    S=_TEXT    G=(none)   M=C:\BORLAND\BCC55\LIB\CW32.LIB|memcpy ACBP=A9
 0001:000D1708 0000004A C=CODE    S=_TEXT    G=(none)   M=C:\BORLAND\BCC55\LIB\CW32.LIB|memmove ACBP=A9
 0001:000D1754 0000008A C=CODE    S=_TEXT    G=(none)   M=C:\BORLAND\BCC55\LIB\CW32.LIB|memset ACBP=A9
 0001:000D17E0 00000018 C=CODE    S=_TEXT    G=(none)   M=C:\BORLAND\BCC55\LIB\CW32.LIB|wmemset ACBP=A9
 0001:000D17F8 0000003C C=CODE    S=_TEXT    G=(none)   M=C:\BORLAND\BCC55\LIB\CW32.LIB|strcat ACBP=A9
 0001:000D1834 00000053 C=CODE    S=_TEXT    G=(none)   M=C:\BORLAND\BCC55\LIB\CW32.LIB|strchr ACBP=A9
 0001:000D1888 0000004B C=CODE    S=_TEXT    G=(none)   M=C:\BORLAND\BCC55\LIB\CW32.LIB|strcmp ACBP=A9
 0001:000D18D4 0000002F C=CODE    S=_TEXT    G=(none)   M=C:\BORLAND\BCC55\LIB\CW32.LIB|strcpy ACBP=A9
 0001:000D1904 0000005A C=CODE    S=_TEXT    G=(none)   M=C:\BORLAND\BCC55\LIB\CW32.LIB|strlen ACBP=A9
 0001:000D1960 0000006E C=CODE    S=_TEXT    G=(none)   M=C:\BORLAND\BCC55\LIB\CW32.LIB|strncat ACBP=A9
 0001:000D19D0 00000027 C=CODE    S=_TEXT    G=(none)   M=C:\BORLAND\BCC55\LIB\CW32.LIB|strncmp ACBP=A9
 0001:000D19F8 0000006C C=CODE    S=_TEXT    G=(none)   M=C:\BORLAND\BCC55\LIB\CW32.LIB|memcmp ACBP=A9
 0001:000D1A64 000000B7 C=CODE    S=_TEXT    G=(none)   M=C:\BORLAND\BCC55\LIB\CW32.LIB|strerror ACBP=A9
 0001:000D1B1C 0000004F C=CODE    S=_TEXT    G=(none)   M=C:\BORLAND\BCC55\LIB\CW32.LIB|strncpy ACBP=A9
 0001:000D1B6C 0000002B C=CODE    S=_TEXT    G=(none)   M=C:\BORLAND\BCC55\LIB\CW32.LIB|strpbrk ACBP=A9
 0001:000D1B98 00000029 C=CODE    S=_TEXT    G=(none)   M=C:\BORLAND\BCC55\LIB\CW32.LIB|strrchr ACBP=A9
 0001:000D1BC4 00000054 C=CODE    S=_TEXT    G=(none)   M=C:\BORLAND\BCC55\LIB\CW32.LIB|strstr ACBP=A9
 0001:000D1C18 00000067 C=CODE    S=_TEXT    G=(none)   M=C:\BORLAND\BCC55\LIB\CW32.LIB|strtok ACBP=A9
 0001:000D1C80 00000037 C=CODE    S=_TEXT    G=(none)   M=C:\BORLAND\BCC55\LIB\CW32.LIB|_stpcpy ACBP=A9
 0001:000D1CB8 00000018 C=CODE    S=_TEXT    G=(none)   M=C:\BORLAND\BCC55\LIB\CW32.LIB|wcslen ACBP=A9
 0001:000D1CD0 0000003F C=CODE    S=_TEXT    G=(none)   M=C:\BORLAND\BCC55\LIB\CW32.LIB|wcscpy ACBP=A9
 0001:000D1D10 00000070 C=CODE    S=_TEXT    G=(none)   M=C:\BORLAND\BCC55\LIB\CW32.LIB|xxa ACBP=A9
 0001:000D1D80 00000778 C=CODE    S=_TEXT    G=(none)   M=C:\BORLAND\BCC55\LIB\CW32.LIB|xxtype ACBP=A9
 0001:000D24D2 000000B6 C=CODE    S=_TEXT    G=(none)   M=C:\BORLAND\BCC55\LIB\CW32.LIB|xxut ACBP=A9
 0001:000D2574 0000014B C=CODE    S=_TEXT    G=(none)   M=C:\BORLAND\BCC55\LIB\CW32.LIB|xxv ACBP=A9
 0001:000D26C0 0000000A C=CODE    S=_TEXT    G=(none)   M=C:\BORLAND\BCC55\LIB\CW32.LIB|defhandl ACBP=A9
 0001:000D26CC 00000179 C=CODE    S=_TEXT    G=(none)   M=C:\BORLAND\BCC55\LIB\CW32.LIB|except ACBP=A9
 0001:000D2848 00000046 C=CODE    S=_TEXT    G=(none)   M=C:\BORLAND\BCC55\LIB\CW32.LIB|setexc ACBP=A9
 0001:000D2890 00000022 C=CODE    S=_TEXT    G=(none)   M=C:\BORLAND\BCC55\LIB\CW32.LIB|ta ACBP=A9
 0001:000D28B4 0000003C C=CODE    S=_TEXT    G=(none)   M=C:\BORLAND\BCC55\LIB\CW32.LIB|__access ACBP=A9
 0001:000D28F0 00000060 C=CODE    S=_TEXT    G=(none)   M=C:\BORLAND\BCC55\LIB\CW32.LIB|__close ACBP=A9
 0001:000D2950 00000013 C=CODE    S=_TEXT    G=(none)   M=C:\BORLAND\BCC55\LIB\CW32.LIB|__dup ACBP=A9
 0001:000D2964 000000EF C=CODE    S=_TEXT    G=(none)   M=C:\BORLAND\BCC55\LIB\CW32.LIB|__dup2 ACBP=A9
 0001:000D2A54 00000086 C=CODE    S=_TEXT    G=(none)   M=C:\BORLAND\BCC55\LIB\CW32.LIB|__eof ACBP=A9
 0001:000D2ADC 00000047 C=CODE    S=_TEXT    G=(none)   M=C:\BORLAND\BCC55\LIB\CW32.LIB|__isatty ACBP=A9
 0001:000D2B24 00000076 C=CODE    S=_TEXT    G=(none)   M=C:\BORLAND\BCC55\LIB\CW32.LIB|__lseek ACBP=A9
 0001:000D2B9C 000001FA C=CODE    S=_TEXT    G=(none)   M=C:\BORLAND\BCC55\LIB\CW32.LIB|__open ACBP=A9
 0001:000D2D98 0000019A C=CODE    S=_TEXT    G=(none)   M=C:\BORLAND\BCC55\LIB\CW32.LIB|__read ACBP=A9
 0001:000D2F34 0000011C C=CODE    S=_TEXT    G=(none)   M=C:\BORLAND\BCC55\LIB\CW32.LIB|__write ACBP=A9
 0001:000D3050 00000011 C=CODE    S=_TEXT    G=(none)   M=C:\BORLAND\BCC55\LIB\CW32.LIB|_cfinfo ACBP=A9
 0001:000D3064 00000038 C=CODE    S=_TEXT    G=(none)   M=C:\BORLAND\BCC55\LIB\CW32.LIB|_flshall ACBP=A9
 0001:000D309C 00000061 C=CODE    S=_TEXT    G=(none)   M=C:\BORLAND\BCC55\LIB\CW32.LIB|_read ACBP=A9
 0001:000D3100 00000008 C=CODE    S=_TEXT    G=(none)   M=C:\BORLAND\BCC55\LIB\CW32.LIB|_stat ACBP=A9
 0001:000D3108 00000017 C=CODE    S=_TEXT    G=(none)   M=C:\BORLAND\BCC55\LIB\CW32.LIB|_umask ACBP=A9
 0001:000D3108 00000061 C=CODE    S=_TEXT    G=(none)   M=C:\BORLAND\BCC55\LIB\CW32.LIB|_write ACBP=A9
 0001:000D316C 00000008 C=CODE    S=_TEXT    G=(none)   M=C:\BORLAND\BCC55\LIB\CW32.LIB|access ACBP=A9
 0001:000D3174 0000007D C=CODE    S=_TEXT    G=(none)   M=C:\BORLAND\BCC55\LIB\CW32.LIB|allocbuf ACBP=A9
 0001:000D31F4 0000009B C=CODE    S=_TEXT    G=(none)   M=C:\BORLAND\BCC55\LIB\CW32.LIB|chdrive ACBP=A9
 0001:000D3290 00000008 C=CODE    S=_TEXT    G=(none)   M=C:\BORLAND\BCC55\LIB\CW32.LIB|close ACBP=A9
 0001:000D3298 00000008 C=CODE    S=_TEXT    G=(none)   M=C:\BORLAND\BCC55\LIB\CW32.LIB|dup ACBP=A9
 0001:000D32A0 00000008 C=CODE    S=_TEXT    G=(none)   M=C:\BORLAND\BCC55\LIB\CW32.LIB|eof ACBP=A9
 0001:000D32A8 0000008E C=CODE    S=_TEXT    G=(none)   M=C:\BORLAND\BCC55\LIB\CW32.LIB|fclose ACBP=A9
 0001:000D3338 0000007F C=CODE    S=_TEXT    G=(none)   M=C:\BORLAND\BCC55\LIB\CW32.LIB|fflush ACBP=A9
 0001:000D33B8 0000005A C=CODE    S=_TEXT    G=(none)   M=C:\BORLAND\BCC55\LIB\CW32.LIB|flushout ACBP=A9
 0001:000D3414 00000023 C=CODE    S=_TEXT    G=(none)   M=C:\BORLAND\BCC55\LIB\CW32.LIB|fmodeptr ACBP=A9
 0001:000D3438 000001DD C=CODE    S=_TEXT    G=(none)   M=C:\BORLAND\BCC55\LIB\CW32.LIB|fopen ACBP=A9
 0001:000D3618 00000022 C=CODE    S=_TEXT    G=(none)   M=C:\BORLAND\BCC55\LIB\CW32.LIB|fprintf ACBP=A9
 0001:000D363C 000000D9 C=CODE    S=_TEXT    G=(none)   M=C:\BORLAND\BCC55\LIB\CW32.LIB|fputn ACBP=A9
 0001:000D3718 00000056 C=CODE    S=_TEXT    G=(none)   M=C:\BORLAND\BCC55\LIB\CW32.LIB|fputs ACBP=A9
 0001:000D3770 00000163 C=CODE    S=_TEXT    G=(none)   M=C:\BORLAND\BCC55\LIB\CW32.LIB|fread ACBP=A9
 0001:000D38D4 0000013E C=CODE    S=_TEXT    G=(none)   M=C:\BORLAND\BCC55\LIB\CW32.LIB|fseek ACBP=A9
 0001:000D3A14 000000D4 C=CODE    S=_TEXT    G=(none)   M=C:\BORLAND\BCC55\LIB\CW32.LIB|fullpath ACBP=A9
 0001:000D3AE8 00000031 C=CODE    S=_TEXT    G=(none)   M=C:\BORLAND\BCC55\LIB\CW32.LIB|fwrite ACBP=A9
 0001:000D3B1C 000002B9 C=CODE    S=_TEXT    G=(none)   M=C:\BORLAND\BCC55\LIB\CW32.LIB|handles ACBP=A9
 0001:000D3DD8 00000076 C=CODE    S=_TEXT    G=(none)   M=C:\BORLAND\BCC55\LIB\CW32.LIB|ioerror ACBP=A9
 0001:000D3E50 00000008 C=CODE    S=_TEXT    G=(none)   M=C:\BORLAND\BCC55\LIB\CW32.LIB|isatty ACBP=A9
 0001:000D3E58 0000019E C=CODE    S=_TEXT    G=(none)   M=C:\BORLAND\BCC55\LIB\CW32.LIB|lgetc ACBP=A9
 0001:000D3FF8 00000110 C=CODE    S=_TEXT    G=(none)   M=C:\BORLAND\BCC55\LIB\CW32.LIB|lputc ACBP=A9
 0001:000D4108 00000091 C=CODE    S=_TEXT    G=(none)   M=C:\BORLAND\BCC55\LIB\CW32.LIB|mkname ACBP=A9
 0001:000D4199 00000079 C=CODE    S=_TEXT    G=(none)   M=C:\BORLAND\BCC55\LIB\CW32.LIB|perror ACBP=A9
 0001:000D419C 00000023 C=CODE    S=_TEXT    G=(none)   M=C:\BORLAND\BCC55\LIB\CW32.LIB|printf ACBP=A9
 0001:000D41C0 00000838 C=CODE    S=_TEXT    G=(none)   M=C:\BORLAND\BCC55\LIB\CW32.LIB|scanner ACBP=A9
 0001:000D49F8 0000022B C=CODE    S=_TEXT    G=(none)   M=C:\BORLAND\BCC55\LIB\CW32.LIB|scn2i64 ACBP=A9
 0001:000D4C24 0000006B C=CODE    S=_TEXT    G=(none)   M=C:\BORLAND\BCC55\LIB\CW32.LIB|setmode ACBP=A9
 0001:000D4C90 0000004D C=CODE    S=_TEXT    G=(none)   M=C:\BORLAND\BCC55\LIB\CW32.LIB|setvbuf ACBP=A9
 0001:000D4CE0 00000100 C=CODE    S=_TEXT    G=(none)   M=C:\BORLAND\BCC55\LIB\CW32.LIB|snprntf ACBP=A9
 0001:000D4DE0 00000078 C=CODE    S=_TEXT    G=(none)   M=C:\BORLAND\BCC55\LIB\CW32.LIB|sprintf ACBP=A9
 0001:000D4E58 00000073 C=CODE    S=_TEXT    G=(none)   M=C:\BORLAND\BCC55\LIB\CW32.LIB|sscanf ACBP=A9
 0001:000D4ECC 00000205 C=CODE    S=_TEXT    G=(none)   M=C:\BORLAND\BCC55\LIB\CW32.LIB|stat ACBP=A9
 0001:000D50D4 00000115 C=CODE    S=_TEXT    G=(none)   M=C:\BORLAND\BCC55\LIB\CW32.LIB|streams ACBP=A9
 0001:000D51EC 0000001A C=CODE    S=_TEXT    G=(none)   M=C:\BORLAND\BCC55\LIB\CW32.LIB|unlink ACBP=A9
 0001:000D5208 00000022 C=CODE    S=_TEXT    G=(none)   M=C:\BORLAND\BCC55\LIB\CW32.LIB|vfprintf ACBP=A9
 0001:000D522C 000009EC C=CODE    S=_TEXT    G=(none)   M=C:\BORLAND\BCC55\LIB\CW32.LIB|vprinter ACBP=A9
 0001:000D5C18 0000002E C=CODE    S=_TEXT    G=(none)   M=C:\BORLAND\BCC55\LIB\CW32.LIB|xfclose ACBP=A9
 0001:000D5C48 00000027 C=CODE    S=_TEXT    G=(none)   M=C:\BORLAND\BCC55\LIB\CW32.LIB|xfflush ACBP=A9
 0001:000D5C6F 00000006 C=CODE    S=_TEXT    G=(none)   M=C:\BORLAND\BCC55\LIB\CW32.LIB|cconv ACBP=A9
 0001:000D5C70 000002C3 C=CODE    S=_TEXT    G=(none)   M=C:\BORLAND\BCC55\LIB\CW32.LIB|convt ACBP=A9
 0001:000D5F34 00000051 C=CODE    S=_TEXT    G=(none)   M=C:\BORLAND\BCC55\LIB\CW32.LIB|getinfo ACBP=A9
 0001:000D5F88 00000102 C=CODE    S=_TEXT    G=(none)   M=C:\BORLAND\BCC55\LIB\CW32.LIB|is ACBP=A9
 0001:000D608C 00000103 C=CODE    S=_TEXT    G=(none)   M=C:\BORLAND\BCC55\LIB\CW32.LIB|wis ACBP=A9
 0001:000D6190 00000043 C=CODE    S=_TEXT    G=(none)   M=C:\BORLAND\BCC55\LIB\CW32.LIB|isctype ACBP=A9
 0001:000D61D4 00000055 C=CODE    S=_TEXT    G=(none)   M=C:\BORLAND\BCC55\LIB\CW32.LIB|iswctype ACBP=A9
 0001:000D622C 0000117F C=CODE    S=_TEXT    G=(none)   M=C:\BORLAND\BCC55\LIB\CW32.LIB|locale ACBP=A9
 0001:000D73AC 0000080E C=CODE    S=_TEXT    G=(none)   M=C:\BORLAND\BCC55\LIB\CW32.LIB|initcat ACBP=A9
 0001:000D7BBC 00000097 C=CODE    S=_TEXT    G=(none)   M=C:\BORLAND\BCC55\LIB\CW32.LIB|lconv ACBP=A9
 0001:000D7C54 00000024 C=CODE    S=_TEXT    G=(none)   M=C:\BORLAND\BCC55\LIB\CW32.LIB|lstrlwr ACBP=A9
 0001:000D7C78 00000054 C=CODE    S=_TEXT    G=(none)   M=C:\BORLAND\BCC55\LIB\CW32.LIB|ltolower ACBP=A9
 0001:000D7CCC 00000054 C=CODE    S=_TEXT    G=(none)   M=C:\BORLAND\BCC55\LIB\CW32.LIB|ltoupper ACBP=A9
 0001:000D7D20 000004D0 C=CODE    S=_TEXT    G=(none)   M=C:\BORLAND\BCC55\LIB\CW32.LIB|mbyte1 ACBP=A9
 0001:000D81F0 00000200 C=CODE    S=_TEXT    G=(none)   M=C:\BORLAND\BCC55\LIB\CW32.LIB|_ll ACBP=A9
 0001:000D83F0 0000001D C=CODE    S=_TEXT    G=(none)   M=C:\BORLAND\BCC55\LIB\CW32.LIB|_finite ACBP=A9
 0001:000D8410 00000045 C=CODE    S=_TEXT    G=(none)   M=C:\BORLAND\BCC55\LIB\CW32.LIB|_isnan ACBP=A9
 0001:000D8458 00000008 C=CODE    S=_TEXT    G=(none)   M=C:\BORLAND\BCC55\LIB\CW32.LIB|_ltoa1 ACBP=A9
 0001:000D8460 000000B0 C=CODE    S=_TEXT    G=(none)   M=C:\BORLAND\BCC55\LIB\CW32.LIB|_matherr ACBP=A9
 0001:000D8510 00000188 C=CODE    S=_TEXT    G=(none)   M=C:\BORLAND\BCC55\LIB\CW32.LIB|_pow10 ACBP=A9
 0001:000D8698 00000077 C=CODE    S=_TEXT    G=(none)   M=C:\BORLAND\BCC55\LIB\CW32.LIB|atol ACBP=A9
 0001:000D8710 0000001C C=CODE    S=_TEXT    G=(none)   M=C:\BORLAND\BCC55\LIB\CW32.LIB|ceil ACBP=A9
 0001:000D872C 00000013 C=CODE    S=_TEXT    G=(none)   M=C:\BORLAND\BCC55\LIB\CW32.LIB|clear87 ACBP=A9
 0001:000D8740 0000002F C=CODE    S=_TEXT    G=(none)   M=C:\BORLAND\BCC55\LIB\CW32.LIB|ctrl87 ACBP=A9
 0001:000D8770 00000018 C=CODE    S=_TEXT    G=(none)   M=C:\BORLAND\BCC55\LIB\CW32.LIB|cvtentry ACBP=A9
 0001:000D8788 00000018 C=CODE    S=_TEXT    G=(none)   M=C:\BORLAND\BCC55\LIB\CW32.LIB|cvtfak ACBP=A9
 0001:000D87A0 00000018 C=CODE    S=_TEXT    G=(none)   M=C:\BORLAND\BCC55\LIB\CW32.LIB|cvtfakw ACBP=A9
 0001:000D87B8 0000006C C=CODE    S=_TEXT    G=(none)   M=C:\BORLAND\BCC55\LIB\CW32.LIB|exp ACBP=A9
 0001:000D8824 000000CD C=CODE    S=_TEXT    G=(none)   M=C:\BORLAND\BCC55\LIB\CW32.LIB|f87exp ACBP=A9
 0001:000D88F4 00000048 C=CODE    S=_TEXT    G=(none)   M=C:\BORLAND\BCC55\LIB\CW32.LIB|f87log ACBP=A9
 0001:000D893C 0000004D C=CODE    S=_TEXT    G=(none)   M=C:\BORLAND\BCC55\LIB\CW32.LIB|fmod ACBP=A9
 0001:000D898C 00000016 C=CODE    S=_TEXT    G=(none)   M=C:\BORLAND\BCC55\LIB\CW32.LIB|fpreset ACBP=A9
 0001:000D89A4 00000028 C=CODE    S=_TEXT    G=(none)   M=C:\BORLAND\BCC55\LIB\CW32.LIB|ftol ACBP=A9
 0001:000D89CC 0000002D C=CODE    S=_TEXT    G=(none)   M=C:\BORLAND\BCC55\LIB\CW32.LIB|fuildq ACBP=A9
 0001:000D89FC 00000021 C=CODE    S=_TEXT    G=(none)   M=C:\BORLAND\BCC55\LIB\CW32.LIB|fuistq ACBP=A9
 0001:000D8A20 00000011 C=CODE    S=_TEXT    G=(none)   M=C:\BORLAND\BCC55\LIB\CW32.LIB|fxam ACBP=A9
 0001:000D8A34 000000B1 C=CODE    S=_TEXT    G=(none)   M=C:\BORLAND\BCC55\LIB\CW32.LIB|int64toa ACBP=A9
 0001:000D8AE8 00000117 C=CODE    S=_TEXT    G=(none)   M=C:\BORLAND\BCC55\LIB\CW32.LIB|ldtrunc ACBP=A9
 0001:000D8C00 0000006D C=CODE    S=_TEXT    G=(none)   M=C:\BORLAND\BCC55\LIB\CW32.LIB|log ACBP=A9
 0001:000D8C70 0000008F C=CODE    S=_TEXT    G=(none)   M=C:\BORLAND\BCC55\LIB\CW32.LIB|longtoa ACBP=A9
 0001:000D8D00 00000075 C=CODE    S=_TEXT    G=(none)   M=C:\BORLAND\BCC55\LIB\CW32.LIB|ltoa1 ACBP=A9
 0001:000D8D78 0000002E C=CODE    S=_TEXT    G=(none)   M=C:\BORLAND\BCC55\LIB\CW32.LIB|matherrl ACBP=A9
 0001:000D8DA8 00000016 C=CODE    S=_TEXT    G=(none)   M=C:\BORLAND\BCC55\LIB\CW32.LIB|mathptr ACBP=A9
 0001:000D8DC0 00000030 C=CODE    S=_TEXT    G=(none)   M=C:\BORLAND\BCC55\LIB\CW32.LIB|modf ACBP=A9
 0001:000D8DF0 000001DC C=CODE    S=_TEXT    G=(none)   M=C:\BORLAND\BCC55\LIB\CW32.LIB|pow ACBP=A9
 0001:000D8FCC 00000025 C=CODE    S=_TEXT    G=(none)   M=C:\BORLAND\BCC55\LIB\CW32.LIB|qdiv10 ACBP=A9
 0001:000D8FF4 0000002E C=CODE    S=_TEXT    G=(none)   M=C:\BORLAND\BCC55\LIB\CW32.LIB|qmul10 ACBP=A9
 0001:000D9024 0000008E C=CODE    S=_TEXT    G=(none)   M=C:\BORLAND\BCC55\LIB\CW32.LIB|rand ACBP=A9
 0001:000D90B4 000002F9 C=CODE    S=_TEXT    G=(none)   M=C:\BORLAND\BCC55\LIB\CW32.LIB|realcvt ACBP=A9
 0001:000D93B0 00000331 C=CODE    S=_TEXT    G=(none)   M=C:\BORLAND\BCC55\LIB\CW32.LIB|realcvtw ACBP=A9
 0001:000D96E4 0000002C C=CODE    S=_TEXT    G=(none)   M=C:\BORLAND\BCC55\LIB\CW32.LIB|round ACBP=A9
 0001:000D9710 000004E1 C=CODE    S=_TEXT    G=(none)   M=C:\BORLAND\BCC55\LIB\CW32.LIB|scantod ACBP=A9
 0001:000D9BF4 000004DD C=CODE    S=_TEXT    G=(none)   M=C:\BORLAND\BCC55\LIB\CW32.LIB|scanwtod ACBP=A9
 0001:000DA0D4 0000003A C=CODE    S=_TEXT    G=(none)   M=C:\BORLAND\BCC55\LIB\CW32.LIB|sqrt ACBP=A9
 0001:000DA110 000002D2 C=CODE    S=_TEXT    G=(none)   M=C:\BORLAND\BCC55\LIB\CW32.LIB|xcvt ACBP=A9
 0001:000DA3E4 000002F1 C=CODE    S=_TEXT    G=(none)   M=C:\BORLAND\BCC55\LIB\CW32.LIB|xcvtw ACBP=A9
 0001:000DA6D8 00000139 C=CODE    S=_TEXT    G=(none)   M=C:\BORLAND\BCC55\LIB\CW32.LIB|mbctype ACBP=A9
 0001:000DA814 0000003D C=CODE    S=_TEXT    G=(none)   M=C:\BORLAND\BCC55\LIB\CW32.LIB|mbisalp ACBP=A9
 0001:000DA854 0000001A C=CODE    S=_TEXT    G=(none)   M=C:\BORLAND\BCC55\LIB\CW32.LIB|mbisdgt ACBP=A9
 0001:000DA870 0000001A C=CODE    S=_TEXT    G=(none)   M=C:\BORLAND\BCC55\LIB\CW32.LIB|mbisspc ACBP=A9
 0001:000DA88C 0000009B C=CODE    S=_TEXT    G=(none)   M=C:\BORLAND\BCC55\LIB\CW32.LIB|mbsicmp ACBP=A9
 0001:000DA928 00000054 C=CODE    S=_TEXT    G=(none)   M=C:\BORLAND\BCC55\LIB\CW32.LIB|mbsnbcpy ACBP=A9
 0001:000DA97C 000000BF C=CODE    S=_TEXT    G=(none)   M=C:\BORLAND\BCC55\LIB\CW32.LIB|mbsnbicm ACBP=A9
 0001:000DAA3C 0000006C C=CODE    S=_TEXT    G=(none)   M=C:\BORLAND\BCC55\LIB\CW32.LIB|mbspbrk ACBP=A9
 0001:000DAAA8 00000056 C=CODE    S=_TEXT    G=(none)   M=C:\BORLAND\BCC55\LIB\CW32.LIB|mbsrchr ACBP=A9
 0001:000DAB00 0000001D C=CODE    S=_TEXT    G=(none)   M=C:\BORLAND\BCC55\LIB\CW32.LIB|mbtoupr ACBP=A9
 0001:000DAB20 000000A6 C=CODE    S=_TEXT    G=(none)   M=C:\BORLAND\BCC55\LIB\CW32.LIB|assert ACBP=A9
 0001:000DABC8 000000B8 C=CODE    S=_TEXT    G=(none)   M=C:\BORLAND\BCC55\LIB\CW32.LIB|ermsghlp ACBP=A9
 0001:000DAC80 00000006 C=CODE    S=_TEXT    G=(none)   M=C:\BORLAND\BCC55\LIB\CW32.LIB|errno ACBP=A9
 0001:000DAC80 0000019B C=CODE    S=_TEXT    G=(none)   M=C:\BORLAND\BCC55\LIB\CW32.LIB|errormsg ACBP=A9
 0001:000DAE1C 00000089 C=CODE    S=_TEXT    G=(none)   M=C:\BORLAND\BCC55\LIB\CW32.LIB|platform ACBP=A9
 0001:000DAEA8 00000236 C=CODE    S=_TEXT    G=(none)   M=C:\BORLAND\BCC55\LIB\CW32.LIB|qsort ACBP=A9
 0001:000DB0E0 00000022 C=CODE    S=_TEXT    G=(none)   M=C:\BORLAND\BCC55\LIB\CW32.LIB|abort ACBP=A9
 0001:000DB104 000000A7 C=CODE    S=_TEXT    G=(none)   M=C:\BORLAND\BCC55\LIB\CW32.LIB|exit ACBP=A9
 0001:000DB1AC 00000057 C=CODE    S=_TEXT    G=(none)   M=C:\BORLAND\BCC55\LIB\CW32.LIB|getenv ACBP=A9
 0001:000DB204 0000001A C=CODE    S=_TEXT    G=(none)   M=C:\BORLAND\BCC55\LIB\CW32.LIB|initwild ACBP=A9
 0001:000DB220 00000011 C=CODE    S=_TEXT    G=(none)   M=C:\BORLAND\BCC55\LIB\CW32.LIB|exparg ACBP=A9
 0001:000DB234 00000011 C=CODE    S=_TEXT    G=(none)   M=C:\BORLAND\BCC55\LIB\CW32.LIB|wexparg ACBP=A9
 0001:000DB248 00000027 C=CODE    S=_TEXT    G=(none)   M=C:\BORLAND\BCC55\LIB\CW32.LIB|initargv ACBP=A9
 0001:000DB270 0000016C C=CODE    S=_TEXT    G=(none)   M=C:\BORLAND\BCC55\LIB\CW32.LIB|setargv ACBP=A9
 0001:000DB3DC 000001E5 C=CODE    S=_TEXT    G=(none)   M=C:\BORLAND\BCC55\LIB\CW32.LIB|hsargv ACBP=A9
 0001:000DB5C4 00000227 C=CODE    S=_TEXT    G=(none)   M=C:\BORLAND\BCC55\LIB\CW32.LIB|whsargv ACBP=A9
 0001:000DB7EC 00000045 C=CODE    S=_TEXT    G=(none)   M=C:\BORLAND\BCC55\LIB\CW32.LIB|setargv0 ACBP=A9
 0001:000DB834 000001A0 C=CODE    S=_TEXT    G=(none)   M=C:\BORLAND\BCC55\LIB\CW32.LIB|setenvp ACBP=A9
 0001:000DB9D4 000002F8 C=CODE    S=_TEXT    G=(none)   M=C:\BORLAND\BCC55\LIB\CW32.LIB|signal ACBP=A9
 0001:000DBCCC 00000157 C=CODE    S=_TEXT    G=(none)   M=C:\BORLAND\BCC55\LIB\CW32.LIB|initexit ACBP=A9
 0001:000DBE24 000001A4 C=CODE    S=_TEXT    G=(none)   M=C:\BORLAND\BCC55\LIB\CW32.LIB|startup ACBP=A9
 0001:000DBFC8 0000004F C=CODE    S=_TEXT    G=(none)   M=C:\BORLAND\BCC55\LIB\CW32.LIB|tlsstat ACBP=A9
 0001:000DC018 000001A9 C=CODE    S=_TEXT    G=(none)   M=C:\BORLAND\BCC55\LIB\CW32.LIB|gmtime ACBP=A9
 0001:000DC1C4 000002A4 C=CODE    S=_TEXT    G=(none)   M=C:\BORLAND\BCC55\LIB\CW32.LIB|timefunc ACBP=A9
 0001:000DC468 00000006 C=CODE    S=_TEXT    G=(none)   M=C:\BORLAND\BCC55\LIB\CW32.LIB|tzdata ACBP=A9
 0001:000DC470 000001C8 C=CODE    S=_TEXT    G=(none)   M=C:\BORLAND\BCC55\LIB\CW32.LIB|tzset ACBP=A9
 0001:000DC638 00000008 C=CODE    S=_TEXT    G=(none)   M=C:\BORLAND\BCC55\LIB\CW32.LIB|_tzset ACBP=A9
 0001:000DC640 00000017 C=CODE    S=_TEXT    G=(none)   M=C:\BORLAND\BCC55\LIB\CW32.LIB|clock ACBP=A9
 0001:000DC658 0000009E C=CODE    S=_TEXT    G=(none)   M=C:\BORLAND\BCC55\LIB\CW32.LIB|ftime ACBP=A9
 0001:000DC6F8 00000156 C=CODE    S=_TEXT    G=(none)   M=C:\BORLAND\BCC55\LIB\CW32.LIB|statcvt ACBP=A9
 0001:000DC850 0000004D C=CODE    S=_TEXT    G=(none)   M=C:\BORLAND\BCC55\LIB\CW32.LIB|time ACBP=A9
 0001:000DC8A0 00001BA2 C=CODE    S=_TEXT    G=(none)   M=C:\BORLAND\BCC55\LIB\CW32.LIB|xx ACBP=A9
 0002:000003D4 000000A4 C=DATA    S=_DATA    G=DGROUP   M=C:\BORLAND\BCC55\LIB\C0W32.OBJ ACBP=A9
 0002:00000478 000037F0 C=DATA    S=_DATA    G=DGROUP   M=C:\HTI\SISMASTER\SISMASTER.OBJ ACBP=A9
 0002:00003C68 0000A410 C=DATA    S=_DATA    G=DGROUP   M=C:\HTI\SISMASTER\MASTERDBF.OBJ ACBP=A9
 0002:0000E078 00001574 C=DATA    S=_DATA    G=DGROUP   M=C:\HTI\SISMASTER\MASTERCFG.OBJ ACBP=A9
 0002:0000F5EC 00000D38 C=DATA    S=_DATA    G=DGROUP   M=C:\HTI\SISMASTER\ERRORSYS.OBJ ACBP=A9
 0002:00010324 00004820 C=DATA    S=_DATA    G=DGROUP   M=C:\HTI\SISMASTER\MAST00.OBJ ACBP=A9
 0002:00014B44 000013B8 C=DATA    S=_DATA    G=DGROUP   M=C:\HTI\SISMASTER\MASTERCDX.OBJ ACBP=A9
 0002:00015EFC 00001E28 C=DATA    S=_DATA    G=DGROUP   M=C:\HTI\SISMASTER\MAST130.OBJ ACBP=A9
 0002:00017D24 000016BC C=DATA    S=_DATA    G=DGROUP   M=C:\HTI\SISMASTER\SACCID.OBJ ACBP=A9
 0002:000193E0 00001F64 C=DATA    S=_DATA    G=DGROUP   M=C:\HTI\SISMASTER\MAST110.OBJ ACBP=A9
 0002:0001B344 00000F2C C=DATA    S=_DATA    G=DGROUP   M=C:\HTI\SISMASTER\MAST120.OBJ ACBP=A9
 0002:0001C270 0000E2A0 C=DATA    S=_DATA    G=DGROUP   M=C:\HTI\SISMASTER\MAST200.OBJ ACBP=A9
 0002:0002A510 00001454 C=DATA    S=_DATA    G=DGROUP   M=C:\HTI\SISMASTER\MAST201.OBJ ACBP=A9
 0002:0002B964 00007BEC C=DATA    S=_DATA    G=DGROUP   M=C:\HTI\SISMASTER\MAST30.OBJ ACBP=A9
 0002:00033550 00001CEC C=DATA    S=_DATA    G=DGROUP   M=C:\HTI\SISMASTER\MAST301.OBJ ACBP=A9
 0002:0003523C 00000768 C=DATA    S=_DATA    G=DGROUP   M=C:\HTI\SISMASTER\MAST36.OBJ ACBP=A9
 0002:000359A4 00001280 C=DATA    S=_DATA    G=DGROUP   M=C:\HTI\SISMASTER\MAST37.OBJ ACBP=A9
 0002:00036C24 00003178 C=DATA    S=_DATA    G=DGROUP   M=C:\HTI\SISMASTER\MAST38.OBJ ACBP=A9
 0002:00039D9C 000056F8 C=DATA    S=_DATA    G=DGROUP   M=C:\HTI\SISMASTER\SACREC.OBJ ACBP=A9
 0002:0003F494 00003B78 C=DATA    S=_DATA    G=DGROUP   M=C:\HTI\SISMASTER\CON22.OBJ ACBP=A9
 0002:0004300C 00002A98 C=DATA    S=_DATA    G=DGROUP   M=C:\HTI\SISMASTER\CON211.OBJ ACBP=A9
 0002:00045AA4 00000BD0 C=DATA    S=_DATA    G=DGROUP   M=C:\HTI\SISMASTER\SACRCCOM.OBJ ACBP=A9
 0002:00046674 000016F8 C=DATA    S=_DATA    G=DGROUP   M=C:\HTI\SISMASTER\SAC140.OBJ ACBP=A9
 0002:00047D6C 000021E4 C=DATA    S=_DATA    G=DGROUP   M=C:\HTI\SISMASTER\SAC141.OBJ ACBP=A9
 0002:00049F50 0000064C C=DATA    S=_DATA    G=DGROUP   M=C:\HTI\SISMASTER\SAC142.OBJ ACBP=A9
 0002:0004A59C 00006600 C=DATA    S=_DATA    G=DGROUP   M=C:\HTI\SISMASTER\MAST33.OBJ ACBP=A9
 0002:00050B9C 00001268 C=DATA    S=_DATA    G=DGROUP   M=C:\HTI\SISMASTER\MAST202.OBJ ACBP=A9
 0002:00051E04 00000F8C C=DATA    S=_DATA    G=DGROUP   M=C:\HTI\SISMASTER\MAST203.OBJ ACBP=A9
 0002:00052D90 0001DE24 C=DATA    S=_DATA    G=DGROUP   M=C:\HTI\SISMASTER\MASTFUN.OBJ ACBP=A9
 0002:00070BB4 00000664 C=DATA    S=_DATA    G=DGROUP   M=C:\HTI\SISMASTER\MAST341.OBJ ACBP=A9
 0002:00071218 00000948 C=DATA    S=_DATA    G=DGROUP   M=C:\HTI\SISMASTER\MAST204.OBJ ACBP=A9
 0002:00071B60 000003D0 C=DATA    S=_DATA    G=DGROUP   M=C:\HTI\SISMASTER\MASTERUTIL.OBJ ACBP=A9
 0002:00071F30 00001A78 C=DATA    S=_DATA    G=DGROUP   M=C:\HTI\SISMASTER\MASTER_DBF.OBJ ACBP=A9
 0002:000739A8 00001210 C=DATA    S=_DATA    G=DGROUP   M=C:\HTI\SISMASTER\MASTGRUPO.OBJ ACBP=A9
 0002:00074BB8 000015A8 C=DATA    S=_DATA    G=DGROUP   M=C:\HTI\SISMASTER\MAST50.OBJ ACBP=A9
 0002:00076160 00004DC0 C=DATA    S=_DATA    G=DGROUP   M=C:\HTI\SISMASTER\MAST51.OBJ ACBP=A9
 0002:0007AF20 00005330 C=DATA    S=_DATA    G=DGROUP   M=C:\HTI\SISMASTER\MAST2001.OBJ ACBP=A9
 0002:00080250 00002AC4 C=DATA    S=_DATA    G=DGROUP   M=C:\HTI\SISMASTER\MAST610.OBJ ACBP=A9
 0002:00082D14 0000048C C=DATA    S=_DATA    G=DGROUP   M=C:\HTI\SISMASTER\MAST40.OBJ ACBP=A9
 0002:000831A0 00003ACC C=DATA    S=_DATA    G=DGROUP   M=C:\HTI\SISMASTER\MAST52.OBJ ACBP=A9
 0002:00086C6C 00000C00 C=DATA    S=_DATA    G=DGROUP   M=C:\HTI\SISMASTER\MAST53.OBJ ACBP=A9
 0002:0008786C 00004240 C=DATA    S=_DATA    G=DGROUP   M=C:\HTI\SISMASTER\MAST2002.OBJ ACBP=A9
 0002:0008BAAC 0000260C C=DATA    S=_DATA    G=DGROUP   M=C:\HTI\SISMASTER\MAST19.OBJ ACBP=A9
 0002:0008E0B8 0000A8A4 C=DATA    S=_DATA    G=DGROUP   M=C:\HTI\SISMASTER\SACNFCE.OBJ ACBP=A9
 0002:0009895C 00005170 C=DATA    S=_DATA    G=DGROUP   M=C:\HTI\SISMASTER\SACTEF.OBJ ACBP=A9
 0002:0009DACC 00001554 C=DATA    S=_DATA    G=DGROUP   M=C:\HTI\SISMASTER\IMPACBR.OBJ ACBP=A9
 0002:0009F020 00000F14 C=DATA    S=_DATA    G=DGROUP   M=C:\HTI\SISMASTER\SAC_NCM.OBJ ACBP=A9
 0002:0009FF34 00005470 C=DATA    S=_DATA    G=DGROUP   M=C:\HTI\SISMASTER\SAC211.OBJ ACBP=A9
 0002:000A53A4 000092D8 C=DATA    S=_DATA    G=DGROUP   M=C:\HTI\SISMASTER\SACNF_E.OBJ ACBP=A9
 0002:000AE67C 00001EA0 C=DATA    S=_DATA    G=DGROUP   M=C:\HTI\SISMASTER\SAC1OP.OBJ ACBP=A9
 0002:000B051C 000017B0 C=DATA    S=_DATA    G=DGROUP   M=C:\HTI\SISMASTER\SAUTORIZA.OBJ ACBP=A9
 0002:000B1CCC 00000A84 C=DATA    S=_DATA    G=DGROUP   M=C:\HTI\SISMASTER\MASTBAL.OBJ ACBP=A9
 0002:000B2750 00002408 C=DATA    S=_DATA    G=DGROUP   M=C:\HTI\SISMASTER\SAC31_1.OBJ ACBP=A9
 0002:000B4B58 000021B4 C=DATA    S=_DATA    G=DGROUP   M=C:\HTI\SISMASTER\SAC5DES.OBJ ACBP=A9
 0002:000B6D0C 00002E24 C=DATA    S=_DATA    G=DGROUP   M=C:\HTI\SISMASTER\SAC5NOT1.OBJ ACBP=A9
 0002:000B9B30 000019FC C=DATA    S=_DATA    G=DGROUP   M=C:\HTI\SISMASTER\SAC5NOT2.OBJ ACBP=A9
 0002:000BB52C 000019B8 C=DATA    S=_DATA    G=DGROUP   M=C:\HTI\SISMASTER\SAC5NOT3.OBJ ACBP=A9
 0002:000BCEE4 00001C54 C=DATA    S=_DATA    G=DGROUP   M=C:\HTI\SISMASTER\SAC5NOT4.OBJ ACBP=A9
 0002:000BEB38 0000107C C=DATA    S=_DATA    G=DGROUP   M=C:\HTI\SISMASTER\SAC5NOT6.OBJ ACBP=A9
 0002:000BFBB4 00001D54 C=DATA    S=_DATA    G=DGROUP   M=C:\HTI\SISMASTER\SAC5NOT7.OBJ ACBP=A9
 0002:000C1908 000012B4 C=DATA    S=_DATA    G=DGROUP   M=C:\HTI\SISMASTER\SAC5NOT8.OBJ ACBP=A9
 0002:000C2BBC 00005938 C=DATA    S=_DATA    G=DGROUP   M=C:\HTI\SISMASTER\HTIPLUB.OBJ ACBP=A9
 0002:000C84F4 00000D20 C=DATA    S=_DATA    G=DGROUP   M=C:\HTI\SISMASTER\MASTEXCE.OBJ ACBP=A9
 0002:000C9214 00000EA4 C=DATA    S=_DATA    G=DGROUP   M=C:\HTI\SISMASTER\MAST54.OBJ ACBP=A9
 0002:000CA0B8 00001B94 C=DATA    S=_DATA    G=DGROUP   M=C:\HTI\SISMASTER\MAST700.OBJ ACBP=A9
 0002:000CBC4C 00000B50 C=DATA    S=_DATA    G=DGROUP   M=C:\HTI\SISMASTER\MAST710.OBJ ACBP=A9
 0002:000CC79C 00000CBC C=DATA    S=_DATA    G=DGROUP   M=C:\HTI\SISMASTER\MAST750.OBJ ACBP=A9
 0002:000CD458 00000E58 C=DATA    S=_DATA    G=DGROUP   M=C:\HTI\SISMASTER\MASTCUSTO.OBJ ACBP=A9
 0002:000CE2B0 00000988 C=DATA    S=_DATA    G=DGROUP   M=C:\XHARBOUR997\LIB\LANG.LIB|msgen ACBP=A9
 0002:000CEC38 00000AE8 C=DATA    S=_DATA    G=DGROUP   M=C:\XHARBOUR997\LIB\LANG.LIB|msges ACBP=A9
 0002:000CF720 000001A0 C=DATA    S=_DATA    G=DGROUP   M=C:\XHARBOUR997\LIB\VM.LIB|arrayshb ACBP=A9
 0002:000CF8C0 0000056C C=DATA    S=_DATA    G=DGROUP   M=C:\XHARBOUR997\LIB\VM.LIB|classes ACBP=A9
 0002:000CFE2C 000000E4 C=DATA    S=_DATA    G=DGROUP   M=C:\XHARBOUR997\LIB\VM.LIB|cmdarg ACBP=A9
 0002:000CFF10 00000034 C=DATA    S=_DATA    G=DGROUP   M=C:\XHARBOUR997\LIB\VM.LIB|codebloc ACBP=A9
 0002:000CFF44 00000004 C=DATA    S=_DATA    G=DGROUP   M=C:\XHARBOUR997\LIB\VM.LIB|do ACBP=A9
 0002:000CFF48 00000014 C=DATA    S=_DATA    G=DGROUP   M=C:\XHARBOUR997\LIB\VM.LIB|dynsym ACBP=A9
 0002:000CFF5C 000001D4 C=DATA    S=_DATA    G=DGROUP   M=C:\XHARBOUR997\LIB\VM.LIB|errorapi ACBP=A9
 0002:000D0130 00000144 C=DATA    S=_DATA    G=DGROUP   M=C:\XHARBOUR997\LIB\VM.LIB|estack ACBP=A9
 0002:000D0274 0000001C C=DATA    S=_DATA    G=DGROUP   M=C:\XHARBOUR997\LIB\VM.LIB|eval ACBP=A9
 0002:000D0290 00000008 C=DATA    S=_DATA    G=DGROUP   M=C:\XHARBOUR997\LIB\VM.LIB|evalhb ACBP=A9
 0002:000D0298 00000004 C=DATA    S=_DATA    G=DGROUP   M=C:\XHARBOUR997\LIB\VM.LIB|extend ACBP=A9
 0002:000D029C 00000044 C=DATA    S=_DATA    G=DGROUP   M=C:\XHARBOUR997\LIB\VM.LIB|garbage ACBP=A9
 0002:000D02E0 00000328 C=DATA    S=_DATA    G=DGROUP   M=C:\XHARBOUR997\LIB\VM.LIB|hash ACBP=A9
 0002:000D0608 000000E0 C=DATA    S=_DATA    G=DGROUP   M=C:\XHARBOUR997\LIB\VM.LIB|hbi18n ACBP=A9
 0002:000D06E8 00000DC8 C=DATA    S=_DATA    G=DGROUP   M=C:\XHARBOUR997\LIB\VM.LIB|hvm ACBP=A9
 0002:000D14B0 00000284 C=DATA    S=_DATA    G=DGROUP   M=C:\XHARBOUR997\LIB\VM.LIB|inet ACBP=A9
 0002:000D1734 00000568 C=DATA    S=_DATA    G=DGROUP   M=C:\XHARBOUR997\LIB\VM.LIB|initsymb ACBP=A9
 0002:000D1C9C 00000034 C=DATA    S=_DATA    G=DGROUP   M=C:\XHARBOUR997\LIB\VM.LIB|itemapi ACBP=A9
 0002:000D1CD0 000000A8 C=DATA    S=_DATA    G=DGROUP   M=C:\XHARBOUR997\LIB\VM.LIB|fastitem ACBP=A9
 0002:000D1D78 00000024 C=DATA    S=_DATA    G=DGROUP   M=C:\XHARBOUR997\LIB\VM.LIB|macro ACBP=A9
 0002:000D1D9C 00000004 C=DATA    S=_DATA    G=DGROUP   M=C:\XHARBOUR997\LIB\VM.LIB|mainwin ACBP=A9
 0002:000D1DA0 00000124 C=DATA    S=_DATA    G=DGROUP   M=C:\XHARBOUR997\LIB\VM.LIB|memvars ACBP=A9
 0002:000D1EC4 000000C8 C=DATA    S=_DATA    G=DGROUP   M=C:\XHARBOUR997\LIB\VM.LIB|proc ACBP=A9
 0002:000D1F8C 0000001C C=DATA    S=_DATA    G=DGROUP   M=C:\XHARBOUR997\LIB\VM.LIB|thread ACBP=A9
 0002:000D1FA8 00000008 C=DATA    S=_DATA    G=DGROUP   M=C:\XHARBOUR997\LIB\VM.LIB|throw ACBP=A9
 0002:000D1FB0 00000444 C=DATA    S=_DATA    G=DGROUP   M=C:\XHARBOUR997\LIB\VM.LIB|harbinit ACBP=A9
 0002:000D23F4 00000004 C=DATA    S=_DATA    G=DGROUP   M=C:\XHARBOUR997\LIB\RTL.LIB|abs ACBP=A9
 0002:000D23F8 0000000C C=DATA    S=_DATA    G=DGROUP   M=C:\XHARBOUR997\LIB\RTL.LIB|at ACBP=A9
 0002:000D2404 00000010 C=DATA    S=_DATA    G=DGROUP   M=C:\XHARBOUR997\LIB\RTL.LIB|bkgtsks ACBP=A9
 0002:000D2414 0000000C C=DATA    S=_DATA    G=DGROUP   M=C:\XHARBOUR997\LIB\RTL.LIB|box ACBP=A9
 0002:000D2420 00000264 C=DATA    S=_DATA    G=DGROUP   M=C:\XHARBOUR997\LIB\RTL.LIB|cdpapi ACBP=A9
 0002:000D2684 00000008 C=DATA    S=_DATA    G=DGROUP   M=C:\XHARBOUR997\LIB\RTL.LIB|chrasc ACBP=A9
 0002:000D268C 00000004 C=DATA    S=_DATA    G=DGROUP   M=C:\XHARBOUR997\LIB\RTL.LIB|colorind ACBP=A9
 0002:000D2690 0000002C C=DATA    S=_DATA    G=DGROUP   M=C:\XHARBOUR997\LIB\RTL.LIB|console ACBP=A9
 0002:000D26BC 00000010 C=DATA    S=_DATA    G=DGROUP   M=C:\XHARBOUR997\LIB\RTL.LIB|datec ACBP=A9
 0002:000D26CC 00000040 C=DATA    S=_DATA    G=DGROUP   M=C:\XHARBOUR997\LIB\RTL.LIB|dates ACBP=A9
 0002:000D270C 00000034 C=DATA    S=_DATA    G=DGROUP   M=C:\XHARBOUR997\LIB\RTL.LIB|dateshb ACBP=A9
 0002:000D2740 00000018 C=DATA    S=_DATA    G=DGROUP   M=C:\XHARBOUR997\LIB\RTL.LIB|direct ACBP=A9
 0002:000D2758 00000024 C=DATA    S=_DATA    G=DGROUP   M=C:\XHARBOUR997\LIB\RTL.LIB|diskspac ACBP=A9
 0002:000D277C 00000018 C=DATA    S=_DATA    G=DGROUP   M=C:\XHARBOUR997\LIB\RTL.LIB|filesys ACBP=A9
 0002:000D2794 00000004 C=DATA    S=_DATA    G=DGROUP   M=C:\XHARBOUR997\LIB\RTL.LIB|fserror ACBP=A9
 0002:000D2798 00000094 C=DATA    S=_DATA    G=DGROUP   M=C:\XHARBOUR997\LIB\RTL.LIB|fparse ACBP=A9
 0002:000D282C 00000004 C=DATA    S=_DATA    G=DGROUP   M=C:\XHARBOUR997\LIB\RTL.LIB|fstemp ACBP=A9
 0002:000D2830 00000004 C=DATA    S=_DATA    G=DGROUP   M=C:\XHARBOUR997\LIB\RTL.LIB|gete ACBP=A9
 0002:000D2834 00000184 C=DATA    S=_DATA    G=DGROUP   M=C:\XHARBOUR997\LIB\RTL.LIB|gtapi ACBP=A9
 0002:000D29B8 00000068 C=DATA    S=_DATA    G=DGROUP   M=C:\XHARBOUR997\LIB\RTL.LIB|gx ACBP=A9
 0002:000D2A20 00000060 C=DATA    S=_DATA    G=DGROUP   M=C:\XHARBOUR997\LIB\RTL.LIB|hbbitf ACBP=A9
 0002:000D2A80 00000020 C=DATA    S=_DATA    G=DGROUP   M=C:\XHARBOUR997\LIB\RTL.LIB|hbffind ACBP=A9
 0002:000D2AA0 00000024 C=DATA    S=_DATA    G=DGROUP   M=C:\XHARBOUR997\LIB\RTL.LIB|hbhex2n ACBP=A9
 0002:000D2AC4 00000004 C=DATA    S=_DATA    G=DGROUP   M=C:\XHARBOUR997\LIB\RTL.LIB|hbrandom ACBP=A9
 0002:000D2AC8 00000018 C=DATA    S=_DATA    G=DGROUP   M=C:\XHARBOUR997\LIB\RTL.LIB|idle ACBP=A9
 0002:000D2AE0 0000002C C=DATA    S=_DATA    G=DGROUP   M=C:\XHARBOUR997\LIB\RTL.LIB|inkey ACBP=A9
 0002:000D2B0C 00000060 C=DATA    S=_DATA    G=DGROUP   M=C:\XHARBOUR997\LIB\RTL.LIB|langapi ACBP=A9
 0002:000D2B6C 00000008 C=DATA    S=_DATA    G=DGROUP   M=C:\XHARBOUR997\LIB\RTL.LIB|left ACBP=A9
 0002:000D2B74 00000004 C=DATA    S=_DATA    G=DGROUP   M=C:\XHARBOUR997\LIB\RTL.LIB|len ACBP=A9
 0002:000D2B78 00000154 C=DATA    S=_DATA    G=DGROUP   M=C:\XHARBOUR997\LIB\RTL.LIB|math ACBP=A9
 0002:000D2CCC 00000004 C=DATA    S=_DATA    G=DGROUP   M=C:\XHARBOUR997\LIB\RTL.LIB|memofile ACBP=A9
 0002:000D2CD0 00000008 C=DATA    S=_DATA    G=DGROUP   M=C:\XHARBOUR997\LIB\RTL.LIB|minmax ACBP=A9
 0002:000D2CD8 00000010 C=DATA    S=_DATA    G=DGROUP   M=C:\XHARBOUR997\LIB\RTL.LIB|mouseapi ACBP=A9
 0002:000D2CE8 00000038 C=DATA    S=_DATA    G=DGROUP   M=C:\XHARBOUR997\LIB\RTL.LIB|natmsg ACBP=A9
 0002:000D2D20 00000004 C=DATA    S=_DATA    G=DGROUP   M=C:\XHARBOUR997\LIB\RTL.LIB|oemansi ACBP=A9
 0002:000D2D24 00000004 C=DATA    S=_DATA    G=DGROUP   M=C:\XHARBOUR997\LIB\RTL.LIB|padc ACBP=A9
 0002:000D2D28 00000004 C=DATA    S=_DATA    G=DGROUP   M=C:\XHARBOUR997\LIB\RTL.LIB|padl ACBP=A9
 0002:000D2D2C 00000004 C=DATA    S=_DATA    G=DGROUP   M=C:\XHARBOUR997\LIB\RTL.LIB|padr ACBP=A9
 0002:000D2D30 000000E0 C=DATA    S=_DATA    G=DGROUP   M=C:\XHARBOUR997\LIB\RTL.LIB|philes ACBP=A9
 0002:000D2E10 00000020 C=DATA    S=_DATA    G=DGROUP   M=C:\XHARBOUR997\LIB\RTL.LIB|philesx ACBP=A9
 0002:000D2E30 0000008C C=DATA    S=_DATA    G=DGROUP   M=C:\XHARBOUR997\LIB\RTL.LIB|regex ACBP=A9
 0002:000D2EBC 0000000C C=DATA    S=_DATA    G=DGROUP   M=C:\XHARBOUR997\LIB\RTL.LIB|replic ACBP=A9
 0002:000D2EC8 00000004 C=DATA    S=_DATA    G=DGROUP   M=C:\XHARBOUR997\LIB\RTL.LIB|right ACBP=A9
 0002:000D2ECC 0000000C C=DATA    S=_DATA    G=DGROUP   M=C:\XHARBOUR997\LIB\RTL.LIB|round ACBP=A9
 0002:000D2ED8 00000008 C=DATA    S=_DATA    G=DGROUP   M=C:\XHARBOUR997\LIB\RTL.LIB|seconds ACBP=A9
 0002:000D2EE0 000000AC C=DATA    S=_DATA    G=DGROUP   M=C:\XHARBOUR997\LIB\RTL.LIB|set ACBP=A9
 0002:000D2F8C 00000008 C=DATA    S=_DATA    G=DGROUP   M=C:\XHARBOUR997\LIB\RTL.LIB|space ACBP=A9
 0002:000D2F94 00000004 C=DATA    S=_DATA    G=DGROUP   M=C:\XHARBOUR997\LIB\RTL.LIB|spfiles ACBP=A9
 0002:000D2F98 00000004 C=DATA    S=_DATA    G=DGROUP   M=C:\XHARBOUR997\LIB\RTL.LIB|str ACBP=A9
 0002:000D2F9C 0000000C C=DATA    S=_DATA    G=DGROUP   M=C:\XHARBOUR997\LIB\RTL.LIB|strcase ACBP=A9
 0002:000D2FA8 00000004 C=DATA    S=_DATA    G=DGROUP   M=C:\XHARBOUR997\LIB\RTL.LIB|strdel ACBP=A9
 0002:000D2FAC 0000000C C=DATA    S=_DATA    G=DGROUP   M=C:\XHARBOUR997\LIB\RTL.LIB|strtran ACBP=A9
 0002:000D2FB8 0000000C C=DATA    S=_DATA    G=DGROUP   M=C:\XHARBOUR997\LIB\RTL.LIB|strzero ACBP=A9
 0002:000D2FC4 00000004 C=DATA    S=_DATA    G=DGROUP   M=C:\XHARBOUR997\LIB\RTL.LIB|stuff ACBP=A9
 0002:000D2FC8 00000008 C=DATA    S=_DATA    G=DGROUP   M=C:\XHARBOUR997\LIB\RTL.LIB|substr ACBP=A9
 0002:000D2FD0 00000004 C=DATA    S=_DATA    G=DGROUP   M=C:\XHARBOUR997\LIB\RTL.LIB|teditorl ACBP=A9
 0002:000D2FD4 00000090 C=DATA    S=_DATA    G=DGROUP   M=C:\XHARBOUR997\LIB\RTL.LIB|tprinter ACBP=A9
 0002:000D3064 0000002C C=DATA    S=_DATA    G=DGROUP   M=C:\XHARBOUR997\LIB\RTL.LIB|trace ACBP=A9
 0002:000D3090 0000016C C=DATA    S=_DATA    G=DGROUP   M=C:\XHARBOUR997\LIB\RTL.LIB|transfrm ACBP=A9
 0002:000D31FC 00000010 C=DATA    S=_DATA    G=DGROUP   M=C:\XHARBOUR997\LIB\RTL.LIB|trim ACBP=A9
 0002:000D320C 0000000C C=DATA    S=_DATA    G=DGROUP   M=C:\XHARBOUR997\LIB\RTL.LIB|txtline ACBP=A9
 0002:000D3218 00000008 C=DATA    S=_DATA    G=DGROUP   M=C:\XHARBOUR997\LIB\RTL.LIB|type ACBP=A9
 0002:000D3220 00000004 C=DATA    S=_DATA    G=DGROUP   M=C:\XHARBOUR997\LIB\RTL.LIB|val ACBP=A9
 0002:000D3224 0000000C C=DATA    S=_DATA    G=DGROUP   M=C:\XHARBOUR997\LIB\RTL.LIB|valtype ACBP=A9
 0002:000D3230 0000005C C=DATA    S=_DATA    G=DGROUP   M=C:\XHARBOUR997\LIB\RTL.LIB|version ACBP=A9
 0002:000D328C 00000008 C=DATA    S=_DATA    G=DGROUP   M=C:\XHARBOUR997\LIB\RTL.LIB|word ACBP=A9
 0002:000D3294 00000008 C=DATA    S=_DATA    G=DGROUP   M=C:\XHARBOUR997\LIB\RTL.LIB|xhelp ACBP=A9
 0002:000D329C 00000004 C=DATA    S=_DATA    G=DGROUP   M=C:\XHARBOUR997\LIB\RTL.LIB|xsavescr ACBP=A9
 0002:000D32A0 00001B90 C=DATA    S=_DATA    G=DGROUP   M=C:\XHARBOUR997\LIB\RTL.LIB|achoice ACBP=A9
 0002:000D4E30 00001010 C=DATA    S=_DATA    G=DGROUP   M=C:\XHARBOUR997\LIB\RTL.LIB|alert ACBP=A9
 0002:000D5E40 00000158 C=DATA    S=_DATA    G=DGROUP   M=C:\XHARBOUR997\LIB\RTL.LIB|browdb ACBP=A9
 0002:000D5F98 00000800 C=DATA    S=_DATA    G=DGROUP   M=C:\XHARBOUR997\LIB\RTL.LIB|color53 ACBP=A9
 0002:000D6798 00000FD8 C=DATA    S=_DATA    G=DGROUP   M=C:\XHARBOUR997\LIB\RTL.LIB|cstr ACBP=A9
 0002:000D7770 00000118 C=DATA    S=_DATA    G=DGROUP   M=C:\XHARBOUR997\LIB\RTL.LIB|devoutp ACBP=A9
 0002:000D7888 0000011C C=DATA    S=_DATA    G=DGROUP   M=C:\XHARBOUR997\LIB\RTL.LIB|getlist ACBP=A9
 0002:000D79A4 00001004 C=DATA    S=_DATA    G=DGROUP   M=C:\XHARBOUR997\LIB\RTL.LIB|getsys ACBP=A9
 0002:000D89A8 00000C1C C=DATA    S=_DATA    G=DGROUP   M=C:\XHARBOUR997\LIB\RTL.LIB|hbserial ACBP=A9
 0002:000D95C4 00003C94 C=DATA    S=_DATA    G=DGROUP   M=C:\XHARBOUR997\LIB\RTL.LIB|listbox ACBP=A9
 0002:000DD258 000000DC C=DATA    S=_DATA    G=DGROUP   M=C:\XHARBOUR997\LIB\RTL.LIB|memvarbl ACBP=A9
 0002:000DD334 00000954 C=DATA    S=_DATA    G=DGROUP   M=C:\XHARBOUR997\LIB\RTL.LIB|menuto ACBP=A9
 0002:000DDC88 00000BEC C=DATA    S=_DATA    G=DGROUP   M=C:\XHARBOUR997\LIB\RTL.LIB|mssgline ACBP=A9
 0002:000DE874 00001128 C=DATA    S=_DATA    G=DGROUP   M=C:\XHARBOUR997\LIB\RTL.LIB|objfunc ACBP=A9
 0002:000DF99C 000000E8 C=DATA    S=_DATA    G=DGROUP   M=C:\XHARBOUR997\LIB\RTL.LIB|readvar ACBP=A9
 0002:000DFA84 00001840 C=DATA    S=_DATA    G=DGROUP   M=C:\XHARBOUR997\LIB\RTL.LIB|scrollbr ACBP=A9
 0002:000E12C4 000011D8 C=DATA    S=_DATA    G=DGROUP   M=C:\XHARBOUR997\LIB\RTL.LIB|tbcolumn ACBP=A9
 0002:000E249C 00009450 C=DATA    S=_DATA    G=DGROUP   M=C:\XHARBOUR997\LIB\RTL.LIB|tbrowse ACBP=A9
 0002:000EB8EC 00002A34 C=DATA    S=_DATA    G=DGROUP   M=C:\XHARBOUR997\LIB\RTL.LIB|tclass ACBP=A9
 0002:000EE320 000005A8 C=DATA    S=_DATA    G=DGROUP   M=C:\XHARBOUR997\LIB\RTL.LIB|terror ACBP=A9
 0002:000EE8C8 00005934 C=DATA    S=_DATA    G=DGROUP   M=C:\XHARBOUR997\LIB\RTL.LIB|tget ACBP=A9
 0002:000F41FC 000003B0 C=DATA    S=_DATA    G=DGROUP   M=C:\XHARBOUR997\LIB\RTL.LIB|tgetint ACBP=A9
 0002:000F45AC 00003CC8 C=DATA    S=_DATA    G=DGROUP   M=C:\XHARBOUR997\LIB\RTL.LIB|tgetlist ACBP=A9
 0002:000F8274 0000079C C=DATA    S=_DATA    G=DGROUP   M=C:\XHARBOUR997\LIB\RTL.LIB|tobject ACBP=A9
 0002:000F8A10 0000040C C=DATA    S=_DATA    G=DGROUP   M=C:\XHARBOUR997\LIB\RTL.LIB|traceprg ACBP=A9
 0002:000F8E1C 000021E4 C=DATA    S=_DATA    G=DGROUP   M=C:\XHARBOUR997\LIB\RTL.LIB|win32ole ACBP=A9
 0002:000FB000 00000518 C=DATA    S=_DATA    G=DGROUP   M=C:\XHARBOUR997\LIB\RTL.LIB|winos ACBP=A9
 0002:000FB518 000003C0 C=DATA    S=_DATA    G=DGROUP   M=C:\XHARBOUR997\LIB\RTL.LIB|winreg ACBP=A9
 0002:000FB8D8 000004CC C=DATA    S=_DATA    G=DGROUP   M=C:\XHARBOUR997\LIB\RDD.LIB|dbcmd ACBP=A9
 0002:000FBDA4 00000028 C=DATA    S=_DATA    G=DGROUP   M=C:\XHARBOUR997\LIB\RDD.LIB|workarea ACBP=A9
 0002:000FBDCC 0000020C C=DATA    S=_DATA    G=DGROUP   M=C:\XHARBOUR997\LIB\RDD.LIB|dbf1 ACBP=A9
 0002:000FBFD8 00000304 C=DATA    S=_DATA    G=DGROUP   M=C:\XHARBOUR997\LIB\RDD.LIB|rddord ACBP=A9
 0002:000FC2DC 0000006C C=DATA    S=_DATA    G=DGROUP   M=C:\XHARBOUR997\LIB\RDD.LIB|rddsys ACBP=A9
 0002:000FC348 00002D48 C=DATA    S=_DATA    G=DGROUP   M=C:\XHARBOUR997\LIB\MACRO.LIB|macroy ACBP=A9
 0002:000FF090 0000003E C=DATA    S=_DATA    G=DGROUP   M=C:\XHARBOUR997\LIB\MACRO.LIB|macroa ACBP=A9
 0002:000FF0D0 00000158 C=DATA    S=_DATA    G=DGROUP   M=C:\XHARBOUR997\LIB\MACRO.LIB|macrob ACBP=A9
 0002:000FF228 00000C44 C=DATA    S=_DATA    G=DGROUP   M=C:\XHARBOUR997\LIB\MACRO.LIB|macroslx ACBP=A9
 0002:000FFE6C 0000054C C=DATA    S=_DATA    G=DGROUP   M=C:\XHARBOUR997\LIB\DBFNTX.LIB|dbfntx1 ACBP=A9
 0002:001003B8 00000280 C=DATA    S=_DATA    G=DGROUP   M=C:\XHARBOUR997\LIB\DBFFPT.LIB|dbffpt1 ACBP=A9
 0002:00100638 00000F38 C=DATA    S=_DATA    G=DGROUP   M=C:\XHARBOUR997\LIB\DBFCDX.LIB|dbfcdx1 ACBP=A9
 0002:00101570 0000175C C=DATA    S=_DATA    G=DGROUP   M=C:\XHARBOUR997\LIB\WVWTOOLS.LIB|gchckbox ACBP=A9
 0002:00102CCC 00002DFC C=DATA    S=_DATA    G=DGROUP   M=C:\XHARBOUR997\LIB\WVWTOOLS.LIB|getsys ACBP=A9
 0002:00105AC8 000040B4 C=DATA    S=_DATA    G=DGROUP   M=C:\XHARBOUR997\LIB\WVWTOOLS.LIB|glistbox ACBP=A9
 0002:00109B7C 00001538 C=DATA    S=_DATA    G=DGROUP   M=C:\XHARBOUR997\LIB\WVWTOOLS.LIB|gpushbtn ACBP=A9
 0002:0010B0B4 00001C5C C=DATA    S=_DATA    G=DGROUP   M=C:\XHARBOUR997\LIB\WVWTOOLS.LIB|gradigrp ACBP=A9
 0002:0010CD10 000016E4 C=DATA    S=_DATA    G=DGROUP   M=C:\XHARBOUR997\LIB\WVWTOOLS.LIB|gtwvw ACBP=A9
 0002:0010E3F4 0000182C C=DATA    S=_DATA    G=DGROUP   M=C:\XHARBOUR997\LIB\WVWTOOLS.LIB|middlwvw ACBP=A9
 0002:0010FC20 00001924 C=DATA    S=_DATA    G=DGROUP   M=C:\XHARBOUR997\LIB\WVWTOOLS.LIB|tappl ACBP=A9
 0002:00111544 000046A4 C=DATA    S=_DATA    G=DGROUP   M=C:\XHARBOUR997\LIB\WVWTOOLS.LIB|tgetlist ACBP=A9
 0002:00115BE8 000027D4 C=DATA    S=_DATA    G=DGROUP   M=C:\XHARBOUR997\LIB\WVWTOOLS.LIB|ttabpage ACBP=A9
 0002:001183BC 000055FC C=DATA    S=_DATA    G=DGROUP   M=C:\XHARBOUR997\LIB\WVWTOOLS.LIB|twindows ACBP=A9
 0002:0011D9B8 000016A0 C=DATA    S=_DATA    G=DGROUP   M=C:\XHARBOUR997\LIB\WVWTOOLS.LIB|wvwmisc ACBP=A9
 0002:0011F058 00001104 C=DATA    S=_DATA    G=DGROUP   M=C:\SQLRDD997\LIB\BC5\SQL.LIB|sqly ACBP=A9
 0002:0012015C 000047C0 C=DATA    S=_DATA    G=DGROUP   M=C:\SQLRDD997\LIB\BC5\SQL.LIB|sqlconnection ACBP=A9
 0002:0012491C 000070AC C=DATA    S=_DATA    G=DGROUP   M=C:\SQLRDD997\LIB\BC5\SQL.LIB|sqlrdd0 ACBP=A9
 0002:0012B9C8 00023630 C=DATA    S=_DATA    G=DGROUP   M=C:\SQLRDD997\LIB\BC5\SQL.LIB|sqlrdd2 ACBP=A9
 0002:0014EFF8 00004EC4 C=DATA    S=_DATA    G=DGROUP   M=C:\SQLRDD997\LIB\BC5\SQL.LIB|utils ACBP=A9
 0002:00153EBC 00005A24 C=DATA    S=_DATA    G=DGROUP   M=C:\SQLRDD997\LIB\BC5\SQL.LIB|sqlgen1 ACBP=A9
 0002:001598E0 00002310 C=DATA    S=_DATA    G=DGROUP   M=C:\SQLRDD997\LIB\BC5\SQL.LIB|utilslang ACBP=A9
 0002:0015BBF0 00001514 C=DATA    S=_DATA    G=DGROUP   M=C:\SQLRDD997\LIB\BC5\SQL.LIB|sqlfirebird ACBP=A9
 0002:0015D104 0000009C C=DATA    S=_DATA    G=DGROUP   M=C:\SQLRDD997\LIB\BC5\SQL.LIB|sqlact ACBP=A9
 0002:0015D1A0 00000458 C=DATA    S=_DATA    G=DGROUP   M=C:\SQLRDD997\LIB\BC5\SQL.LIB|firebird ACBP=A9
 0002:0015D5F8 00000010 C=DATA    S=_DATA    G=DGROUP   M=C:\SQLRDD997\LIB\BC5\SQL.LIB|sqllex ACBP=A9
 0002:0015D608 000006E4 C=DATA    S=_DATA    G=DGROUP   M=C:\SQLRDD997\LIB\BC5\SQL.LIB|sqlrdd1 ACBP=A9
 0002:0015DCEC 0000359C C=DATA    S=_DATA    G=DGROUP   M=C:\SQLRDD997\LIB\BC5\SQL.LIB|sqlora ACBP=A9
 0002:00161288 00000008 C=DATA    S=_DATA    G=DGROUP   M=C:\XHARBOUR997\LIB\COMMON.LIB|hbfsapi ACBP=A9
 0002:00161290 00000088 C=DATA    S=_DATA    G=DGROUP   M=C:\XHARBOUR997\LIB\COMMON.LIB|hbstr ACBP=A9
 0002:00161318 000000C0 C=DATA    S=_DATA    G=DGROUP   M=C:\XHARBOUR997\LIB\COMMON.LIB|hbtrace ACBP=A9
 0002:001613D8 00000FCC C=DATA    S=_DATA    G=DGROUP   M=C:\XHARBOUR997\LIB\COMMON.LIB|hbver ACBP=A9
 0002:001623A4 000001AC C=DATA    S=_DATA    G=DGROUP   M=C:\XHARBOUR997\LIB\COMMON.LIB|expropt1 ACBP=A9
 0002:00162550 0000025C C=DATA    S=_DATA    G=DGROUP   M=C:\XHARBOUR997\LIB\COMMON.LIB|reserved ACBP=A9
 0002:001627AC 00000094 C=DATA    S=_DATA    G=DGROUP   M=C:\XHARBOUR997\LIB\CODEPAGE.LIB|cpesdos ACBP=A9
 0002:00162840 000000B0 C=DATA    S=_DATA    G=DGROUP   M=C:\XHARBOUR997\LIB\CODEPAGE.LIB|cpesmwin ACBP=A9
 0002:001628F0 00000098 C=DATA    S=_DATA    G=DGROUP   M=C:\XHARBOUR997\LIB\CODEPAGE.LIB|cpeswin ACBP=A9
 0002:00162988 000000B8 C=DATA    S=_DATA    G=DGROUP   M=C:\XHARBOUR997\LIB\CODEPAGE.LIB|cppt850 ACBP=A9
 0002:00162A40 00000218 C=DATA    S=_DATA    G=DGROUP   M=C:\XHARBOUR997\LIB\CODEPAGE.LIB|uc850 ACBP=A9
 0002:00162C58 0000021C C=DATA    S=_DATA    G=DGROUP   M=C:\XHARBOUR997\LIB\CODEPAGE.LIB|uc8859_1 ACBP=A9
 0002:00162E74 00000440 C=DATA    S=_DATA    G=DGROUP   M=C:\XHARBOUR997\LIB\PCREPOS.LIB|chartables ACBP=A9
 0002:001632B4 0000025C C=DATA    S=_DATA    G=DGROUP   M=C:\XHARBOUR997\LIB\PCREPOS.LIB|pcreposix ACBP=A9
 0002:00163510 000009B4 C=DATA    S=_DATA    G=DGROUP   M=C:\XHARBOUR997\LIB\PCREPOS.LIB|pcre_compile ACBP=A9
 0002:00163EC4 0000000C C=DATA    S=_DATA    G=DGROUP   M=C:\XHARBOUR997\LIB\PCREPOS.LIB|pcre_exec ACBP=A9
 0002:00163ED0 00000014 C=DATA    S=_DATA    G=DGROUP   M=C:\XHARBOUR997\LIB\PCREPOS.LIB|pcre_globals ACBP=A9
 0002:00163EE4 00000274 C=DATA    S=_DATA    G=DGROUP   M=C:\XHARBOUR997\LIB\PCREPOS.LIB|pcre_tables ACBP=A9
 0002:00164158 000161E8 C=DATA    S=_DATA    G=DGROUP   M=C:\XHARBOUR997\LIB\PCREPOS.LIB|pcre_ucp_findchar ACBP=A9
 0002:0017A340 00000004 C=DATA    S=_DATA    G=DGROUP   M=C:\BORLAND\BCC55\LIB\CW32.LIB|virtmem ACBP=A9
 0002:0017A344 00000098 C=DATA    S=_DATA    G=DGROUP   M=C:\BORLAND\BCC55\LIB\CW32.LIB|hrdir_b ACBP=A9
 0002:0017A3DC 00000020 C=DATA    S=_DATA    G=DGROUP   M=C:\BORLAND\BCC55\LIB\CW32.LIB|hrdir_s ACBP=A9
 0002:0017A3FC 00000040 C=DATA    S=_DATA    G=DGROUP   M=C:\BORLAND\BCC55\LIB\CW32.LIB|heap ACBP=A9
 0002:0017A43C 00000014 C=DATA    S=_DATA    G=DGROUP   M=C:\BORLAND\BCC55\LIB\CW32.LIB|strerror ACBP=A9
 0002:0017A450 00000004 C=DATA    S=_DATA    G=DGROUP   M=C:\BORLAND\BCC55\LIB\CW32.LIB|xx_xpf ACBP=A9
 0002:0017A454 00000330 C=DATA    S=_DATA    G=DGROUP   M=C:\BORLAND\BCC55\LIB\CW32.LIB|xxtype ACBP=A9
 0002:0017A774 0000003C C=DATA    S=_DATA    G=DGROUP   M=C:\BORLAND\BCC55\LIB\CW32.LIB|xxut ACBP=A9
 0002:0017A7B0 000000E4 C=DATA    S=_DATA    G=DGROUP   M=C:\BORLAND\BCC55\LIB\CW32.LIB|xxv ACBP=A9
 0002:0017A894 00000014 C=DATA    S=_DATA    G=DGROUP   M=C:\BORLAND\BCC55\LIB\CW32.LIB|except ACBP=A9
 0002:0017A8A8 0000000C C=DATA    S=_DATA    G=DGROUP   M=C:\BORLAND\BCC55\LIB\CW32.LIB|__dup2 ACBP=A9
 0002:0017A8B4 00000004 C=DATA    S=_DATA    G=DGROUP   M=C:\BORLAND\BCC55\LIB\CW32.LIB|_cfinfo ACBP=A9
 0002:0017A8B8 00000004 C=DATA    S=_DATA    G=DGROUP   M=C:\BORLAND\BCC55\LIB\CW32.LIB|_umask ACBP=A9
 0002:0017A8BC 00000004 C=DATA    S=_DATA    G=DGROUP   M=C:\BORLAND\BCC55\LIB\CW32.LIB|cfinfo ACBP=A9
 0002:0017A8C0 000004B0 C=DATA    S=_DATA    G=DGROUP   M=C:\BORLAND\BCC55\LIB\CW32.LIB|files ACBP=A9
 0002:0017AD70 000000CC C=DATA    S=_DATA    G=DGROUP   M=C:\BORLAND\BCC55\LIB\CW32.LIB|files2 ACBP=A9
 0002:0017AE3C 00000004 C=DATA    S=_DATA    G=DGROUP   M=C:\BORLAND\BCC55\LIB\CW32.LIB|fmode ACBP=A9
 0002:0017AE40 00000004 C=DATA    S=_DATA    G=DGROUP   M=C:\BORLAND\BCC55\LIB\CW32.LIB|fmodeptr ACBP=A9
 0002:0017AE44 0000012B C=DATA    S=_DATA    G=DGROUP   M=C:\BORLAND\BCC55\LIB\CW32.LIB|ioerror ACBP=A9
 0002:0017AF70 0000000C C=DATA    S=_DATA    G=DGROUP   M=C:\BORLAND\BCC55\LIB\CW32.LIB|mkname ACBP=A9
 0002:0017AF7C 0000047C C=DATA    S=_DATA    G=DGROUP   M=C:\BORLAND\BCC55\LIB\CW32.LIB|perror ACBP=A9
 0002:0017B3F8 00000082 C=DATA    S=_DATA    G=DGROUP   M=C:\BORLAND\BCC55\LIB\CW32.LIB|scanner ACBP=A9
 0002:0017B47C 00000018 C=DATA    S=_DATA    G=DGROUP   M=C:\BORLAND\BCC55\LIB\CW32.LIB|stat ACBP=A9
 0002:0017B494 00000076 C=DATA    S=_DATA    G=DGROUP   M=C:\BORLAND\BCC55\LIB\CW32.LIB|vprinter ACBP=A9
 0002:0017B50C 00000202 C=DATA    S=_DATA    G=DGROUP   M=C:\BORLAND\BCC55\LIB\CW32.LIB|bigctype ACBP=A9
 0002:0017B710 0000003C C=DATA    S=_DATA    G=DGROUP   M=C:\BORLAND\BCC55\LIB\CW32.LIB|cconv ACBP=A9
 0002:0017B74C 00000050 C=DATA    S=_DATA    G=DGROUP   M=C:\BORLAND\BCC55\LIB\CW32.LIB|convt ACBP=A9
 0002:0017B79C 00000100 C=DATA    S=_DATA    G=DGROUP   M=C:\BORLAND\BCC55\LIB\CW32.LIB|clower ACBP=A9
 0002:0017B89C 00000100 C=DATA    S=_DATA    G=DGROUP   M=C:\BORLAND\BCC55\LIB\CW32.LIB|cupper ACBP=A9
 0002:0017B99C 00000118 C=DATA    S=_DATA    G=DGROUP   M=C:\BORLAND\BCC55\LIB\CW32.LIB|locale ACBP=A9
 0002:0017BAB4 00000260 C=DATA    S=_DATA    G=DGROUP   M=C:\BORLAND\BCC55\LIB\CW32.LIB|clocale ACBP=A9
 0002:0017BD14 00000068 C=DATA    S=_DATA    G=DGROUP   M=C:\BORLAND\BCC55\LIB\CW32.LIB|initcat ACBP=A9
 0002:0017BD7C 00000010 C=DATA    S=_DATA    G=DGROUP   M=C:\BORLAND\BCC55\LIB\CW32.LIB|_matherr ACBP=A9
 0002:0017BD8C 000000C0 C=DATA    S=_DATA    G=DGROUP   M=C:\BORLAND\BCC55\LIB\CW32.LIB|_pow10 ACBP=A9
 0002:0017BE4C 00000068 C=DATA    S=_DATA    G=DGROUP   M=C:\BORLAND\BCC55\LIB\CW32.LIB|cvtfak ACBP=A9
 0002:0017BEB4 00000068 C=DATA    S=_DATA    G=DGROUP   M=C:\BORLAND\BCC55\LIB\CW32.LIB|cvtfakw ACBP=A9
 0002:0017BF1C 00000004 C=DATA    S=_DATA    G=DGROUP   M=C:\BORLAND\BCC55\LIB\CW32.LIB|deflt87 ACBP=A9
 0002:0017BF20 0000000C C=DATA    S=_DATA    G=DGROUP   M=C:\BORLAND\BCC55\LIB\CW32.LIB|exp ACBP=A9
 0002:0017BF2C 00000012 C=DATA    S=_DATA    G=DGROUP   M=C:\BORLAND\BCC55\LIB\CW32.LIB|f87exp ACBP=A9
 0002:0017BF40 00000016 C=DATA    S=_DATA    G=DGROUP   M=C:\BORLAND\BCC55\LIB\CW32.LIB|f87log ACBP=A9
 0002:0017BF58 0000007C C=DATA    S=_DATA    G=DGROUP   M=C:\BORLAND\BCC55\LIB\CW32.LIB|hugeval ACBP=A9
 0002:0017BFD4 00000008 C=DATA    S=_DATA    G=DGROUP   M=C:\BORLAND\BCC55\LIB\CW32.LIB|initcvt ACBP=A9
 0002:0017BFDC 0000000C C=DATA    S=_DATA    G=DGROUP   M=C:\BORLAND\BCC55\LIB\CW32.LIB|log ACBP=A9
 0002:0017BFE8 00000008 C=DATA    S=_DATA    G=DGROUP   M=C:\BORLAND\BCC55\LIB\CW32.LIB|mathptr ACBP=A9
 0002:0017BFF0 00000044 C=DATA    S=_DATA    G=DGROUP   M=C:\BORLAND\BCC55\LIB\CW32.LIB|mathwhy ACBP=A9
 0002:0017C034 0000001C C=DATA    S=_DATA    G=DGROUP   M=C:\BORLAND\BCC55\LIB\CW32.LIB|pow ACBP=A9
 0002:0017C050 00000008 C=DATA    S=_DATA    G=DGROUP   M=C:\BORLAND\BCC55\LIB\CW32.LIB|rand ACBP=A9
 0002:0017C058 00000014 C=DATA    S=_DATA    G=DGROUP   M=C:\BORLAND\BCC55\LIB\CW32.LIB|realcvt ACBP=A9
 0002:0017C06C 00000028 C=DATA    S=_DATA    G=DGROUP   M=C:\BORLAND\BCC55\LIB\CW32.LIB|realcvtw ACBP=A9
 0002:0017C094 00000028 C=DATA    S=_DATA    G=DGROUP   M=C:\BORLAND\BCC55\LIB\CW32.LIB|scantod ACBP=A9
 0002:0017C0BC 00000028 C=DATA    S=_DATA    G=DGROUP   M=C:\BORLAND\BCC55\LIB\CW32.LIB|scanwtod ACBP=A9
 0002:0017C0E4 00000010 C=DATA    S=_DATA    G=DGROUP   M=C:\BORLAND\BCC55\LIB\CW32.LIB|sqrt ACBP=A9
 0002:0017C0F4 00000048 C=DATA    S=_DATA    G=DGROUP   M=C:\BORLAND\BCC55\LIB\CW32.LIB|mbctype ACBP=A9
 0002:0017C13C 00000024 C=DATA    S=_DATA    G=DGROUP   M=C:\BORLAND\BCC55\LIB\CW32.LIB|assert ACBP=A9
 0002:0017C160 00000024 C=DATA    S=_DATA    G=DGROUP   M=C:\BORLAND\BCC55\LIB\CW32.LIB|ermsghlp ACBP=A9
 0002:0017C184 00000004 C=DATA    S=_DATA    G=DGROUP   M=C:\BORLAND\BCC55\LIB\CW32.LIB|errno ACBP=A9
 0002:0017C188 00000010 C=DATA    S=_DATA    G=DGROUP   M=C:\BORLAND\BCC55\LIB\CW32.LIB|errormsg ACBP=A9
 0002:0017C198 00000028 C=DATA    S=_DATA    G=DGROUP   M=C:\BORLAND\BCC55\LIB\CW32.LIB|platform ACBP=A9
 0002:0017C1C0 00000020 C=DATA    S=_DATA    G=DGROUP   M=C:\BORLAND\BCC55\LIB\CW32.LIB|abort ACBP=A9
[...]
 0002:00000467      __hInstance
 0002:0000046C      ___CPPdebugHook
 0002:0000046C      ___CPPdebugHook_segment
 0002:00000470      __PackageInfoTable
 0002:00000478      @D2_1
 0002:00000F5C      _OAPP
 0002:00003C68      @D3_1
 0002:0000E078      @D4_1
 0002:0000F5EC      @D5_1
 0002:00010324      @D6_1
 0002:00014B44      @D7_1
 0002:00015EFC      @D8_1
 0002:00017D24      @D9_1
 0002:000193E0      @D10_1
 0002:0001B344      @D11_1
 0002:0001C270      @D12_1
 0002:0002A510      @D13_1
 0002:0002B964      @D14_1
 0002:00033550      @D15_1
 0002:0003523C      @D16_1
 0002:000359A4      @D17_1
 0002:00036C24      @D18_1
 0002:00039D9C      @D19_1
 0002:0003F494      @D20_1
 0002:0004300C      @D21_1
 0002:00045AA4      @D22_1
 0002:00046674      @D23_1
 0002:00047D6C      @D24_1
 0002:00049F50      @D25_1
 0002:0004A59C      @D26_1
 0002:00050B9C      @D27_1
 0002:00051E04      @D28_1
 0002:00052D90      @D29_1
 0002:00070BB4      @D30_1
 0002:00071218      @D31_1
 0002:00071B60      @D32_1
 0002:00071F30      @D33_1
 0002:000739A8      @D34_1
 0002:00074BB8      @D35_1
 0002:00076160      @D36_1
 0002:0007AF20      @D37_1
 0002:00080250      @D38_1
 0002:00082D14      @D39_1
 0002:000831A0      @D40_1
 0002:00086C6C      @D41_1
 0002:0008786C      @D42_1
 0002:0008BAAC      @D43_1
 0002:0008E0B8      @D44_1
 0002:0009895C      @D45_1
 0002:0009DACC      @D46_1
 0002:0009F020      @D47_1
 0002:0009FF34      @D48_1
 0002:000A53A4      @D49_1
 0002:000AE67C      @D50_1
 0002:000B051C      @D51_1
 0002:000B1CCC      @D52_1
 0002:000B2750      @D53_1
 0002:000B4B58      @D54_1
 0002:000B6D0C      @D55_1
 0002:000B9B30      @D56_1
 0002:000BB52C      @D57_1
 0002:000BCEE4      @D58_1
 0002:000BEB38      @D59_1
 0002:000BFBB4      @D60_1
 0002:000C1908      @D61_1
 0002:000C2BBC      @D62_1
 0002:000C84F4      @D63_1
 0002:000C9214      @D64_1
 0002:000CA0B8      @D65_1
 0002:000CBC4C      @D66_1
 0002:000CC79C      @D67_1
 0002:000CD458      @D68_1
 0002:000CE2B0      @D121_1
 0002:000CEC38      @D125_1
 0002:000CF720      @D209_1
 0002:000CF8C0      @D215_1
 0002:000CF8E8      _hb_cls_uiArrayClass
 0002:000CF8EA      _hb_cls_uiBlockClass
 0002:000CF8EC      _hb_cls_uiCharacterClass
 0002:000CF8EE      _hb_cls_uiDateClass
 0002:000CF8F0      _hb_cls_uiLogicalClass
 0002:000CF8F2      _hb_cls_uiNilClass
 0002:000CF8F4      _hb_cls_uiNumericClass
 0002:000CF8F6      _hb_cls_uiPointerClass
 0002:000CF8F8      _hb_cls_uiHashClass
 0002:000CF8FC      _hb_symDestructor
 0002:000CFE2C      @D217_1
 0002:000CFE34      _b_MouseEnable
 0002:000CFE38      _hb_hInstance
 0002:000CFE3C      _hb_hPrevInstance
 0002:000CFE40      _hb_iCmdShow
 0002:000CFE44      _s_WinMainParam
 0002:000CFF10      @D219_1
 0002:000CFF44      @D225_1
 0002:000CFF48      @D229_1
 0002:000CFF5C      @D231_1
 0002:000D0130      _hb_stack_ptr
 0002:000D0130      @D233_1
 0002:000D0134      _hb_stack_ready
 0002:000D0274      @D235_1
 0002:000D0290      @D237_1
 0002:000D0298      @D239_1
 0002:000D029C      @D243_1
 0002:000D02A8      _hb_gc_bReleaseAll
 0002:000D02E0      @D245_1
 0002:000D0608      @D247_1
 0002:000D06E8      @D249_1
 0002:000D06E8      _hb_vm_iExtraParamsIndex
 0002:000D06EC      _hb_vm_iExtraElementsIndex
 0002:000D06F0      _hb_vm_iExtraElements
 0002:000D06F8      _pHVMFuncService
 0002:000D06FC      _hb_bProfiler
 0002:000D0700      _hb_bTracePrgCalls
 0002:000D0704      _hb_symEval
 0002:000D072C      _hb_vm_pFunDbgEntry
 0002:000D0734      _hb_vm_sNull
 0002:000D0738      _hb_vm_acAscii
 0002:000D0B38      _hb_vm_bWithObject
 0002:000D0B3C      _hb_vm_wEnumCollectionCounter
 0002:000D0B40      _hb_vm_iTry
 0002:000D0B44      _hb_vm_BreakBlock
 0002:000D14B0      @D251_1
 0002:000D1734      @D255_1
 0002:000D1C9C      @D257_1
 0002:000D1CD0      @D259_1
 0002:000D1D78      @D261_1
 0002:000D1D78      _hb_comp_bShortCuts
 0002:000D1D9C      @D267_1
 0002:000D1DA0      @D269_1
 0002:000D1EC4      @D275_1
 0002:000D1F8C      @D281_1
 0002:000D1FA8      @D283_1
 0002:000D1FB0      @D285_1
 0002:000D23F4      @D287_1
 0002:000D23F8      @D293_1
 0002:000D2404      @D295_1
 0002:000D2414      @D301_1
 0002:000D2420      @D303_1
 0002:000D2620      _hb_uniTbl_437
 0002:000D2674      _hb_cdp_page
 0002:000D2684      @D305_1
 0002:000D268C      @D307_1
 0002:000D2690      @D309_1
 0002:000D26BC      @D313_1
 0002:000D26CC      @D315_1
 0002:000D270C      @D317_1
 0002:000D2740      @D327_1
 0002:000D2758      @D329_1
 0002:000D277C      @D343_1
 0002:000D2794      @D345_1
 0002:000D2798      @D351_1
 0002:000D282C      @D355_1
 0002:000D2830      @D357_1
 0002:000D2834      @D361_1
 0002:000D284C      _hb_gt_gcoldefs
 0002:000D29B8      @D367_1
 0002:000D2A20      @D371_1
 0002:000D2A80      @D381_1
 0002:000D2AA0      @D383_1
 0002:000D2AC4      @D389_1
 0002:000D2AC8      @D399_1
 0002:000D2ADC      _hb_vm_bCollectGarbage
 0002:000D2AE0      @D401_1
 0002:000D2B0C      @D407_1
 0002:000D2B6C      @D409_1
 0002:000D2B74      @D411_1
 0002:000D2B78      @D415_1
 0002:000D2CCC      @D419_1
 0002:000D2CD0      @D421_1
 0002:000D2CD8      @D429_1
 0002:000D2CE8      @D435_1
 0002:000D2D20      @D439_1
 0002:000D2D24      @D447_1
 0002:000D2D28      @D449_1
 0002:000D2D2C      @D451_1
 0002:000D2D30      @D453_1
 0002:000D2E10      @D457_1
 0002:000D2E30      @D463_1
 0002:000D2EBC      @D465_1
 0002:000D2EC8      @D467_1
 0002:000D2ECC      @D469_1
 0002:000D2ED8      @D479_1
 0002:000D2EE0      _hb_set_ptr
 0002:000D2EE0      @D481_1
 0002:000D2F8C      @D501_1
 0002:000D2F94      @D503_1
 0002:000D2F98      @D505_1
 0002:000D2F9C      @D509_1
 0002:000D2FA8      @D511_1
 0002:000D2FAC      @D519_1
 0002:000D2FB8      @D521_1
 0002:000D2FC4      @D523_1
 0002:000D2FC8      @D525_1
 0002:000D2FD0      @D527_1
 0002:000D2FD4      @D531_1
 0002:000D3064      @D533_1
 0002:000D3090      @D535_1
 0002:000D31FC      @D537_1
 0002:000D320C      @D539_1
 0002:000D3218      @D541_1
 0002:000D3220      @D543_1
 0002:000D3224      @D547_1
 0002:000D3230      @D549_1
 0002:000D328C      @D551_1
 0002:000D3294      @D553_1
 0002:000D329C      @D555_1
 0002:000D32A0      @D557_1
 0002:000D4E30      @D561_1
 0002:000D5E40      @D565_1
 0002:000D5F98      @D573_1
 0002:000D6798      @D575_1
 0002:000D7770      @D583_1
 0002:000D7888      @D597_1
 0002:000D79A4      @D599_1
 0002:000D89A8      @D607_1
 0002:000D95C4      @D611_1
 0002:000DD258      @D615_1
 0002:000DD334      @D617_1
 0002:000DDC88      @D619_1
 0002:000DE874      @D621_1
 0002:000DF99C      @D637_1
 0002:000DFA84      @D641_1
 0002:000E12C4      @D651_1
 0002:000E249C      @D653_1
 0002:000EB8EC      @D655_1
 0002:000EE320      @D659_1
 0002:000EE8C8      @D663_1
 0002:000F41FC      @D665_1
 0002:000F45AC      @D667_1
 0002:000F8274      @D673_1
 0002:000F8A10      @D677_1
 0002:000F8E1C      @D697_1
 0002:000FB000      @D701_1
 0002:000FB518      @D703_1
 0002:000FB8D8      @D705_1
 0002:000FBDA4      @D707_1
 0002:000FBDCC      @D709_1
 0002:000FBFD8      @D737_1
 0002:000FC2DC      @D739_1
 0002:000FC348      @D741_1
 0002:000FF090      @D743_1
 0002:000FF0D0      @D745_1
 0002:000FF0D0      _hb_comp_ExprTable
 0002:000FF228      @D749_1
 0002:000FF25C      _yytext
 0002:000FF31C      _aPairs
 0002:000FFE6C      @D761_1
 0002:001003B8      @D767_1
 0002:00100638      @D797_1
 0002:00101570      @D799_1
 0002:00102CCC      @D801_1
 0002:00105AC8      @D803_1
 0002:00109B7C      @D805_1
 0002:0010B0B4      @D809_1
 0002:0010CD10      @D811_1
 0002:0010E3F4      @D815_1
 0002:0010FC20      @D817_1
 0002:00111544      @D819_1
 0002:00115BE8      @D825_1
 0002:001183BC      @D831_1
 0002:00119770      _SAWINDOWS
 0002:00119788      _OWINACTIVE
 0002:0011D9B8      @D835_1
 0002:0011F058      @D848_1
 0002:0012015C      @D852_1
 0002:0012491C      @D854_1
 0002:001253A0      _LHIDERECNO
 0002:001253B8      _LHIDEHISTORIC
 0002:001253D0      _LMULTILANG
 0002:001253E8      _LGOTOPONSCOPE
 0002:00125400      _LSERIALIZEDASSTRING
 0002:0012B9C8      @D856_1
 0002:0014EFF8      @D857_1
 0002:00153EBC      @D859_1
 0002:00154330      _BTABLEINFO
 0002:00154348      _BINDEXINFO
 0002:001598E0      @D861_1
 0002:00159984      _NBASELANG
 0002:0015999C      _NSECONDLANG
 0002:001599B4      _NROOTLANG
 0002:0015BBF0      @D867_1
 0002:0015D104      @D871_1
 0002:0015D1A0      @D873_1
 0002:0015D1AC      _divider
 0002:0015D5F8      @D875_1
 0002:0015D608      @D883_1
 0002:0015DCEC      __sqlo_sqloraID
 0002:0015DCEC      @D885_1
 0002:0015DCF0      _sqlo_major_version
 0002:0015DCF4      _sqlo_minor_version
 0002:0015DCF8      _sqlo_micro_version
 0002:0015DCFC      _sqlo_interface_age
 0002:0015DD00      _sqlo_binary_age
 0002:0015DD04      _sqlora8_major_version
 0002:0015DD08      _sqlora8_minor_version
 0002:0015DD0C      _sqlora8_micro_version
 0002:0015DD10      _sqlora8_interface_age
 0002:0015DD14      _sqlora8_binary_age
 0002:00161288      @D1077_1
 0002:00161290      @D1083_1
 0002:00161318      @D1085_1
 0002:00161318      _hb_tr_file_
 0002:0016131C      _hb_tr_line_
 0002:00161320      _hb_tr_level_
 0002:001613D8      @D1087_1
 0002:001623A4      @D1089_1
 0002:00162550      @D1093_1
 0002:001627AC      @D1107_1
 0002:00162840      @D1109_1
 0002:001628F0      @D1111_1
 0002:00162988      @D1145_1
 0002:00162A40      @D1185_0
 0002:00162C40      _hb_uniTbl_850
 0002:00162C58      @D1191_0
 0002:00162E58      _hb_uniTbl_8859_1
 0002:00162E74      __pcre_default_tables
 0002:00162E74      @D1207_0
 0002:001632B4      @D1209_1
 0002:00163510      @D1211_1
 0002:00163EC4      @D1217_1
 0002:00163ED0      _pcre_malloc
 0002:00163ED0      @D1223_0
 0002:00163ED4      _pcre_free
 0002:00163ED8      _pcre_stack_malloc
 0002:00163EDC      _pcre_stack_free
 0002:00163EE0      _pcre_callout
 0002:00163EE4      @D1237_0
 0002:00163EE4      __pcre_utf8_table1
 0002:00163EFC      __pcre_utf8_table1_size
 0002:00163F00      __pcre_utf8_table2
 0002:00163F18      __pcre_utf8_table3
 0002:00163F30      __pcre_utt
 0002:00164058      __pcre_utt_size
 0002:0016405C      __pcre_OP_lengths
 0002:001640AD      __pcre_utf8_table4
 0002:00164158      @D1241_1
 0002:0017A340      @D1295_1
 0002:0017A344      @D1297_1
 0002:0017A3DC      @D1307_1
 0002:0017A3E0      __heap_redirector
 0002:0017A3FC      @D1313_1
 0002:0017A3FC      __virt_heap_size
 0002:0017A400      __virt_chunk_size
 0002:0017A404      __virt_chunk_size2
 0002:0017A408      __nv_heap_size
 0002:0017A40C      __smalloc_threshold
 0002:0017A410      __virt_chunk_free
 0002:0017A414      __virt_chunk_free2
 0002:0017A418      __firstHeap
 0002:0017A41C      __lastHeap
 0002:0017A420      __linktable
 0002:0017A424      __freeStart
 0002:0017A430      __rover
 0002:0017A438      ___allocated
 0002:0017A43C      @D1537_1
 0002:0017A450      @D1607_0
 0002:0017A450      ___xxPersonality
 0002:0017A454      @D1609_1
 0002:0017A774      @D1611_1
 0002:0017A774      ___terminatePTR
 0002:0017A778      ___unexpectdPTR
 0002:0017A77C      @_$CHNC$@std@terminate$qv
 0002:0017A79C      @_$ECTOC$@std@terminate$qv
 0002:0017A7B0      @D1613_1
 0002:0017A7B0      ___CPPexceptionList
 0002:0017A7B4      ___exceptFlags
 0002:0017A7B8      ___throwFileName
 0002:0017A7BC      ___throwLineNumber
 0002:0017A7C0      ___throwExceptionName
 0002:0017A7C4      ___exceptStaticBuffP
 0002:0017A7C8      ___exceptMemAllocVars
 0002:0017A7CC      ___ExceptStaticXbuff
 0002:0017A84C      __ExceptVarsSize
 0002:0017A860      @_$CHNC$@__call_terminate$qv
 0002:0017A880      @_$ECTOC$@__call_terminate$qv
 0002:0017A894      __stkchk
 0002:0017A894      @D1619_1
 0002:0017A8A8      @D1635_1
 0002:0017A8B4      __cfinfo_get
 0002:0017A8B4      @D1655_1
 0002:0017A8B8      __notUmask
 0002:0017A8B8      @D1709_1
 0002:0017A8BC      @D1735_0
 0002:0017A8BC      __fileinfo
 0002:0017A8C0      __streams
 0002:0017A8C0      @D1805_0
 0002:0017AD70      @D1807_0
 0002:0017AD70      __nfile
 0002:0017AD74      __openfd
 0002:0017AE3C      @D1817_0
 0002:0017AE3C      __fmode
 0002:0017AE40      @D1819_1
 0002:0017AE40      __fmodeptr
 0002:0017AE44      __dosErrorToSV
 0002:0017AE44      @D1882_1
 0002:0017AF70      @D1906_1
 0002:0017AF7C      @D1914_1
 0002:0017AF7C      __sys_errlist
 0002:0017B040      __sys_nerr
 0002:0017B3F8      @D1941_1
 0002:0017B47C      @D1976_1
 0002:0017B494      @D2008_1
 0002:0017B50C      @D2088_0
 0002:0017B50C      __chartype
 0002:0017B710      @D2090_1
 0002:0017B710      __localeconvention
 0002:0017B74C      @D2092_1
 0002:0017B79C      @D2094_0
 0002:0017B79C      __lower
 0002:0017B89C      __upper
 0002:0017B89C      @D2098_0
 0002:0017B99C      @D2114_1
 0002:0017B99C      ___mb_cur_max
 0002:0017B9A0      ___localeLock
 0002:0017BAB4      _CMonetary
 0002:0017BAB4      @D2116_0
 0002:0017BAE8      _CNumeric
 0002:0017BB00      _CTimeDate
 0002:0017BBC4      _CLOCALE
 0002:0017BBF0      ___locale
 0002:0017BD14      @D2118_1
 0002:0017BD7C      @D2242_1
 0002:0017BD8C      @D2248_1
 0002:0017BE4C      @D2303_1
 0002:0017BE4C      __realcvtptr
 0002:0017BE50      __nextrealptr
 0002:0017BE54      __scantodptr
 0002:0017BE58      __scanrsltptr
 0002:0017BEB4      @D2305_1
 0002:0017BEB4      __realcvtwptr
 0002:0017BEB8      __nextrealwptr
 0002:0017BEBC      __scanwtodptr
 0002:0017BEC0      __scanwrsltptr
 0002:0017BF1C      __default87
 0002:0017BF1C      @D2307_0
 0002:0017BF20      @D2313_1
 0002:0017BF2C      @D2321_1
 0002:0017BF40      @D2323_1
 0002:0017BF58      __huge_flt
 0002:0017BF58      @D2361_0
 0002:0017BF5C      __huge_dble
 0002:0017BF64      __huge_ldble
 0002:0017BF6E      __max_flt
 0002:0017BF72      __max_dble
 0002:0017BF7A      __max_ldble
 0002:0017BF84      __indefinite
 0002:0017BF88      __tiny_ldble
 0002:0017BF94      ___ieee_64_p_inf
 0002:0017BF9C      ___ieee_64_n_inf
 0002:0017BFA4      ___ieee_64_p_nanq
 0002:0017BFAC      ___ieee_64_n_nanq
 0002:0017BFB4      ___ieee_64_p_nans
 0002:0017BFBC      ___ieee_64_n_nans
 0002:0017BFC4      ___ieee_64_p_zero
 0002:0017BFCC      ___ieee_64_n_zero
 0002:0017BFD4      __turboFloat
 0002:0017BFD4      @D2371_0
 0002:0017BFD8      __floatconvert
 0002:0017BFDC      @D2385_1
 0002:0017BFE8      @D2409_1
 0002:0017BFE8      __pmatherr
 0002:0017BFEC      __pmatherrl
 0002:0017BFF0      __mathwhy
 0002:0017BFF0      @D2413_0
 0002:0017C034      @D2423_1
 0002:0017C050      @D2435_1
 0002:0017C058      @D2437_1
 0002:0017C06C      @D2439_1
 0002:0017C094      @D2446_1
 0002:0017C0BC      @D2448_1
 0002:0017C0E4      @D2458_1
 0002:0017C0F4      @D2506_1
 0002:0017C0F4      __kalpha
 0002:0017C0F6      __kpunct
 0002:0017C13C      @D2642_1
 0002:0017C160      @D2658_1
 0002:0017C184      @D2660_1
 0002:0017C184      _errno
 0002:0017C188      __messagefunc
 0002:0017C188      @D2662_1
 0002:0017C18C      __messagefile
 0002:0017C198      @D2670_1
 0002:0017C1C0      @D2689_1
 0002:0017C1E0      ___pCallAtExitProcs
 0002:0017C1E0      @D2691_0
 0002:0017C1E4      @D2727_1
 0002:0017C1E4      __exitbuf
 0002:0017C1E8      __exitfopen
 0002:0017C1EC      __exitopen
 0002:0017C1F0      __setargv_ptr
 0002:0017C1F0      @D2747_0
 0002:0017C1F4      __exitargv_ptr
 0002:0017C1F8      @D2749_0
 0002:0017C1F8      __wsetargv_ptr
 0002:0017C1FC      __wexitargv_ptr
 0002:0017C200      __setargv__
 0002:0017C200      @D2751_1
 0002:0017C254      @D2753_1
 0002:0017C254      __cmdline_escapes
 0002:0017C27C      @D2755_1
 0002:0017C2A0      __argv_expand_ptr
 0002:0017C2A0      @D2808_0
 0002:0017C2A4      @D2810_0
 0002:0017C2A4      __wargv_expand_ptr
 0002:0017C2A8      __argv0
 0002:0017C2A8      @D2812_1
 0002:0017C2C8      __setenvp__
 0002:0017C2C8      @D2826_1
 0002:0017C31C      @D2830_1
 0002:0017C37C      __isWindows
 0002:0017C37C      @D2848_0
 0002:0017C380      @D2849_1
 0002:0017C384      @D2879_0
 0002:0017C384      __SWeekday
 0002:0017C3A0      __LWeekday
 0002:0017C3BC      __SMonth
 0002:0017C3EC      __LMonth
 0002:0017C41C      __AmPm
 0002:0017C424      __Days
 0002:0017C430      __YDays
 0002:0017C548      @D2885_1
 0002:0017C548      __timezone
 0002:0017C54C      __daylight
 0002:0017C550      __tzname
 0002:0017C550      @D2887_1
 0002:0017C560      @D2893_1
 0002:0017C564      @D2942_1
 0002:0017C564      ___debuggerDisableTerminateCallback
 0002:0017CDF0      _GUID_NULL
 0002:0017CDF0      @D3091_0
 0002:0017CE00      _IID_IEnumVARIANT
 0002:0017CE10      _IID_IDispatch
 0002:0017CE20      _IID_IPicture
 0003:00000000      @B231_2
 0003:00000008      _hb_stackST
 0003:00000008      @B233_2
 0003:00000050      @B239_2
 0003:00000068      @B241_1
 0003:0000026C      @B247_2
 0003:000003F4      _hb_vm_aiExtraParams
 0003:000003F4      @B249_2
 0003:00000434      _hb_vm_apExtraParamsSymbol
 0003:00000474      _hb_vm_aiExtraElements
 0003:000004B4      _hb_vm_iExtraIndex
 0003:000004B8      _hb_ulOpcodesCalls
 0003:00000760      _hb_ulOpcodesTime
 0003:00000A38      _hb_vm_aWithObject
 0003:00000BB8      _hb_vm_wWithObjectCounter
 0003:00000BBC      _hb_vm_aEnumCollection
 0003:00000D3C      _hb_vm_apEnumVar
 0003:00000D7C      _hb_vm_awEnumIndex
 0003:00000DBC      _hb_vm_pSequence
 0003:00000DE0      @B267_2
 0003:000010E0      @B303_2
 0003:000011E0      @B309_2
 0003:000011F4      @B327_2
 0003:0000120C      @B343_2
 0003:00001414      @B361_2
 0003:00001414      _hb_gt_gobjects
 0003:00001418      _hb_gt_gobjects_end
 0003:00001438      _hb_gtGForeground
 0003:00001440      _hb_gtGBackground
 0003:00001448      @B401_2
 0003:00001514      @B407_2
 0003:00001614      _hb_set
 0003:00001614      @B481_2
 0003:0000197C      _s_PrintFileName
 0003:00001A7C      _s_PrinterName
 0003:00001B7C      _s_isDefaultPrinterDevice
 0003:00001B80      @B491_1
 0003:00001B84      @B555_2
 0003:00001B88      @B697_2
 0003:00001BFC      @B709_2
 0003:00001D88      @B741_2
 0003:00001DCC      @B749_2
 0003:00005E90      _yyleng
 0003:00005E9C      _yyin
 0003:0000A4A8      @B761_2
 0003:0000A638      @B767_2
 0003:0000A7C4      @B797_2
 0003:0000A950      @B811_2
 0003:0000AD98      _last_gobject
 0003:0000AD9C      @B883_2
 0003:0000AE24      @B885_2
 0003:0000BA28      @B1297_2
 0003:0000BA28      __bormm_pfn_FreeMem
 0003:0000BA2C      __bormm_pfn_GetMem
 0003:0000BA30      __bormm_pfn_ReallocMem
 0003:0000BA34      __bormm_pfn_HeapAddRef
 0003:0000BA38      __bormm_pfn_HeapRelease
 0003:0000BA40      @B1537_2
 0003:0000BAE4      @B1559_1
 0003:0000BAE8      @B1609_2
 0003:0000BEF8      __DestructorCountPtr
 0003:0000BEF8      @B1613_2
 0003:0000BF00      __HandlerPtr
 0003:0000BF00      @B1619_2
 0003:0000BF04      __UserHandlerPtr
 0003:0000BF08      @B1807_1
 0003:0000BF08      __pidtab
 0003:0000BFD0      __handles
 0003:0000C098      @B1882_2
 0003:0000C098      __doserrno
 0003:0000C09C      @B1888_1
 0003:0000C0A0      __tmpnum
 0003:0000C0A0      @B1906_2
 0003:0000C0B0      __mbctype
 0003:0000C0B0      @B2506_2
 0003:0000C1B4      __mbcsCodePage
 0003:0000C1B8      @B2642_2
 0003:0000C2B8      @B2658_2
 0003:0000C2D4      __ostype
 0003:0000C2D4      @B2670_2
 0003:0000C2D8      @B2674_1
 0003:0000C2E0      @B2751_2
 0003:0000C2E0      __argv
 0003:0000C2EC      @B2753_2
 0003:0000C2F0      @B2755_2
 0003:0000C2F4      __environ
 0003:0000C2F4      @B2826_2
 0003:0000C2FC      __envsize
 0003:0000C300      __env_lock
 0003:0000C304      @B2848_1
 0003:0000C304      __C0argc
 0003:0000C308      __C0argv
 0003:0000C30C      __C0environ
 0003:0000C310      __oscmd
 0003:0000C314      __osenv
 0003:0000C318      __argc
 0003:0000C31C      __dll_table
 0003:0000C324      __ExcRegPtr
 0003:0000C328      __wosenv
 0003:0000C32C      __woscmd
 0003:0000C330      __wC0argv
 0003:0000C334      __wC0environ
 0003:0000C338      __exe_table
 0003:0000C340      __stkbase
 0003:0000C344      @B2873_1
 0003:0000C368      @B2887_2
 0003:0000C370      @B2942_2
 0003:0000C374      ___pCPPdebugHook
 0004:00000000      @T1613_3
 0004:00000000      ___xxInfo
